????????
*** Warning (spaacis/src:UNITS_NOT_EQUAL)
    save units not equal to the restored units
????????
????????
*** Warning (spaacis/src:MAX_GRID_LINES_EXCEEDED_ON_EDGE)
    Edge tolerances not met because max_grid_lines is set too low
????????
????????
*** Warning (spaacis/src:MAX_GRID_LINES_EXCEEDED_ON_EDGE)
    Edge tolerances not met because max_grid_lines is set too low
????????
????????
*** Warning (spaacis/src:MAX_GRID_LINES_EXCEEDED_ON_EDGE)
    Edge tolerances not met because max_grid_lines is set too low
????????
????????
*** Warning (spaacis/src:MAX_GRID_LINES_EXCEEDED_ON_EDGE)
    Edge tolerances not met because max_grid_lines is set too low
????????
????????
*** Warning (spaacis/src:MAX_GRID_LINES_EXCEEDED_ON_EDGE)
    Edge tolerances not met because max_grid_lines is set too low
????????
????????
*** Warning (spaacis/src:MAX_GRID_LINES_EXCEEDED_ON_EDGE)
    Edge tolerances not met because max_grid_lines is set too low
????????
????????
*** Warning (spaacis/src:MAX_GRID_LINES_EXCEEDED_ON_EDGE)
    Edge tolerances not met because max_grid_lines is set too low
????????
????????
*** Warning (spaacis/src:MAX_GRID_LINES_EXCEEDED_ON_EDGE)
    Edge tolerances not met because max_grid_lines is set too low
????????
entid  247604552: Error: overlapping tolerant vertex
 at 0.820122122765 0.000594588753 -0.566574096680
	other vertex is 247604392
	the distance is 0.014127105157
	the tolerances are 0.014185615037 and 0.004150576908
entid  146571912: Error: overlapping tolerant vertex
 at -0.000000000000 0.090008050203 -0.000000000000
	other vertex is 146571592
	the distance is 0.014128427444
	the tolerances are 0.014709389866 and 0.004850094803
entid  146570552: Error: overlapping tolerant vertex
 at 0.810206115246 0.000585878093 -0.581540524960
	other vertex is 146571672
	the distance is 0.016551938486
	the tolerances are 0.017106124960 and 0.002597907669
????????
*** Warning (spaacis/src:MAX_GRID_LINES_EXCEEDED_ON_EDGE)
    Edge tolerances not met because max_grid_lines is set too low
????????
????????
*** Warning (spaacis/src:MAX_GRID_LINES_EXCEEDED_ON_EDGE)
    Edge tolerances not met because max_grid_lines is set too low
????????
????????
*** Warning (spaacis/src:MAX_GRID_LINES_EXCEEDED_ON_EDGE)
    Edge tolerances not met because max_grid_lines is set too low
????????
????????
*** Warning (spaacis/src:MAX_GRID_LINES_EXCEEDED_ON_EDGE)
    Edge tolerances not met because max_grid_lines is set too low
????????
????????
*** Warning (spaacis/src:MAX_GRID_LINES_EXCEEDED_ON_EDGE)
    Edge tolerances not met because max_grid_lines is set too low
????????
????????
*** Warning (spaacis/src:MAX_GRID_LINES_EXCEEDED_ON_EDGE)
    Edge tolerances not met because max_grid_lines is set too low
????????
????????
*** Warning (spaacis/src:MAX_GRID_LINES_EXCEEDED_ON_EDGE)
    Edge tolerances not met because max_grid_lines is set too low
????????
????????
*** Warning (spaacis/src:MAX_GRID_LINES_EXCEEDED_ON_EDGE)
    Edge tolerances not met because max_grid_lines is set too low
????????
????????
*** Warning (spaacis/src:MAX_GRID_LINES_EXCEEDED_ON_EDGE)
    Edge tolerances not met because max_grid_lines is set too low
????????
????????
*** Warning (spaacis/src:MAX_GRID_LINES_EXCEEDED_ON_EDGE)
    Edge tolerances not met because max_grid_lines is set too low
????????
????????
*** Warning (spaacis/src:PENDING_FP_EXCEPTION_CLEARED)
    An fp-exception was pending upon entering the API block; it was cleared.
????????
????????
*** Warning (spaacis/src:MAX_GRID_LINES_EXCEEDED_ON_EDGE)
    Edge tolerances not met because max_grid_lines is set too low
????????
????????
*** Warning (spaacis/src:MAX_GRID_LINES_EXCEEDED_ON_EDGE)
    Edge tolerances not met because max_grid_lines is set too low
????????
????????
*** Warning (spaacis/src:MAX_GRID_LINES_EXCEEDED_ON_EDGE)
    Edge tolerances not met because max_grid_lines is set too low
????????
????????
*** Warning (spaacis/src:MAX_GRID_LINES_EXCEEDED_ON_EDGE)
    Edge tolerances not met because max_grid_lines is set too low
????????
????????
*** Warning (spaacis/src:MAX_GRID_LINES_EXCEEDED_ON_EDGE)
    Edge tolerances not met because max_grid_lines is set too low
????????
????????
*** Warning (spaacis/src:MAX_GRID_LINES_EXCEEDED_ON_EDGE)
    Edge tolerances not met because max_grid_lines is set too low
????????
????????
*** Warning (spaacis/src:MAX_GRID_LINES_EXCEEDED_ON_EDGE)
    Edge tolerances not met because max_grid_lines is set too low
????????
????????
*** Warning (spaacis/src:MAX_GRID_LINES_EXCEEDED_ON_EDGE)
    Edge tolerances not met because max_grid_lines is set too low
????????
entid  179416584: Error: overlapping tolerant vertex
 at -0.000000000000 0.090008050203 -0.000000000000
	other vertex is 179418264
	the distance is 0.014127992524
	the tolerances are 0.014565683262 and 0.004695428504
entid  243425320: Error: overlapping tolerant vertex
 at 0.809908032417 0.000606190588 -0.581759452820
	other vertex is 243425640
	the distance is 0.016345021968
	the tolerances are 0.016942058433 and 0.002697622487
entid  179418424: Error: overlapping tolerant vertex
 at 0.801722526550 0.010413443670 -0.587773740292
	other vertex is 243425320
	the distance is 0.014119361639
	the tolerances are 0.006847932987 and 0.016942058433
????????
*** Warning (spaacis/src:MAX_GRID_LINES_EXCEEDED_ON_EDGE)
    Edge tolerances not met because max_grid_lines is set too low
????????
????????
*** Warning (spaacis/src:MAX_GRID_LINES_EXCEEDED_ON_EDGE)
    Edge tolerances not met because max_grid_lines is set too low
????????
????????
*** Warning (spaacis/src:MAX_GRID_LINES_EXCEEDED_ON_EDGE)
    Edge tolerances not met because max_grid_lines is set too low
????????
????????
*** Warning (spaacis/src:MAX_GRID_LINES_EXCEEDED_ON_EDGE)
    Edge tolerances not met because max_grid_lines is set too low
????????
????????
*** Warning (spaacis/src:PENDING_FP_EXCEPTION_CLEARED)
    An fp-exception was pending upon entering the API block; it was cleared.
????????
????????
*** Warning (spaacis/src:PENDING_FP_EXCEPTION_CLEARED)
    An fp-exception was pending upon entering the API block; it was cleared.
????????
????????
*** Warning (spaacis/src:PENDING_FP_EXCEPTION_CLEARED)
    An fp-exception was pending upon entering the API block; it was cleared.
????????
????????
*** Warning (spaacis/src:MAX_GRID_LINES_EXCEEDED_ON_EDGE)
    Edge tolerances not met because max_grid_lines is set too low
????????
????????
*** Warning (spaacis/src:MAX_GRID_LINES_EXCEEDED_ON_EDGE)
    Edge tolerances not met because max_grid_lines is set too low
????????
????????
*** Warning (spaacis/src:MAX_GRID_LINES_EXCEEDED_ON_EDGE)
    Edge tolerances not met because max_grid_lines is set too low
????????
????????
*** Warning (spaacis/src:MAX_GRID_LINES_EXCEEDED_ON_EDGE)
    Edge tolerances not met because max_grid_lines is set too low
????????
????????
*** Warning (spaacis/src:MAX_GRID_LINES_EXCEEDED_ON_EDGE)
    Edge tolerances not met because max_grid_lines is set too low
????????
????????
*** Warning (spaacis/src:MAX_GRID_LINES_EXCEEDED_ON_EDGE)
    Edge tolerances not met because max_grid_lines is set too low
????????
????????
*** Warning (spaacis/src:MAX_GRID_LINES_EXCEEDED_ON_EDGE)
    Edge tolerances not met because max_grid_lines is set too low
????????
????????
*** Warning (spaacis/src:MAX_GRID_LINES_EXCEEDED_ON_EDGE)
    Edge tolerances not met because max_grid_lines is set too low
????????
entid  183158808: Error: overlapping tolerant vertex
 at -0.000000000000 0.090008050203 -0.000000000000
	other vertex is 183157448
	the distance is 0.014127212490
	the tolerances are 0.014290188272 and 0.004419998719
entid  183157048: Error: overlapping tolerant vertex
 at 0.808196485043 0.000572637422 -0.583298742771
	other vertex is 183157688
	the distance is 0.016107773007
	the tolerances are 0.016492750355 and 0.002563179115
entid  183157528: Error: overlapping tolerant vertex
 at 0.800018310547 0.010389190167 -0.589183151722
	other vertex is 183157048
	the distance is 0.014066752098
	the tolerances are 0.006475082287 and 0.016492750355
????????
*** Warning (spaacis/src:MAX_GRID_LINES_EXCEEDED_ON_EDGE)
    Edge tolerances not met because max_grid_lines is set too low
????????
