1
0
1
ASSEMBLY
29
CF_BEAM-1
CF_BEAM
CF_BEAM-10
CF_BEAM
CF_BEAM-11
CF_BEAM
CF_BEAM-12
CF_BEAM
CF_BEAM-13
CF_BEAM
CF_BEAM-14
CF_BEAM
CF_BEAM-15
CF_BEAM
CF_BEAM-16
CF_BEAM
CF_BEAM-2
CF_BEAM
CF_BEAM-3
CF_BEAM
CF_BEAM-4
CF_BEAM
CF_BEAM-5
CF_BEAM
CF_BEAM-6
CF_BEAM
CF_BEAM-7
CF_BEAM
CF_BEAM-8
CF_BEAM
CF_BEAM-9
CF_BEAM
SHADE-1
SHADE
SHADE-2
SHADE
SHADE-3
SHADE
SHADE-4
SHADE
SMAWIRE_(NITINOL)
SMAWIRE_(NITINOL)
SMA_BEAM-1
SMA_BEAM
SMA_BEAM-2
SMA_BEAM
SMA_BEAM-3
SMA_BEAM
SMA_BEAM-4
SMA_BEAM
SMA_BEAM-5
SMA_BEAM
SMA_BEAM-6
SMA_BEAM
SMA_BEAM-7
SMA_BEAM
SMA_BEAM-8
SMA_BEAM
29
CF_BEAM-1
3
8 1
9 2
10 3
-2147483647
CF_BEAM-10
3
11 1
12 2
13 3
-2147483647
CF_BEAM-11
3
14 1
15 2
16 3
-2147483647
CF_BEAM-12
3
17 1
18 2
19 3
-2147483647
CF_BEAM-13
3
20 1
21 2
22 3
-2147483647
CF_BEAM-14
3
23 1
24 2
25 3
-2147483647
CF_BEAM-15
3
26 1
27 2
28 3
-2147483647
CF_BEAM-16
3
29 1
30 2
31 3
-2147483647
CF_BEAM-2
3
32 1
33 2
34 3
-2147483647
CF_BEAM-3
3
35 1
36 2
37 3
-2147483647
CF_BEAM-4
3
38 1
39 2
40 3
-2147483647
CF_BEAM-5
3
41 1
42 2
43 3
-2147483647
CF_BEAM-6
3
44 1
45 2
46 3
-2147483647
CF_BEAM-7
3
47 1
48 2
49 3
-2147483647
CF_BEAM-8
3
50 1
51 2
52 3
-2147483647
CF_BEAM-9
3
53 1
54 2
55 3
-2147483647
SHADE-1
9
56 1
57 2
58 3
59 4
60 5
61 6
62 7
63 8
64 9
-2147483647
SHADE-2
9
65 1
66 2
67 3
68 4
69 5
70 6
71 7
72 8
73 9
-2147483647
SHADE-3
9
74 1
75 2
76 3
77 4
78 5
79 6
80 7
81 8
82 9
-2147483647
SHADE-4
9
83 1
84 2
85 3
86 4
87 5
88 6
89 7
90 8
91 9
-2147483647
SMAWIRE_(NITINOL)
22
92 1
93 2
94 3
95 4
96 5
97 6
98 7
99 8
100 9
101 10
102 11
103 12
104 13
105 14
106 15
107 16
108 17
109 18
110 19
111 20
112 21
113 22
-2147483647
SMA_BEAM-1
31
114 1
115 2
116 3
117 4
118 5
119 6
120 7
121 8
122 9
123 10
124 11
125 12
126 13
127 14
128 15
129 16
130 17
131 18
132 19
133 20
134 21
135 22
136 23
137 24
138 25
139 26
140 27
141 28
142 29
143 30
144 31
-2147483647
SMA_BEAM-2
31
145 1
146 2
147 3
148 4
149 5
150 6
151 7
152 8
153 9
154 10
155 11
156 12
157 13
158 14
159 15
160 16
161 17
162 18
163 19
164 20
165 21
166 22
167 23
168 24
169 25
170 26
171 27
172 28
173 29
174 30
175 31
-2147483647
SMA_BEAM-3
31
176 1
177 2
178 3
179 4
180 5
181 6
182 7
183 8
184 9
185 10
186 11
187 12
188 13
189 14
190 15
191 16
192 17
193 18
194 19
195 20
196 21
197 22
198 23
199 24
200 25
201 26
202 27
203 28
204 29
205 30
206 31
-2147483647
SMA_BEAM-4
31
207 1
208 2
209 3
210 4
211 5
212 6
213 7
214 8
215 9
216 10
217 11
218 12
219 13
220 14
221 15
222 16
223 17
224 18
225 19
226 20
227 21
228 22
229 23
230 24
231 25
232 26
233 27
234 28
235 29
236 30
237 31
-2147483647
SMA_BEAM-5
31
238 1
239 2
240 3
241 4
242 5
243 6
244 7
245 8
246 9
247 10
248 11
249 12
250 13
251 14
252 15
253 16
254 17
255 18
256 19
257 20
258 21
259 22
260 23
261 24
262 25
263 26
264 27
265 28
266 29
267 30
268 31
-2147483647
SMA_BEAM-6
31
269 1
270 2
271 3
272 4
273 5
274 6
275 7
276 8
277 9
278 10
279 11
280 12
281 13
282 14
283 15
284 16
285 17
286 18
287 19
288 20
289 21
290 22
291 23
292 24
293 25
294 26
295 27
296 28
297 29
298 30
299 31
-2147483647
SMA_BEAM-7
31
300 1
301 2
302 3
303 4
304 5
305 6
306 7
307 8
308 9
309 10
310 11
311 12
312 13
313 14
314 15
315 16
316 17
317 18
318 19
319 20
320 21
321 22
322 23
323 24
324 25
325 26
326 27
327 28
328 29
329 30
330 31
-2147483647
SMA_BEAM-8
31
331 1
332 2
333 3
334 4
335 5
336 6
337 7
338 8
339 9
340 10
341 11
342 12
343 13
344 14
345 15
346 16
347 17
348 18
349 19
350 20
351 21
352 22
353 23
354 24
355 25
356 26
357 27
358 28
359 29
360 30
361 31
-2147483647
7
1 1
2 2
3 3
4 4
5 5
6 6
7 7
-2147483647
29
CF_BEAM-1
1
18 1
-2147483647
CF_BEAM-10
1
27 1
-2147483647
CF_BEAM-11
1
28 1
-2147483647
CF_BEAM-12
1
29 1
-2147483647
CF_BEAM-13
1
30 1
-2147483647
CF_BEAM-14
1
31 1
-2147483647
CF_BEAM-15
1
32 1
-2147483647
CF_BEAM-16
1
33 1
-2147483647
CF_BEAM-2
1
19 1
-2147483647
CF_BEAM-3
1
20 1
-2147483647
CF_BEAM-4
1
21 1
-2147483647
CF_BEAM-5
1
22 1
-2147483647
CF_BEAM-6
1
23 1
-2147483647
CF_BEAM-7
1
24 1
-2147483647
CF_BEAM-8
1
25 1
-2147483647
CF_BEAM-9
1
26 1
-2147483647
SHADE-1
4
34 1
35 2
36 3
37 4
-2147483647
SHADE-2
4
38 1
39 2
40 3
41 4
-2147483647
SHADE-3
4
42 1
43 2
44 3
45 4
-2147483647
SHADE-4
4
46 1
47 2
48 3
49 4
-2147483647
SMAWIRE_(NITINOL)
21
50 1
51 2
52 3
53 4
54 5
55 6
56 7
57 8
58 9
59 10
60 11
61 12
62 13
63 14
64 15
65 16
66 17
67 18
68 19
69 20
70 21
-2147483647
SMA_BEAM-1
15
71 1
72 2
73 3
74 4
75 5
76 6
77 7
78 8
79 9
80 10
81 11
82 12
83 13
84 14
85 15
-2147483647
SMA_BEAM-2
15
86 1
87 2
88 3
89 4
90 5
91 6
92 7
93 8
94 9
95 10
96 11
97 12
98 13
99 14
100 15
-2147483647
SMA_BEAM-3
15
101 1
102 2
103 3
104 4
105 5
106 6
107 7
108 8
109 9
110 10
111 11
112 12
113 13
114 14
115 15
-2147483647
SMA_BEAM-4
15
116 1
117 2
118 3
119 4
120 5
121 6
122 7
123 8
124 9
125 10
126 11
127 12
128 13
129 14
130 15
-2147483647
SMA_BEAM-5
15
131 1
132 2
133 3
134 4
135 5
136 6
137 7
138 8
139 9
140 10
141 11
142 12
143 13
144 14
145 15
-2147483647
SMA_BEAM-6
15
146 1
147 2
148 3
149 4
150 5
151 6
152 7
153 8
154 9
155 10
156 11
157 12
158 13
159 14
160 15
-2147483647
SMA_BEAM-7
15
161 1
162 2
163 3
164 4
165 5
166 6
167 7
168 8
169 9
170 10
171 11
172 12
173 13
174 14
175 15
-2147483647
SMA_BEAM-8
15
176 1
177 2
178 3
179 4
180 5
181 6
182 7
183 8
184 9
185 10
186 11
187 12
188 13
189 14
190 15
-2147483647
17
1 1
2 2
3 3
4 4
5 5
6 6
7 7
8 8
9 9
10 10
11 11
12 12
13 13
14 14
15 15
16 16
17 17
-2147483647
24

0
2
0
30

17
1 2 3 4 5 6 7 8 9 10 11 12 13 14 15 16 17 
CF_BEAM-1
1
18 
CF_BEAM-2
1
19 
CF_BEAM-4
1
21 
CF_BEAM-6
1
23 
CF_BEAM-8
1
25 
CF_BEAM-10
1
27 
CF_BEAM-12
1
29 
SHADE-2
4
38 39 40 41 
SHADE-4
4
46 47 48 49 
CF_BEAM-14
1
31 
CF_BEAM-16
1
33 
SMA_BEAM-2
15
86 87 88 89 90 91 92 93 94 95 96 97 98 99 100 
SMA_BEAM-4
15
116 117 118 119 120 121 122 123 124 125 126 127 128 129 130 
SMA_BEAM-6
15
146 147 148 149 150 151 152 153 154 155 156 157 158 159 160 
SMA_BEAM-8
15
176 177 178 179 180 181 182 183 184 185 186 187 188 189 190 
CF_BEAM-3
1
20 
CF_BEAM-5
1
22 
CF_BEAM-7
1
24 
CF_BEAM-9
1
26 
CF_BEAM-11
1
28 
CF_BEAM-13
1
30 
SHADE-1
4
34 35 36 37 
SHADE-3
4
42 43 44 45 
CF_BEAM-15
1
32 
SMAWIRE_(NITINOL)
21
50 51 52 53 54 55 56 57 58 59 60 61 62 63 64 65 66 67 68 69 70 
SMA_BEAM-1
15
71 72 73 74 75 76 77 78 79 80 81 82 83 84 85 
SMA_BEAM-3
15
101 102 103 104 105 106 107 108 109 110 111 112 113 114 115 
SMA_BEAM-5
15
131 132 133 134 135 136 137 138 139 140 141 142 143 144 145 
SMA_BEAM-7
15
161 162 163 164 165 166 167 168 169 170 171 172 173 174 175 
0
ALL-ACTUATOR-ELEMS
0
1
0
1
SMAWIRE_(NITINOL)
21
50 51 52 53 54 55 56 57 58 59 60 61 62 63 64 65 66 67 68 69 70 
0
BOTTOM_BEAM
0
1
1
17 
0
0
CFWIRE-1-SET-1
0
1
1
2 
0
0
CFWIRE-2-SET-1
0
1
1
3 
0
0
CFWIRE-3-SET-1
0
1
1
4 
0
0
CFWIRE-4-SET-1
0
1
1
9 
0
0
CFWIRE-5-SET-1
0
1
1
10 
0
0
CFWIRE-6-SET-1
0
1
1
11 
0
0
SMAWIRE_LAYER-2_BEAM-1
0
1
1
5 
0
0
SMAWIRE_LAYER-2_BEAM-2
0
1
1
6 
0
0
SMAWIRE_LAYER-2_BEAM-3
0
1
1
7 
0
0
SMAWIRE_LAYER-2_BEAM-4
0
1
1
8 
0
0
SMAWIRE_LAYER-4_BEAM-1
0
1
1
12 
0
0
SMAWIRE_LAYER-4_BEAM-2
0
1
1
13 
0
0
SMAWIRE_LAYER-4_BEAM-3
0
1
1
14 
0
0
SMAWIRE_LAYER-4_BEAM-4
0
1
1
15 
0
0
SMA_FULLASSEMBLY
0
1
0
8
SMA_BEAM-1
15
71 72 73 74 75 76 77 78 79 80 81 82 83 84 85 
SMA_BEAM-2
15
86 87 88 89 90 91 92 93 94 95 96 97 98 99 100 
SMA_BEAM-4
15
116 117 118 119 120 121 122 123 124 125 126 127 128 129 130 
SMA_BEAM-6
15
146 147 148 149 150 151 152 153 154 155 156 157 158 159 160 
SMA_BEAM-8
15
176 177 178 179 180 181 182 183 184 185 186 187 188 189 190 
SMA_BEAM-3
15
101 102 103 104 105 106 107 108 109 110 111 112 113 114 115 
SMA_BEAM-5
15
131 132 133 134 135 136 137 138 139 140 141 142 143 144 145 
SMA_BEAM-7
15
161 162 163 164 165 166 167 168 169 170 171 172 173 174 175 
0
TOP_BEAM
0
1
1
16 
0
0
TRANS_WIRE
0
1
1
1 
0
0
_SHADE_GEOM-1_SPOS
0
2
0
1
SHADE-1
4
34 35 36 37 
0
_SHADE_GEOM-2_SPOS
0
2
0
1
SHADE-2
4
38 39 40 41 
0
_SHADE_GEOM-3_SPOS
0
2
0
1
SHADE-3
4
42 43 44 45 
0
_SHADE_GEOM-4_SPOS
0
2
0
1
SHADE-4
4
46 47 48 49 
0
30
CF_BEAM-1
3
 P       1
0
2
1
18 
0
0
CF_BEAM
0
1
1
18 
0
0
_CF_FULL_
0
2
1
18 
0
0
0

1
 P       0
0
2
17
1 2 3 4 5 6 7 8 9 10 11 12 13 14 15 16 17 
0
0
0
CF_BEAM-2
3
 P       9
0
2
1
19 
0
0
CF_BEAM
0
1
1
19 
0
0
_CF_FULL_
0
2
1
19 
0
0
0
CF_BEAM-4
3
 P      11
0
2
1
21 
0
0
CF_BEAM
0
1
1
21 
0
0
_CF_FULL_
0
2
1
21 
0
0
0
CF_BEAM-6
3
 P      13
0
2
1
23 
0
0
CF_BEAM
0
1
1
23 
0
0
_CF_FULL_
0
2
1
23 
0
0
0
CF_BEAM-8
3
 P      15
0
2
1
25 
0
0
CF_BEAM
0
1
1
25 
0
0
_CF_FULL_
0
2
1
25 
0
0
0
CF_BEAM-10
3
 P       2
0
2
1
27 
0
0
CF_BEAM
0
1
1
27 
0
0
_CF_FULL_
0
2
1
27 
0
0
0
CF_BEAM-12
3
 P       4
0
2
1
29 
0
0
CF_BEAM
0
1
1
29 
0
0
_CF_FULL_
0
2
1
29 
0
0
0
CF_BEAM-14
3
 P       6
0
2
1
31 
0
0
CF_BEAM
0
1
1
31 
0
0
_CF_FULL_
0
2
1
31 
0
0
0
SHADE-2
2
 P      18
0
2
4
38 39 40 41 
0
0
WHOLE-SHADE-P
0
1
4
38 39 40 41 
0
0
0
SHADE-4
2
 P      20
0
2
4
46 47 48 49 
0
0
WHOLE-SHADE-P
0
1
4
46 47 48 49 
0
0
0
CF_BEAM-16
3
 P       8
0
2
1
33 
0
0
CF_BEAM
0
1
1
33 
0
0
_CF_FULL_
0
2
1
33 
0
0
0
SMA_BEAM-2
4
 P      23
0
2
15
86 87 88 89 90 91 92 93 94 95 96 97 98 99 100 
0
0
 P      23SMA_FULLASSEMBLY
0
2
15
86 87 88 89 90 91 92 93 94 95 96 97 98 99 100 
0
0
SMA_BEAM
0
1
15
86 87 88 89 90 91 92 93 94 95 96 97 98 99 100 
0
0
_SMA_FULL_
0
2
15
86 87 88 89 90 91 92 93 94 95 96 97 98 99 100 
0
0
0
SMA_BEAM-4
4
 P      25
0
2
15
116 117 118 119 120 121 122 123 124 125 126 127 128 129 130 
0
0
 P      25SMA_FULLASSEMBLY
0
2
15
116 117 118 119 120 121 122 123 124 125 126 127 128 129 130 
0
0
SMA_BEAM
0
1
15
116 117 118 119 120 121 122 123 124 125 126 127 128 129 130 
0
0
_SMA_FULL_
0
2
15
116 117 118 119 120 121 122 123 124 125 126 127 128 129 130 
0
0
0
SMA_BEAM-6
4
 P      27
0
2
15
146 147 148 149 150 151 152 153 154 155 156 157 158 159 160 
0
0
 P      27SMA_FULLASSEMBLY
0
2
15
146 147 148 149 150 151 152 153 154 155 156 157 158 159 160 
0
0
SMA_BEAM
0
1
15
146 147 148 149 150 151 152 153 154 155 156 157 158 159 160 
0
0
_SMA_FULL_
0
2
15
146 147 148 149 150 151 152 153 154 155 156 157 158 159 160 
0
0
0
SMA_BEAM-8
4
 P      29
0
2
15
176 177 178 179 180 181 182 183 184 185 186 187 188 189 190 
0
0
 P      29SMA_FULLASSEMBLY
0
2
15
176 177 178 179 180 181 182 183 184 185 186 187 188 189 190 
0
0
SMA_BEAM
0
1
15
176 177 178 179 180 181 182 183 184 185 186 187 188 189 190 
0
0
_SMA_FULL_
0
2
15
176 177 178 179 180 181 182 183 184 185 186 187 188 189 190 
0
0
0
CF_BEAM-3
3
 P      10
0
2
1
20 
0
0
CF_BEAM
0
1
1
20 
0
0
_CF_FULL_
0
2
1
20 
0
0
0
CF_BEAM-5
3
 P      12
0
2
1
22 
0
0
CF_BEAM
0
1
1
22 
0
0
_CF_FULL_
0
2
1
22 
0
0
0
CF_BEAM-7
3
 P      14
0
2
1
24 
0
0
CF_BEAM
0
1
1
24 
0
0
_CF_FULL_
0
2
1
24 
0
0
0
CF_BEAM-9
3
 P      16
0
2
1
26 
0
0
CF_BEAM
0
1
1
26 
0
0
_CF_FULL_
0
2
1
26 
0
0
0
CF_BEAM-11
3
 P       3
0
2
1
28 
0
0
CF_BEAM
0
1
1
28 
0
0
_CF_FULL_
0
2
1
28 
0
0
0
CF_BEAM-13
3
 P       5
0
2
1
30 
0
0
CF_BEAM
0
1
1
30 
0
0
_CF_FULL_
0
2
1
30 
0
0
0
SHADE-1
2
 P      17
0
2
4
34 35 36 37 
0
0
WHOLE-SHADE-P
0
1
4
34 35 36 37 
0
0
0
SHADE-3
2
 P      19
0
2
4
42 43 44 45 
0
0
WHOLE-SHADE-P
0
1
4
42 43 44 45 
0
0
0
CF_BEAM-15
3
 P       7
0
2
1
32 
0
0
CF_BEAM
0
1
1
32 
0
0
_CF_FULL_
0
2
1
32 
0
0
0
SMA_BEAM-1
4
 P      22
0
2
15
71 72 73 74 75 76 77 78 79 80 81 82 83 84 85 
0
0
 P      22SMA_FULLASSEMBLY
0
2
15
71 72 73 74 75 76 77 78 79 80 81 82 83 84 85 
0
0
SMA_BEAM
0
1
15
71 72 73 74 75 76 77 78 79 80 81 82 83 84 85 
0
0
_SMA_FULL_
0
2
15
71 72 73 74 75 76 77 78 79 80 81 82 83 84 85 
0
0
0
SMAWIRE_(NITINOL)
3
 P      21
0
2
21
50 51 52 53 54 55 56 57 58 59 60 61 62 63 64 65 66 67 68 69 70 
0
0
SMA-ACTUATOR-P
0
1
21
50 51 52 53 54 55 56 57 58 59 60 61 62 63 64 65 66 67 68 69 70 
0
0
_FLUX-SURFACE_
0
2
21
50 51 52 53 54 55 56 57 58 59 60 61 62 63 64 65 66 67 68 69 70 
0
0
0
SMA_BEAM-3
4
 P      24
0
2
15
101 102 103 104 105 106 107 108 109 110 111 112 113 114 115 
0
0
 P      24SMA_FULLASSEMBLY
0
2
15
101 102 103 104 105 106 107 108 109 110 111 112 113 114 115 
0
0
SMA_BEAM
0
1
15
101 102 103 104 105 106 107 108 109 110 111 112 113 114 115 
0
0
_SMA_FULL_
0
2
15
101 102 103 104 105 106 107 108 109 110 111 112 113 114 115 
0
0
0
SMA_BEAM-5
4
 P      26
0
2
15
131 132 133 134 135 136 137 138 139 140 141 142 143 144 145 
0
0
 P      26SMA_FULLASSEMBLY
0
2
15
131 132 133 134 135 136 137 138 139 140 141 142 143 144 145 
0
0
SMA_BEAM
0
1
15
131 132 133 134 135 136 137 138 139 140 141 142 143 144 145 
0
0
_SMA_FULL_
0
2
15
131 132 133 134 135 136 137 138 139 140 141 142 143 144 145 
0
0
0
SMA_BEAM-7
4
 P      28
0
2
15
161 162 163 164 165 166 167 168 169 170 171 172 173 174 175 
0
0
 P      28SMA_FULLASSEMBLY
0
2
15
161 162 163 164 165 166 167 168 169 170 171 172 173 174 175 
0
0
SMA_BEAM
0
1
15
161 162 163 164 165 166 167 168 169 170 171 172 173 174 175 
0
0
_SMA_FULL_
0
2
15
161 162 163 164 165 166 167 168 169 170 171 172 173 174 175 
0
0
0
98

0
2
0
30

1
1 
CF_BEAM-1
3
8 9 10 
CF_BEAM-10
3
11 12 13 
CF_BEAM-12
3
17 18 19 
CF_BEAM-14
3
23 24 25 
CF_BEAM-16
3
29 30 31 
CF_BEAM-2
3
32 33 34 
CF_BEAM-4
3
38 39 40 
SHADE-2
9
65 66 67 68 69 70 71 72 73 
SHADE-4
9
83 84 85 86 87 88 89 90 91 
CF_BEAM-6
3
44 45 46 
CF_BEAM-8
3
50 51 52 
SMA_BEAM-2
31
145 146 147 148 149 150 151 152 153 154 155 156 157 158 159 160 161 162 163 164 165 166 167 168 169 170 171 172 173 174 175 
SMA_BEAM-4
31
207 208 209 210 211 212 213 214 215 216 217 218 219 220 221 222 223 224 225 226 227 228 229 230 231 232 233 234 235 236 237 
SMA_BEAM-6
31
269 270 271 272 273 274 275 276 277 278 279 280 281 282 283 284 285 286 287 288 289 290 291 292 293 294 295 296 297 298 299 
SMA_BEAM-8
31
331 332 333 334 335 336 337 338 339 340 341 342 343 344 345 346 347 348 349 350 351 352 353 354 355 356 357 358 359 360 361 
CF_BEAM-11
3
14 15 16 
CF_BEAM-13
3
20 21 22 
CF_BEAM-15
3
26 27 28 
CF_BEAM-3
3
35 36 37 
CF_BEAM-5
3
41 42 43 
CF_BEAM-7
3
47 48 49 
SHADE-1
9
56 57 58 59 60 61 62 63 64 
SHADE-3
9
74 75 76 77 78 79 80 81 82 
CF_BEAM-9
3
53 54 55 
SMAWIRE_(NITINOL)
22
92 93 94 95 96 97 98 99 100 101 102 103 104 105 106 107 108 109 110 111 112 113 
SMA_BEAM-1
31
114 115 116 117 118 119 120 121 122 123 124 125 126 127 128 129 130 131 132 133 134 135 136 137 138 139 140 141 142 143 144 
SMA_BEAM-3
31
176 177 178 179 180 181 182 183 184 185 186 187 188 189 190 191 192 193 194 195 196 197 198 199 200 201 202 203 204 205 206 
SMA_BEAM-5
31
238 239 240 241 242 243 244 245 246 247 248 249 250 251 252 253 254 255 256 257 258 259 260 261 262 263 264 265 266 267 268 
SMA_BEAM-7
31
300 301 302 303 304 305 306 307 308 309 310 311 312 313 314 315 316 317 318 319 320 321 322 323 324 325 326 327 328 329 330 
0
 ADJFREE
0
2
0
8
SMA_BEAM-1
1
117 
SMA_BEAM-2
1
148 
SMA_BEAM-4
1
210 
SMA_BEAM-6
1
272 
SMA_BEAM-8
1
334 
SMA_BEAM-3
1
179 
SMA_BEAM-5
1
241 
SMA_BEAM-7
1
303 
0
 Z000001
0
2
0
29
CF_BEAM-1
3
8 9 10 
CF_BEAM-10
3
11 12 13 
CF_BEAM-12
3
17 18 19 
CF_BEAM-14
3
23 24 25 
CF_BEAM-16
3
29 30 31 
CF_BEAM-2
3
32 33 34 
CF_BEAM-4
3
38 39 40 
CF_BEAM-6
3
44 45 46 
SHADE-2
9
65 66 67 68 69 70 71 72 73 
SHADE-4
9
83 84 85 86 87 88 89 90 91 
CF_BEAM-8
3
50 51 52 
SMA_BEAM-2
31
145 146 147 148 149 150 151 152 153 154 155 156 157 158 159 160 161 162 163 164 165 166 167 168 169 170 171 172 173 174 175 
SMA_BEAM-4
31
207 208 209 210 211 212 213 214 215 216 217 218 219 220 221 222 223 224 225 226 227 228 229 230 231 232 233 234 235 236 237 
SMA_BEAM-6
31
269 270 271 272 273 274 275 276 277 278 279 280 281 282 283 284 285 286 287 288 289 290 291 292 293 294 295 296 297 298 299 
SMA_BEAM-8
31
331 332 333 334 335 336 337 338 339 340 341 342 343 344 345 346 347 348 349 350 351 352 353 354 355 356 357 358 359 360 361 
CF_BEAM-11
3
14 15 16 
CF_BEAM-13
3
20 21 22 
CF_BEAM-15
3
26 27 28 
CF_BEAM-3
3
35 36 37 
CF_BEAM-5
3
41 42 43 
CF_BEAM-7
3
47 48 49 
SHADE-1
9
56 57 58 59 60 61 62 63 64 
SHADE-3
9
74 75 76 77 78 79 80 81 82 
CF_BEAM-9
3
53 54 55 
SMAWIRE_(NITINOL)
22
92 93 94 95 96 97 98 99 100 101 102 103 104 105 106 107 108 109 110 111 112 113 
SMA_BEAM-1
31
114 115 116 117 118 119 120 121 122 123 124 125 126 127 128 129 130 131 132 133 134 135 136 137 138 139 140 141 142 143 144 
SMA_BEAM-3
31
176 177 178 179 180 181 182 183 184 185 186 187 188 189 190 191 192 193 194 195 196 197 198 199 200 201 202 203 204 205 206 
SMA_BEAM-5
31
238 239 240 241 242 243 244 245 246 247 248 249 250 251 252 253 254 255 256 257 258 259 260 261 262 263 264 265 266 267 268 
SMA_BEAM-7
31
300 301 302 303 304 305 306 307 308 309 310 311 312 313 314 315 316 317 318 319 320 321 322 323 324 325 326 327 328 329 330 
0
ACTUATOR_B_VERT
0
1
0
1
SMAWIRE_(NITINOL)
1
92 
0
ACTUATOR_T_VERT
0
1
0
1
SMAWIRE_(NITINOL)
1
113 
0
ALL-ACTUATOR-ELEMS
0
1
0
1
SMAWIRE_(NITINOL)
22
92 93 94 95 96 97 98 99 100 101 102 103 104 105 106 107 108 109 110 111 112 113 
0
BOTTOM_BEAM
0
1
0
2
CF_BEAM-6
1
45 
SMAWIRE_(NITINOL)
1
92 
0
CFWIRE-1-SET-1
0
1
0
2
CF_BEAM-5
1
41 
CF_BEAM-6
1
44 
0
CFWIRE-2-SET-1
0
1
0
2
CF_BEAM-6
1
44 
CF_BEAM-7
1
47 
0
CFWIRE-3-SET-1
0
1
0
2
CF_BEAM-7
1
47 
CF_BEAM-8
1
50 
0
CFWIRE-4-SET-1
0
1
0
2
CF_BEAM-13
1
20 
CF_BEAM-14
1
23 
0
CFWIRE-5-SET-1
0
1
0
2
CF_BEAM-14
1
23 
CF_BEAM-15
1
26 
0
CFWIRE-6-SET-1
0
1
0
2
CF_BEAM-15
1
26 
CF_BEAM-16
1
29 
0
CF_B
0
1
0
1
CF_BEAM-6
1
45 
0
CF_BEAM-1-LAYER-1-A
0
1
0
1
CF_BEAM-1
1
9 
0
CF_BEAM-1-LAYER-1-B
0
1
0
1
SMA_BEAM-1
1
114 
0
CF_BEAM-10-LAYER-3-A
0
1
0
1
CF_BEAM-10
1
12 
0
CF_BEAM-10-LAYER-3-B
0
1
0
1
SMA_BEAM-3
1
178 
0
CF_BEAM-11-LAYER-3-A
0
1
0
1
CF_BEAM-11
1
15 
0
CF_BEAM-11-LAYER-3-B
0
1
0
1
SMA_BEAM-5
1
240 
0
CF_BEAM-12-LAYER-3-A
0
1
0
1
CF_BEAM-12
1
18 
0
CF_BEAM-12-LAYER-3-B
0
1
0
1
SMA_BEAM-7
1
302 
0
CF_BEAM-13-LAYER-4-A
0
1
0
1
CF_BEAM-13
1
21 
0
CF_BEAM-13-LAYER-4-B
0
1
0
1
SMA_BEAM-2
1
148 
0
CF_BEAM-14-LAYER-4-A
0
1
0
1
CF_BEAM-14
1
24 
0
CF_BEAM-14-LAYER-4-B
0
1
0
1
SMA_BEAM-4
1
210 
0
CF_BEAM-15-LAYER-4-A
0
1
0
1
CF_BEAM-15
1
27 
0
CF_BEAM-15-LAYER-4-B
0
1
0
1
SMA_BEAM-6
1
272 
0
CF_BEAM-16-LAYER-4-A
0
1
0
1
CF_BEAM-16
1
30 
0
CF_BEAM-16-LAYER-4-B
0
1
0
1
SMA_BEAM-8
1
334 
0
CF_BEAM-2-LAYER-1-A
0
1
0
1
CF_BEAM-2
1
33 
0
CF_BEAM-2-LAYER-1-B
0
1
0
1
SMA_BEAM-3
1
176 
0
CF_BEAM-3-LAYER-1-A
0
1
0
1
CF_BEAM-3
1
36 
0
CF_BEAM-3-LAYER-1-B
0
1
0
1
SMA_BEAM-5
1
238 
0
CF_BEAM-4-LAYER-1-A
0
1
0
1
CF_BEAM-4
1
39 
0
CF_BEAM-4-LAYER-1-B
0
1
0
1
SMA_BEAM-7
1
300 
0
CF_BEAM-5-LAYER-2-A
0
1
0
1
CF_BEAM-5
1
42 
0
CF_BEAM-5-LAYER-2-B
0
1
0
1
SMA_BEAM-2
1
146 
0
CF_BEAM-6-LAYER-2-A
0
1
0
1
CF_BEAM-6
1
45 
0
CF_BEAM-6-LAYER-2-B
0
1
0
1
SMA_BEAM-4
1
208 
0
CF_BEAM-7-LAYER-2-A
0
1
0
1
CF_BEAM-7
1
48 
0
CF_BEAM-7-LAYER-2-B
0
1
0
1
SMA_BEAM-6
1
270 
0
CF_BEAM-8-LAYER-2-A
0
1
0
1
CF_BEAM-8
1
51 
0
CF_BEAM-8-LAYER-2-B
0
1
0
1
SMA_BEAM-8
1
332 
0
CF_BEAM-9-LAYER-3-A
0
1
0
1
CF_BEAM-9
1
54 
0
CF_BEAM-9-LAYER-3-B
0
1
0
1
SMA_BEAM-1
1
116 
0
CF_T
0
1
0
1
CF_BEAM-14
1
24 
0
Encastre Points
0
1
0
12
SMA_BEAM-1
1
114 
CF_BEAM-2
1
33 
CF_BEAM-4
1
39 
SMA_BEAM-2
1
145 
SMA_BEAM-4
1
207 
SMA_BEAM-6
1
269 
SMA_BEAM-8
1
331 
CF_BEAM-1
1
9 
CF_BEAM-3
1
36 
SMA_BEAM-3
1
176 
SMA_BEAM-5
1
238 
SMA_BEAM-7
1
300 
0
LAYER-4
0
1
0
8
SMA_BEAM-1
1
117 
SMA_BEAM-2
1
148 
SMA_BEAM-4
1
210 
SMA_BEAM-6
1
272 
SMA_BEAM-8
1
334 
SMA_BEAM-3
1
179 
SMA_BEAM-5
1
241 
SMA_BEAM-7
1
303 
0
M_SET-90
0
1
0
1
SMA_BEAM-3
1
179 
0
M_SET-92
0
1
0
1
SMA_BEAM-7
1
303 
0
M_SET-96
0
1
0
1
SMA_BEAM-5
1
241 
0
M_SET-98
0
1
0
1
SMA_BEAM-1
1
117 
0
SMAWIRE_LAYER-2_BEAM-1
0
1
0
2
SMA_BEAM-2
1
146 
SMA_BEAM-3
1
177 
0
SMAWIRE_LAYER-2_BEAM-2
0
1
0
2
SMA_BEAM-4
1
208 
SMA_BEAM-5
1
239 
0
SMAWIRE_LAYER-2_BEAM-3
0
1
0
2
SMA_BEAM-6
1
270 
SMA_BEAM-7
1
301 
0
SMAWIRE_LAYER-2_BEAM-4
0
1
0
2
SMA_BEAM-1
1
115 
SMA_BEAM-8
1
332 
0
SMAWIRE_LAYER-4_BEAM-1
0
1
0
2
SMA_BEAM-2
1
148 
SMA_BEAM-3
1
179 
0
SMAWIRE_LAYER-4_BEAM-2
0
1
0
2
SMA_BEAM-4
1
210 
SMA_BEAM-5
1
241 
0
SMAWIRE_LAYER-4_BEAM-3
0
1
0
2
SMA_BEAM-6
1
272 
SMA_BEAM-7
1
303 
0
SMAWIRE_LAYER-4_BEAM-4
0
1
0
2
SMA_BEAM-1
1
117 
SMA_BEAM-8
1
334 
0
SMA_FULLASSEMBLY
0
1
0
8
SMA_BEAM-1
31
114 115 116 117 118 119 120 121 122 123 124 125 126 127 128 129 130 131 132 133 134 135 136 137 138 139 140 141 142 143 144 
SMA_BEAM-2
31
145 146 147 148 149 150 151 152 153 154 155 156 157 158 159 160 161 162 163 164 165 166 167 168 169 170 171 172 173 174 175 
SMA_BEAM-4
31
207 208 209 210 211 212 213 214 215 216 217 218 219 220 221 222 223 224 225 226 227 228 229 230 231 232 233 234 235 236 237 
SMA_BEAM-6
31
269 270 271 272 273 274 275 276 277 278 279 280 281 282 283 284 285 286 287 288 289 290 291 292 293 294 295 296 297 298 299 
SMA_BEAM-8
31
331 332 333 334 335 336 337 338 339 340 341 342 343 344 345 346 347 348 349 350 351 352 353 354 355 356 357 358 359 360 361 
SMA_BEAM-3
31
176 177 178 179 180 181 182 183 184 185 186 187 188 189 190 191 192 193 194 195 196 197 198 199 200 201 202 203 204 205 206 
SMA_BEAM-5
31
238 239 240 241 242 243 244 245 246 247 248 249 250 251 252 253 254 255 256 257 258 259 260 261 262 263 264 265 266 267 268 
SMA_BEAM-7
31
300 301 302 303 304 305 306 307 308 309 310 311 312 313 314 315 316 317 318 319 320 321 322 323 324 325 326 327 328 329 330 
0
S_SET-88
0
1
0
1
SHADE-2
1
65 
0
S_SET-90
0
1
0
1
SHADE-1
1
56 
0
S_SET-92
0
1
0
1
SHADE-4
1
83 
0
S_SET-94
0
1
0
1
SHADE-3
1
74 
0
TOP_BEAM
0
1
0
2
CF_BEAM-14
1
24 
SMAWIRE_(NITINOL)
1
113 
0
TRANSP
0
1
1
1 
0
0
TRANSVERSE_CLIP_1
0
1
0
1
SMA_BEAM-2
1
148 
0
TRANS_WIRE
0
1
1
1 
2

1
1 
SMA_BEAM-2
1
148 
0
_PICKEDSET106
0
2
0
1
SMA_BEAM-2
1
147 
0
_PICKEDSET107
0
2
0
1
SMA_BEAM-1
1
116 
0
_PICKEDSET108
0
2
0
1
SMA_BEAM-4
1
209 
0
_PICKEDSET109
0
2
0
1
SMA_BEAM-3
1
178 
0
_PICKEDSET110
0
2
0
1
SMA_BEAM-6
1
271 
0
_PICKEDSET111
0
2
0
1
SMA_BEAM-5
1
240 
0
_PICKEDSET112
0
2
0
1
SMA_BEAM-8
1
333 
0
_PICKEDSET113
0
2
0
1
SMA_BEAM-7
1
302 
0
_PICKEDSET62
0
2
0
1
CF_BEAM-1
1
8 
0
_PICKEDSET63
0
2
0
1
CF_BEAM-2
1
32 
0
_PICKEDSET64
0
2
0
1
CF_BEAM-2
1
32 
0
_PICKEDSET65
0
2
0
1
CF_BEAM-3
1
35 
0
_PICKEDSET66
0
2
0
1
CF_BEAM-3
1
35 
0
_PICKEDSET67
0
2
0
1
CF_BEAM-4
1
38 
0
_PICKEDSET76
0
2
0
1
SMA_BEAM-2
1
145 
0
_PICKEDSET77
0
2
0
1
SMA_BEAM-1
1
114 
0
_PICKEDSET78
0
2
0
1
SMA_BEAM-4
1
207 
0
_PICKEDSET79
0
2
0
1
SMA_BEAM-3
1
176 
0
_PICKEDSET80
0
2
0
1
SMA_BEAM-6
1
269 
0
_PICKEDSET81
0
2
0
1
SMA_BEAM-5
1
238 
0
_PICKEDSET82
0
2
0
1
SMA_BEAM-8
1
331 
0
_PICKEDSET83
0
2
0
1
SMA_BEAM-7
1
300 
0
_PICKEDSET92
0
2
0
1
CF_BEAM-9
1
53 
0
_PICKEDSET93
0
2
0
1
CF_BEAM-10
1
11 
0
_PICKEDSET94
0
2
0
1
CF_BEAM-10
1
11 
0
_PICKEDSET95
0
2
0
1
CF_BEAM-11
1
14 
0
_PICKEDSET96
0
2
0
1
CF_BEAM-11
1
14 
0
_PICKEDSET97
0
2
0
1
CF_BEAM-12
1
17 
0
30
CF_BEAM-1
4
 P       1
0
2
3
8 9 10 
0
0
 P       1 Z000001
0
2
3
8 9 10 
0
0
 P       1Encastre Points
0
2
1
9 
0
0
CF_BEAM
0
1
3
8 9 10 
0
0
0

2
 P       0
0
2
1
1 
0
0
 P       0TRANS_WIRE
0
2
1
1 
0
0
0
CF_BEAM-2
4
 P       9
0
2
3
32 33 34 
0
0
 P       9 Z000001
0
2
3
32 33 34 
0
0
 P       9Encastre Points
0
2
1
33 
0
0
CF_BEAM
0
1
3
32 33 34 
0
0
0
CF_BEAM-4
4
 P      11
0
2
3
38 39 40 
0
0
 P      11 Z000001
0
2
3
38 39 40 
0
0
 P      11Encastre Points
0
2
1
39 
0
0
CF_BEAM
0
1
3
38 39 40 
0
0
0
CF_BEAM-6
6
 P      13
0
2
3
44 45 46 
0
0
 P      13 Z000001
0
2
3
44 45 46 
0
0
 P      13BOTTOM_BEAM
0
2
1
45 
0
0
 P      13CFWIRE-1-SET-1
0
2
1
44 
0
0
 P      13CFWIRE-2-SET-1
0
2
1
44 
0
0
CF_BEAM
0
1
3
44 45 46 
0
0
0
CF_BEAM-8
4
 P      15
0
2
3
50 51 52 
0
0
 P      15 Z000001
0
2
3
50 51 52 
0
0
 P      15CFWIRE-3-SET-1
0
2
1
50 
0
0
CF_BEAM
0
1
3
50 51 52 
0
0
0
CF_BEAM-10
3
 P       2
0
2
3
11 12 13 
0
0
 P       2 Z000001
0
2
3
11 12 13 
0
0
CF_BEAM
0
1
3
11 12 13 
0
0
0
CF_BEAM-12
3
 P       4
0
2
3
17 18 19 
0
0
 P       4 Z000001
0
2
3
17 18 19 
0
0
CF_BEAM
0
1
3
17 18 19 
0
0
0
CF_BEAM-14
6
 P       6
0
2
3
23 24 25 
0
0
 P       6 Z000001
0
2
3
23 24 25 
0
0
 P       6CFWIRE-4-SET-1
0
2
1
23 
0
0
 P       6CFWIRE-5-SET-1
0
2
1
23 
0
0
 P       6TOP_BEAM
0
2
1
24 
0
0
CF_BEAM
0
1
3
23 24 25 
0
0
0
SHADE-2
3
 P      18
0
2
9
65 66 67 68 69 70 71 72 73 
0
0
 P      18 Z000001
0
2
9
65 66 67 68 69 70 71 72 73 
0
0
WHOLE-SHADE-P
0
1
9
65 66 67 68 69 70 71 72 73 
0
0
0
SHADE-4
3
 P      20
0
2
9
83 84 85 86 87 88 89 90 91 
0
0
 P      20 Z000001
0
2
9
83 84 85 86 87 88 89 90 91 
0
0
WHOLE-SHADE-P
0
1
9
83 84 85 86 87 88 89 90 91 
0
0
0
CF_BEAM-16
4
 P       8
0
2
3
29 30 31 
0
0
 P       8 Z000001
0
2
3
29 30 31 
0
0
 P       8CFWIRE-6-SET-1
0
2
1
29 
0
0
CF_BEAM
0
1
3
29 30 31 
0
0
0
SMA_BEAM-2
10
 P      23
0
2
31
145 146 147 148 149 150 151 152 153 154 155 156 157 158 159 160 161 162 163 164 165 166 167 168 169 170 171 172 173 174 175 
0
0
 P      23 ADJFREE
0
2
1
148 
0
0
 P      23 Z000001
0
2
31
145 146 147 148 149 150 151 152 153 154 155 156 157 158 159 160 161 162 163 164 165 166 167 168 169 170 171 172 173 174 175 
0
0
 P      23Encastre Points
0
2
1
145 
0
0
 P      23LAYER-4
0
2
1
148 
0
0
 P      23SMAWIRE_LAYER-2_BEAM-1
0
2
1
146 
0
0
 P      23SMAWIRE_LAYER-4_BEAM-1
0
2
1
148 
0
0
 P      23SMA_FULLASSEMBLY
0
2
31
145 146 147 148 149 150 151 152 153 154 155 156 157 158 159 160 161 162 163 164 165 166 167 168 169 170 171 172 173 174 175 
0
0
 P      23TRANS_WIRE
0
2
1
148 
0
0
SMA_BEAM
0
1
31
145 146 147 148 149 150 151 152 153 154 155 156 157 158 159 160 161 162 163 164 165 166 167 168 169 170 171 172 173 174 175 
0
0
0
SMA_BEAM-4
9
 P      25
0
2
31
207 208 209 210 211 212 213 214 215 216 217 218 219 220 221 222 223 224 225 226 227 228 229 230 231 232 233 234 235 236 237 
0
0
 P      25 ADJFREE
0
2
1
210 
0
0
 P      25 Z000001
0
2
31
207 208 209 210 211 212 213 214 215 216 217 218 219 220 221 222 223 224 225 226 227 228 229 230 231 232 233 234 235 236 237 
0
0
 P      25Encastre Points
0
2
1
207 
0
0
 P      25LAYER-4
0
2
1
210 
0
0
 P      25SMAWIRE_LAYER-2_BEAM-2
0
2
1
208 
0
0
 P      25SMAWIRE_LAYER-4_BEAM-2
0
2
1
210 
0
0
 P      25SMA_FULLASSEMBLY
0
2
31
207 208 209 210 211 212 213 214 215 216 217 218 219 220 221 222 223 224 225 226 227 228 229 230 231 232 233 234 235 236 237 
0
0
SMA_BEAM
0
1
31
207 208 209 210 211 212 213 214 215 216 217 218 219 220 221 222 223 224 225 226 227 228 229 230 231 232 233 234 235 236 237 
0
0
0
SMA_BEAM-6
9
 P      27
0
2
31
269 270 271 272 273 274 275 276 277 278 279 280 281 282 283 284 285 286 287 288 289 290 291 292 293 294 295 296 297 298 299 
0
0
 P      27 ADJFREE
0
2
1
272 
0
0
 P      27 Z000001
0
2
31
269 270 271 272 273 274 275 276 277 278 279 280 281 282 283 284 285 286 287 288 289 290 291 292 293 294 295 296 297 298 299 
0
0
 P      27Encastre Points
0
2
1
269 
0
0
 P      27LAYER-4
0
2
1
272 
0
0
 P      27SMAWIRE_LAYER-2_BEAM-3
0
2
1
270 
0
0
 P      27SMAWIRE_LAYER-4_BEAM-3
0
2
1
272 
0
0
 P      27SMA_FULLASSEMBLY
0
2
31
269 270 271 272 273 274 275 276 277 278 279 280 281 282 283 284 285 286 287 288 289 290 291 292 293 294 295 296 297 298 299 
0
0
SMA_BEAM
0
1
31
269 270 271 272 273 274 275 276 277 278 279 280 281 282 283 284 285 286 287 288 289 290 291 292 293 294 295 296 297 298 299 
0
0
0
SMA_BEAM-8
9
 P      29
0
2
31
331 332 333 334 335 336 337 338 339 340 341 342 343 344 345 346 347 348 349 350 351 352 353 354 355 356 357 358 359 360 361 
0
0
 P      29 ADJFREE
0
2
1
334 
0
0
 P      29 Z000001
0
2
31
331 332 333 334 335 336 337 338 339 340 341 342 343 344 345 346 347 348 349 350 351 352 353 354 355 356 357 358 359 360 361 
0
0
 P      29Encastre Points
0
2
1
331 
0
0
 P      29LAYER-4
0
2
1
334 
0
0
 P      29SMAWIRE_LAYER-2_BEAM-4
0
2
1
332 
0
0
 P      29SMAWIRE_LAYER-4_BEAM-4
0
2
1
334 
0
0
 P      29SMA_FULLASSEMBLY
0
2
31
331 332 333 334 335 336 337 338 339 340 341 342 343 344 345 346 347 348 349 350 351 352 353 354 355 356 357 358 359 360 361 
0
0
SMA_BEAM
0
1
31
331 332 333 334 335 336 337 338 339 340 341 342 343 344 345 346 347 348 349 350 351 352 353 354 355 356 357 358 359 360 361 
0
0
0
CF_BEAM-3
4
 P      10
0
2
3
35 36 37 
0
0
 P      10 Z000001
0
2
3
35 36 37 
0
0
 P      10Encastre Points
0
2
1
36 
0
0
CF_BEAM
0
1
3
35 36 37 
0
0
0
CF_BEAM-5
4
 P      12
0
2
3
41 42 43 
0
0
 P      12 Z000001
0
2
3
41 42 43 
0
0
 P      12CFWIRE-1-SET-1
0
2
1
41 
0
0
CF_BEAM
0
1
3
41 42 43 
0
0
0
CF_BEAM-7
5
 P      14
0
2
3
47 48 49 
0
0
 P      14 Z000001
0
2
3
47 48 49 
0
0
 P      14CFWIRE-2-SET-1
0
2
1
47 
0
0
 P      14CFWIRE-3-SET-1
0
2
1
47 
0
0
CF_BEAM
0
1
3
47 48 49 
0
0
0
CF_BEAM-9
3
 P      16
0
2
3
53 54 55 
0
0
 P      16 Z000001
0
2
3
53 54 55 
0
0
CF_BEAM
0
1
3
53 54 55 
0
0
0
CF_BEAM-11
3
 P       3
0
2
3
14 15 16 
0
0
 P       3 Z000001
0
2
3
14 15 16 
0
0
CF_BEAM
0
1
3
14 15 16 
0
0
0
CF_BEAM-13
4
 P       5
0
2
3
20 21 22 
0
0
 P       5 Z000001
0
2
3
20 21 22 
0
0
 P       5CFWIRE-4-SET-1
0
2
1
20 
0
0
CF_BEAM
0
1
3
20 21 22 
0
0
0
SHADE-1
3
 P      17
0
2
9
56 57 58 59 60 61 62 63 64 
0
0
 P      17 Z000001
0
2
9
56 57 58 59 60 61 62 63 64 
0
0
WHOLE-SHADE-P
0
1
9
56 57 58 59 60 61 62 63 64 
0
0
0
SHADE-3
3
 P      19
0
2
9
74 75 76 77 78 79 80 81 82 
0
0
 P      19 Z000001
0
2
9
74 75 76 77 78 79 80 81 82 
0
0
WHOLE-SHADE-P
0
1
9
74 75 76 77 78 79 80 81 82 
0
0
0
CF_BEAM-15
5
 P       7
0
2
3
26 27 28 
0
0
 P       7 Z000001
0
2
3
26 27 28 
0
0
 P       7CFWIRE-5-SET-1
0
2
1
26 
0
0
 P       7CFWIRE-6-SET-1
0
2
1
26 
0
0
CF_BEAM
0
1
3
26 27 28 
0
0
0
SMA_BEAM-1
9
 P      22
0
2
31
114 115 116 117 118 119 120 121 122 123 124 125 126 127 128 129 130 131 132 133 134 135 136 137 138 139 140 141 142 143 144 
0
0
 P      22 ADJFREE
0
2
1
117 
0
0
 P      22 Z000001
0
2
31
114 115 116 117 118 119 120 121 122 123 124 125 126 127 128 129 130 131 132 133 134 135 136 137 138 139 140 141 142 143 144 
0
0
 P      22Encastre Points
0
2
1
114 
0
0
 P      22LAYER-4
0
2
1
117 
0
0
 P      22SMAWIRE_LAYER-2_BEAM-4
0
2
1
115 
0
0
 P      22SMAWIRE_LAYER-4_BEAM-4
0
2
1
117 
0
0
 P      22SMA_FULLASSEMBLY
0
2
31
114 115 116 117 118 119 120 121 122 123 124 125 126 127 128 129 130 131 132 133 134 135 136 137 138 139 140 141 142 143 144 
0
0
SMA_BEAM
0
1
31
114 115 116 117 118 119 120 121 122 123 124 125 126 127 128 129 130 131 132 133 134 135 136 137 138 139 140 141 142 143 144 
0
0
0
SMAWIRE_(NITINOL)
5
 P      21
0
2
22
92 93 94 95 96 97 98 99 100 101 102 103 104 105 106 107 108 109 110 111 112 113 
0
0
 P      21 Z000001
0
2
22
92 93 94 95 96 97 98 99 100 101 102 103 104 105 106 107 108 109 110 111 112 113 
0
0
 P      21BOTTOM_BEAM
0
2
1
92 
0
0
 P      21TOP_BEAM
0
2
1
113 
0
0
SMA-ACTUATOR-P
0
1
22
92 93 94 95 96 97 98 99 100 101 102 103 104 105 106 107 108 109 110 111 112 113 
0
0
0
SMA_BEAM-3
9
 P      24
0
2
31
176 177 178 179 180 181 182 183 184 185 186 187 188 189 190 191 192 193 194 195 196 197 198 199 200 201 202 203 204 205 206 
0
0
 P      24 ADJFREE
0
2
1
179 
0
0
 P      24 Z000001
0
2
31
176 177 178 179 180 181 182 183 184 185 186 187 188 189 190 191 192 193 194 195 196 197 198 199 200 201 202 203 204 205 206 
0
0
 P      24Encastre Points
0
2
1
176 
0
0
 P      24LAYER-4
0
2
1
179 
0
0
 P      24SMAWIRE_LAYER-2_BEAM-1
0
2
1
177 
0
0
 P      24SMAWIRE_LAYER-4_BEAM-1
0
2
1
179 
0
0
 P      24SMA_FULLASSEMBLY
0
2
31
176 177 178 179 180 181 182 183 184 185 186 187 188 189 190 191 192 193 194 195 196 197 198 199 200 201 202 203 204 205 206 
0
0
SMA_BEAM
0
1
31
176 177 178 179 180 181 182 183 184 185 186 187 188 189 190 191 192 193 194 195 196 197 198 199 200 201 202 203 204 205 206 
0
0
0
SMA_BEAM-5
9
 P      26
0
2
31
238 239 240 241 242 243 244 245 246 247 248 249 250 251 252 253 254 255 256 257 258 259 260 261 262 263 264 265 266 267 268 
0
0
 P      26 ADJFREE
0
2
1
241 
0
0
 P      26 Z000001
0
2
31
238 239 240 241 242 243 244 245 246 247 248 249 250 251 252 253 254 255 256 257 258 259 260 261 262 263 264 265 266 267 268 
0
0
 P      26Encastre Points
0
2
1
238 
0
0
 P      26LAYER-4
0
2
1
241 
0
0
 P      26SMAWIRE_LAYER-2_BEAM-2
0
2
1
239 
0
0
 P      26SMAWIRE_LAYER-4_BEAM-2
0
2
1
241 
0
0
 P      26SMA_FULLASSEMBLY
0
2
31
238 239 240 241 242 243 244 245 246 247 248 249 250 251 252 253 254 255 256 257 258 259 260 261 262 263 264 265 266 267 268 
0
0
SMA_BEAM
0
1
31
238 239 240 241 242 243 244 245 246 247 248 249 250 251 252 253 254 255 256 257 258 259 260 261 262 263 264 265 266 267 268 
0
0
0
SMA_BEAM-7
9
 P      28
0
2
31
300 301 302 303 304 305 306 307 308 309 310 311 312 313 314 315 316 317 318 319 320 321 322 323 324 325 326 327 328 329 330 
0
0
 P      28 ADJFREE
0
2
1
303 
0
0
 P      28 Z000001
0
2
31
300 301 302 303 304 305 306 307 308 309 310 311 312 313 314 315 316 317 318 319 320 321 322 323 324 325 326 327 328 329 330 
0
0
 P      28Encastre Points
0
2
1
300 
0
0
 P      28LAYER-4
0
2
1
303 
0
0
 P      28SMAWIRE_LAYER-2_BEAM-3
0
2
1
301 
0
0
 P      28SMAWIRE_LAYER-4_BEAM-3
0
2
1
303 
0
0
 P      28SMA_FULLASSEMBLY
0
2
31
300 301 302 303 304 305 306 307 308 309 310 311 312 313 314 315 316 317 318 319 320 321 322 323 324 325 326 327 328 329 330 
0
0
SMA_BEAM
0
1
31
300 301 302 303 304 305 306 307 308 309 310 311 312 313 314 315 316 317 318 319 320 321 322 323 324 325 326 327 328 329 330 
0
0
0
25
CF_BEAM-1
1
CF_FULL
0
0
1

1
18 
CF_BEAM-10
1
CF_FULL
0
0
1

1
27 
CF_BEAM-11
1
CF_FULL
0
0
1

1
28 
CF_BEAM-12
1
CF_FULL
0
0
1

1
29 
CF_BEAM-13
1
CF_FULL
0
0
1

1
30 
CF_BEAM-14
1
CF_FULL
0
0
1

1
31 
CF_BEAM-15
1
CF_FULL
0
0
1

1
32 
CF_BEAM-16
1
CF_FULL
0
0
1

1
33 
CF_BEAM-2
1
CF_FULL
0
0
1

1
19 
CF_BEAM-3
1
CF_FULL
0
0
1

1
20 
CF_BEAM-4
1
CF_FULL
0
0
1

1
21 
CF_BEAM-5
1
CF_FULL
0
0
1

1
22 
CF_BEAM-6
1
CF_FULL
0
0
1

1
23 
CF_BEAM-7
1
CF_FULL
0
0
1

1
24 
CF_BEAM-8
1
CF_FULL
0
0
1

1
25 
CF_BEAM-9
1
CF_FULL
0
0
1

1
26 
SMAWIRE_(NITINOL)
1
FLUX-SURFACE
0
0
1

21
50 51 52 53 54 55 56 57 58 59 60 61 62 63 64 65 66 67 68 69 70 
SMA_BEAM-1
1
SMA_FULL
0
0
1

15
71 72 73 74 75 76 77 78 79 80 81 82 83 84 85 
SMA_BEAM-2
1
SMA_FULL
0
0
1

15
86 87 88 89 90 91 92 93 94 95 96 97 98 99 100 
SMA_BEAM-3
1
SMA_FULL
0
0
1

15
101 102 103 104 105 106 107 108 109 110 111 112 113 114 115 
SMA_BEAM-4
1
SMA_FULL
0
0
1

15
116 117 118 119 120 121 122 123 124 125 126 127 128 129 130 
SMA_BEAM-5
1
SMA_FULL
0
0
1

15
131 132 133 134 135 136 137 138 139 140 141 142 143 144 145 
SMA_BEAM-6
1
SMA_FULL
0
0
1

15
146 147 148 149 150 151 152 153 154 155 156 157 158 159 160 
SMA_BEAM-7
1
SMA_FULL
0
0
1

15
161 162 163 164 165 166 167 168 169 170 171 172 173 174 175 
SMA_BEAM-8
1
SMA_FULL
0
0
1

15
176 177 178 179 180 181 182 183 184 185 186 187 188 189 190 
28
SHADE_GEOM-1
0
0
0
1
SHADE-1
0
0
1
SPOS
4
34 35 36 37 
SHADE_GEOM-2
0
0
0
1
SHADE-2
0
0
1
SPOS
4
38 39 40 41 
SHADE_GEOM-3
0
0
0
1
SHADE-3
0
0
1
SPOS
4
42 43 44 45 
SHADE_GEOM-4
0
0
0
1
SHADE-4
0
0
1
SPOS
4
46 47 48 49 
S_SET-88_CNS_
1
0
0
1
SHADE-2
1
0
1
65
1
S_SET-90_CNS_
1
0
0
1
SHADE-1
1
0
1
56
1
S_SET-92_CNS_
1
0
0
1
SHADE-4
1
0
1
83
1
S_SET-94_CNS_
1
0
0
1
SHADE-3
1
0
1
74
1
_PICKEDSET106_CNS_
1
0
0
1
SMA_BEAM-2
1
0
1
147
1
_PICKEDSET108_CNS_
1
0
0
1
SMA_BEAM-4
1
0
1
209
1
_PICKEDSET110_CNS_
1
0
0
1
SMA_BEAM-6
1
0
1
271
1
_PICKEDSET112_CNS_
1
0
0
1
SMA_BEAM-8
1
0
1
333
1
_PICKEDSET62_CNS_
1
0
0
1
CF_BEAM-1
1
0
1
8
1
_PICKEDSET63_CNS_
1
0
0
1
CF_BEAM-2
1
0
1
32
1
_PICKEDSET64_CNS_
1
0
0
1
CF_BEAM-2
1
0
1
32
1
_PICKEDSET65_CNS_
1
0
0
1
CF_BEAM-3
1
0
1
35
1
_PICKEDSET66_CNS_
1
0
0
1
CF_BEAM-3
1
0
1
35
1
_PICKEDSET67_CNS_
1
0
0
1
CF_BEAM-4
1
0
1
38
1
_PICKEDSET76_CNS_
1
0
0
1
SMA_BEAM-2
1
0
1
145
1
_PICKEDSET78_CNS_
1
0
0
1
SMA_BEAM-4
1
0
1
207
1
_PICKEDSET80_CNS_
1
0
0
1
SMA_BEAM-6
1
0
1
269
1
_PICKEDSET82_CNS_
1
0
0
1
SMA_BEAM-8
1
0
1
331
1
_PICKEDSET92_CNS_
1
0
0
1
CF_BEAM-9
1
0
1
53
1
_PICKEDSET93_CNS_
1
0
0
1
CF_BEAM-10
1
0
1
11
1
_PICKEDSET94_CNS_
1
0
0
1
CF_BEAM-10
1
0
1
11
1
_PICKEDSET95_CNS_
1
0
0
1
CF_BEAM-11
1
0
1
14
1
_PICKEDSET96_CNS_
1
0
0
1
CF_BEAM-11
1
0
1
14
1
_PICKEDSET97_CNS_
1
0
0
1
CF_BEAM-12
1
0
1
17
1
