1
0
1
ASSEMBLY
1
CYLINDER-(ALUMINUM)
CYLINDER-(ALUMINUM)
1
CYLINDER-(ALUMINUM)
14
-2147483646
0
48 1 16 5 0 1 0 -1 -1 10143 1 -1879048189 1 10143 
14
48 1 16 5 0 1 0 -1 -1 10143 1 -1879048189 1 10143 
0
1
CYLINDER-(ALUMINUM)
14
-2147483646
0
48 1 16 5 0 1 0 -1 -1 9000 1 -1879048189 1 9000 
14
48 1 16 5 0 1 0 -1 -1 9000 1 -1879048189 1 9000 
0
7
FIXED-SET
0
1
0
1
CYLINDER-(ALUMINUM)
14
-2147483647
48 1 16 5 0 1 0 -1 -1 450 1 -1879048189 8551 450 
0
SET-1
0
1
0
1
CYLINDER-(ALUMINUM)
14
-2147483647
48 1 16 5 0 1 0 -1 -1 9000 1 -1879048189 1 9000 
0
_ALL-SURFACES_S1
0
2
0
1
CYLINDER-(ALUMINUM)
14
-2147483647
48 1 16 5 0 1 0 -1 -1 450 1 -1879048189 1 450 
0
_ALL-SURFACES_S2
0
2
0
1
CYLINDER-(ALUMINUM)
14
-2147483647
48 1 16 5 0 1 0 -1 -1 450 1 -1879048189 8551 450 
0
_ALL-SURFACES_S3
0
2
0
1
CYLINDER-(ALUMINUM)
149
-2147483647
588 1 16 140 0 1 0 -1 -1 360 5 -1073741817 -268435442 -1073741722 -268435347 -1073741687 7 160 938539 2704 67108864 536870912 1 423 192 14 448 32 3754156 10816 268435456 -2147483648 4 128 15016624 43264 1073741824 0 18 512 60066496 173056 0 1 72 2048 240265984 692224 0 4 288 8192 961063936 2768896 0 16 1152 32768 -450711552 11075584 0 64 4608 131072 -1802846208 44302339 0 256 18432 524288 1378549760 177209358 0 1024 73728 2097152 1219231744 708837433 0 4096 294912 8388608 581959680 -1459617563 0 16384 1179648 33554432 -1967128576 -1543502956 2 65536 4718592 134217728 721420288 -1879044526 10 262144 18874368 536870912 -1409286144 1073756488 42 1048576 75497472 -2147483648 -1342177280 58658 169 4194304 301989888 6727 160 -1073741822 234634 676 16777216 1207959552 7175 192 4 448 8 938539 2704 67108864 536870912 1 32 3754156 10816 268435456 -2147483648 4 128 15016624 43264 1073741824 0 18 512 60066496 173056 0 1 72 8967 32 2048 
0
_ALL-SURFACES_S5
0
2
0
1
CYLINDER-(ALUMINUM)
130
-2147483647
512 1 16 121 0 1 0 -1 -1 900 3 -268435451 -268435387 -268435359 1 160 12 448 -2075495121 -1979905975 831853586 2320 768 287954108 670310694 -967552950 9280 3072 1151816432 -1613724520 424755496 37123 12288 312298432 2135036513 1699021986 148492 49152 1249193728 -49788540 -1793846647 593969 196608 701807616 -199154159 1414548007 2375878 786432 -1487736832 -796616636 1363224735 9503513 3145728 -1655980032 1108500754 1157931647 38014053 12582912 1966014464 139035722 336759293 152056213 50331648 -725876736 556142889 1347037172 608224852 201326592 1391460352 -2070395737 1093181392 -1862067887 805306368 1270874112 308351645 77758274 1141663045 -1073741822 5377 192 4 448 788529152 1233406581 311033096 271684884 9 3 -1140850688 638659028 1244132385 1086739536 36 12 -268435456 -1740331182 681562244 51990849 145 48 -1073741824 1628609867 -1568718318 207963396 580 192 7201 160 4 448 -2075495121 -1979905975 831853586 2320 768 287954108 670310694 -967552950 9280 3072 1151816432 -1613724520 424755496 37123 12288 312298432 2135036513 1699021986 148492 49152 
0
_ALL-SURFACES_S6
0
2
0
1
CYLINDER-(ALUMINUM)
20
28 478 928 1378 1828 2278 2728 3178 3628 4078 4528 4978 5428 5878 6328 6778 7228 7678 8128 8578 
0
1
CYLINDER-(ALUMINUM)
1
SET-3
0
1
14
-2147483647
48 1 16 5 0 1 0 -1 -1 9000 1 -1879048189 1 9000 
0
0
0
2
FIXED-SET
0
1
0
1
CYLINDER-(ALUMINUM)
14
-2147483647
48 1 16 5 0 1 0 -1 -1 483 1 -1879048189 9661 483 
0
SET-1
0
1
0
1
CYLINDER-(ALUMINUM)
14
-2147483647
48 1 16 5 0 1 0 -1 -1 10143 1 -1879048189 1 10143 
0
1
CYLINDER-(ALUMINUM)
1
SET-3
0
1
14
-2147483647
48 1 16 5 0 1 0 -1 -1 10143 1 -1879048189 1 10143 
0
0
0
0
1
ALL-SURFACES
0
0
0
1
CYLINDER-(ALUMINUM)
0
0
5
S5
130
-2147483647
512 1 16 121 0 1 0 -1 -1 900 3 -268435451 -268435387 -268435359 1 160 12 448 -2075495121 -1979905975 831853586 2320 768 287954108 670310694 -967552950 9280 3072 1151816432 -1613724520 424755496 37123 12288 312298432 2135036513 1699021986 148492 49152 1249193728 -49788540 -1793846647 593969 196608 701807616 -199154159 1414548007 2375878 786432 -1487736832 -796616636 1363224735 9503513 3145728 -1655980032 1108500754 1157931647 38014053 12582912 1966014464 139035722 336759293 152056213 50331648 -725876736 556142889 1347037172 608224852 201326592 1391460352 -2070395737 1093181392 -1862067887 805306368 1270874112 308351645 77758274 1141663045 -1073741822 5377 192 4 448 788529152 1233406581 311033096 271684884 9 3 -1140850688 638659028 1244132385 1086739536 36 12 -268435456 -1740331182 681562244 51990849 145 48 -1073741824 1628609867 -1568718318 207963396 580 192 7201 160 4 448 -2075495121 -1979905975 831853586 2320 768 287954108 670310694 -967552950 9280 3072 1151816432 -1613724520 424755496 37123 12288 312298432 2135036513 1699021986 148492 49152 
S3
149
-2147483647
588 1 16 140 0 1 0 -1 -1 360 5 -1073741817 -268435442 -1073741722 -268435347 -1073741687 7 160 938539 2704 67108864 536870912 1 423 192 14 448 32 3754156 10816 268435456 -2147483648 4 128 15016624 43264 1073741824 0 18 512 60066496 173056 0 1 72 2048 240265984 692224 0 4 288 8192 961063936 2768896 0 16 1152 32768 -450711552 11075584 0 64 4608 131072 -1802846208 44302339 0 256 18432 524288 1378549760 177209358 0 1024 73728 2097152 1219231744 708837433 0 4096 294912 8388608 581959680 -1459617563 0 16384 1179648 33554432 -1967128576 -1543502956 2 65536 4718592 134217728 721420288 -1879044526 10 262144 18874368 536870912 -1409286144 1073756488 42 1048576 75497472 -2147483648 -1342177280 58658 169 4194304 301989888 6727 160 -1073741822 234634 676 16777216 1207959552 7175 192 4 448 8 938539 2704 67108864 536870912 1 32 3754156 10816 268435456 -2147483648 4 128 15016624 43264 1073741824 0 18 512 60066496 173056 0 1 72 8967 32 2048 
S6
20
28 478 928 1378 1828 2278 2728 3178 3628 4078 4528 4978 5428 5878 6328 6778 7228 7678 8128 8578 
S2
14
-2147483647
48 1 16 5 0 1 0 -1 -1 450 1 -1879048189 8551 450 
S1
14
-2147483647
48 1 16 5 0 1 0 -1 -1 450 1 -1879048189 1 450 
