Analysis initiated from SIMULIA established products
Abaqus JOB BakeTransient2
Abaqus 2025
Abaqus License Manager checked out the following licenses:
Abaqus/Standard checked out 5 tokens from Flexnet server hprc-license.tamu.edu.
<310 out of 320 licenses remain available>.
Begin Analysis Input File Processor
5/3/2026 2:23:11 AM
Run pre.exe
5/3/2026 2:23:14 AM
End Analysis Input File Processor
Begin Abaqus/Standard Analysis
5/3/2026 2:23:14 AM
Run standard.exe
5/3/2026 2:26:13 AM
End Abaqus/Standard Analysis
Begin SIM Wrap-up
5/3/2026 2:26:14 AM
Run SMASimUtility.exe
5/3/2026 2:26:14 AM
End SIM Wrap-up
Abaqus JOB BakeTransient2 COMPLETED
