Analysis initiated from SIMULIA established products
Abaqus JOB BakeTransient
Abaqus 2025
Abaqus License Manager checked out the following licenses:
Abaqus/Standard checked out 5 tokens from Flexnet server hprc-license.tamu.edu.
<121 out of 160 licenses remain available>.
Begin Analysis Input File Processor
12/7/2025 10:22:50 PM
Run pre.exe
12/7/2025 10:22:59 PM
End Analysis Input File Processor
Begin Abaqus/Standard Analysis
12/7/2025 10:22:59 PM
Run standard.exe
12/7/2025 10:26:51 PM
End Abaqus/Standard Analysis
Begin SIM Wrap-up
12/7/2025 10:26:52 PM
Run SMASimUtility.exe
12/7/2025 10:26:53 PM
End SIM Wrap-up
Abaqus JOB BakeTransient COMPLETED
