Analysis initiated from SIMULIA established products
Abaqus JOB BakeCubeTransient
Abaqus 2025
Abaqus License Manager checked out the following licenses:
Abaqus/Standard checked out 5 tokens from Flexnet server hprc-license.tamu.edu.
<121 out of 160 licenses remain available>.
Begin Analysis Input File Processor
12/7/2025 9:31:30 PM
Run pre.exe
12/7/2025 9:31:45 PM
End Analysis Input File Processor
Begin Abaqus/Standard Analysis
12/7/2025 9:31:45 PM
Run standard.exe
12/7/2025 11:07:50 PM
Abaqus Error: Abaqus/Standard Analysis exited with an error - Please see the 
message file for possible error messages if the file exists.
Begin SIM Wrap-up
12/7/2025 11:07:51 PM
Run SMASimUtility.exe
12/7/2025 11:07:52 PM
End SIM Wrap-up
Abaqus/Analysis exited with errors
Socket error: [WinError 10061] No connection could be made because the target machine actively refused it
