Analysis initiated from SIMULIA established products
Abaqus JOB BakeStrip
Abaqus 2025
Abaqus License Manager checked out the following licenses:
Abaqus/Standard checked out 5 tokens from Flexnet server hprc-license.tamu.edu.
<125 out of 160 licenses remain available>.
Begin Analysis Input File Processor
12/10/2025 3:38:16 PM
Run pre.exe
12/10/2025 3:38:19 PM
End Analysis Input File Processor
Begin Abaqus/Standard Analysis
12/10/2025 3:38:19 PM
Run standard.exe
12/10/2025 3:38:47 PM
End Abaqus/Standard Analysis
Begin SIM Wrap-up
12/10/2025 3:38:48 PM
Run SMASimUtility.exe
12/10/2025 3:38:49 PM
End SIM Wrap-up
Abaqus JOB BakeStrip COMPLETED
