 Abaqus/Standard 2025                  DATE 10-Dec-2025 TIME 15:38:20
 SUMMARY OF JOB INFORMATION:
 STEP  INC ATT SEVERE EQUIL TOTAL  TOTAL      STEP       INC OF       DOF    IF
               DISCON ITERS ITERS  TIME/    TIME/LPF    TIME/LPF    MONITOR RIKS
               ITERS               FREQ
   1     1   1     0     5     5  2.00       2.00       2.000     
   1     2   1     0     6     6  4.00       4.00       2.000     
   1     3   1     0     6     6  6.00       6.00       2.000     
   1     4   1     0     6     6  8.00       8.00       2.000     
   1     5   1     0     6     6  10.0       10.0       2.000     
   1     6   1     0     6     6  12.0       12.0       2.000     
   1     7   1     0     6     6  14.0       14.0       2.000     
   1     8   1     0     4     4  16.0       16.0       2.000     
   1     9   1     0     6     6  18.0       18.0       2.000     
   1    10   1     0     4     4  20.0       20.0       2.000     
   1    11   1     0     4     4  22.0       22.0       2.000     
   1    12   1U    0     7     7  22.0       22.0       3.000     
   1    12   2     0     3     3  22.8       22.8       0.7500    
   1    13   1     0     2     2  23.9       23.9       1.125     
   1    14   1     0     4     4  25.6       25.6       1.688     
   1    15   1     0     4     4  28.1       28.1       2.531     
   1    16   1U    0     5     5  28.1       28.1       3.797     
   1    16   2     0     3     3  29.0       29.0       0.9492    
   1    17   1     0     3     3  30.5       30.5       1.424     
   1    18   1     0     4     4  32.6       32.6       2.136     
   1    19   1U    0     8     8  32.6       32.6       3.204     
   1    19   2     0     3     3  33.4       33.4       0.8009    
   1    20   1     0     2     2  34.6       34.6       1.201     
   1    21   1     0     4     4  36.4       36.4       1.802     
   1    22   1     0     4     4  39.1       39.1       2.703     
   1    23   1U    0     9     9  39.1       39.1       4.000     
   1    23   2     0     3     3  40.1       40.1       1.000     
   1    24   1     0     3     3  41.6       41.6       1.500     
   1    25   1     0     4     4  43.9       43.9       2.250     
   1    26   1U    0     7     7  43.9       43.9       3.375     
   1    26   2     0     3     3  44.7       44.7       0.8438    
   1    27   1     0     2     2  46.0       46.0       1.266     
   1    28   1     0     4     4  47.9       47.9       1.898     
   1    29   1     0     4     4  50.7       50.7       2.848     
   1    30   1U    0     5     5  50.7       50.7       4.000     
   1    30   2     0     3     3  51.7       51.7       1.000     
   1    31   1     0     3     3  53.2       53.2       1.500     
   1    32   1     0     4     4  55.5       55.5       2.250     
   1    33   1     0     6     6  58.8       58.8       3.375     
   1    34   1U    0     6     6  58.8       58.8       3.375     
   1    34   2     0     3     3  59.7       59.7       0.8438    
   1    35   1     0     2     2  60.5       60.5       0.8438    
   1    36   1     0     2     2  61.8       61.8       1.266     
   1    37   1     0     3     3  63.7       63.7       1.898     
   1    38   1     0     4     4  66.5       66.5       2.848     
   1    39   1U    0     7     7  66.5       66.5       4.000     
   1    39   2     0     3     3  67.5       67.5       1.000     
   1    40   1     0     2     2  69.0       69.0       1.500     
   1    41   1     0     4     4  71.3       71.3       2.250     
   1    42   1     0     4     4  74.7       74.7       3.375     
   1    43   1U    0     6     6  74.7       74.7       4.000     
   1    43   2     0     3     3  75.7       75.7       1.000     
   1    44   1     0     3     3  77.2       77.2       1.500     
   1    45   1     0     4     4  79.4       79.4       2.250     
   1    46   1     0     4     4  82.8       82.8       3.375     
   1    47   1U    0     4     4  82.8       82.8       4.000     
   1    47   2     0     3     3  83.8       83.8       1.000     
   1    48   1     0     2     2  85.3       85.3       1.500     
   1    49   1     0     4     4  87.5       87.5       2.250     
   1    50   1     0     4     4  90.9       90.9       3.375     
   1    51   1U    0     6     6  90.9       90.9       4.000     
   1    51   2     0     3     3  91.9       91.9       1.000     
   1    52   1     0     2     2  93.4       93.4       1.500     
   1    53   1     0     4     4  95.7       95.7       2.250     
   1    54   1     0     2     2  99.0       99.0       3.375     
   1    55   1     0     2     2  100.       100.       0.9604    
                          
 THE ANALYSIS HAS COMPLETED SUCCESSFULLY
