 Abaqus/Standard 2025                  DATE 09-Jul-2026 TIME 11:51:47
 SUMMARY OF JOB INFORMATION:
 STEP  INC ATT SEVERE EQUIL TOTAL  TOTAL      STEP       INC OF       DOF    IF
               DISCON ITERS ITERS  TIME/    TIME/LPF    TIME/LPF    MONITOR RIKS
               ITERS               FREQ
   1     1   1     0     1     1  0.0100     0.0100     0.01000   
   1     2   1     0     1     1  0.0200     0.0200     0.01000   
   1     3   1     0     1     1  0.0300     0.0300     0.01000   
   1     4   1     0     1     1  0.0400     0.0400     0.01000   
   1     5   1     0     1     1  0.0500     0.0500     0.01000   
   1     6   1     0     1     1  0.0600     0.0600     0.01000   
   1     7   1     0     1     1  0.0700     0.0700     0.01000   
   1     8   1     0     1     1  0.0800     0.0800     0.01000   
   1     9   1     0     1     1  0.0900     0.0900     0.01000   
   1    10   1     0     1     1  0.100      0.100      0.01000   
   1    11   1     0     1     1  0.110      0.110      0.01000   
   1    12   1     0     1     1  0.120      0.120      0.01000   
   1    13   1     0     1     1  0.130      0.130      0.01000   
   1    14   1     0     1     1  0.140      0.140      0.01000   
   1    15   1     0     1     1  0.150      0.150      0.01000   
   1    16   1     0     1     1  0.160      0.160      0.01000   
   1    17   1     0     1     1  0.170      0.170      0.01000   
   1    18   1     0     1     1  0.180      0.180      0.01000   
   1    19   1     0     1     1  0.190      0.190      0.01000   
   1    20   1     0     1     1  0.200      0.200      0.01000   
   1    21   1     0     1     1  0.210      0.210      0.01000   
   1    22   1     0     1     1  0.220      0.220      0.01000   
   1    23   1     0     1     1  0.230      0.230      0.01000   
   1    24   1     0     1     1  0.240      0.240      0.01000   
   1    25   1     0     1     1  0.250      0.250      0.01000   
   1    26   1     0     1     1  0.260      0.260      0.01000   
   1    27   1     0     1     1  0.270      0.270      0.01000   
   1    28   1     0     1     1  0.280      0.280      0.01000   
   1    29   1     0     1     1  0.290      0.290      0.01000   
   1    30   1     0     1     1  0.300      0.300      0.01000   
   1    31   1     0     1     1  0.310      0.310      0.01000   
   1    32   1     0     1     1  0.320      0.320      0.01000   
   1    33   1     0     1     1  0.330      0.330      0.01000   
   1    34   1     0     1     1  0.340      0.340      0.01000   
   1    35   1     0     1     1  0.350      0.350      0.01000   
   1    36   1     0     1     1  0.360      0.360      0.01000   
   1    37   1     0     1     1  0.370      0.370      0.01000   
   1    38   1     0     1     1  0.380      0.380      0.01000   
   1    39   1     0     1     1  0.390      0.390      0.01000   
   1    40   1     0     1     1  0.400      0.400      0.01000   
   1    41   1     0     1     1  0.410      0.410      0.01000   
   1    42   1     0     1     1  0.420      0.420      0.01000   
   1    43   1     0     1     1  0.430      0.430      0.01000   
   1    44   1     0     1     1  0.440      0.440      0.01000   
   1    45   1     0     1     1  0.450      0.450      0.01000   
   1    46   1     0     1     1  0.460      0.460      0.01000   
   1    47   1     0     1     1  0.470      0.470      0.01000   
   1    48   1     0     1     1  0.480      0.480      0.01000   
   1    49   1     0     1     1  0.490      0.490      0.01000   
   1    50   1     0     1     1  0.500      0.500      0.01000   
   1    51   1     0     1     1  0.510      0.510      0.01000   
   1    52   1     0     1     1  0.520      0.520      0.01000   
   1    53   1     0     1     1  0.530      0.530      0.01000   
   1    54   1     0     1     1  0.540      0.540      0.01000   
   1    55   1     0     1     1  0.550      0.550      0.01000   
   1    56   1     0     1     1  0.560      0.560      0.01000   
   1    57   1     0     1     1  0.570      0.570      0.01000   
   1    58   1     0     1     1  0.580      0.580      0.01000   
   1    59   1     0     1     1  0.590      0.590      0.01000   
   1    60   1     0     1     1  0.600      0.600      0.01000   
   1    61   1     0     1     1  0.610      0.610      0.01000   
   1    62   1     0     1     1  0.620      0.620      0.01000   
   1    63   1     0     1     1  0.630      0.630      0.01000   
   1    64   1     0     1     1  0.640      0.640      0.01000   
   1    65   1     0     1     1  0.650      0.650      0.01000   
   1    66   1     0     1     1  0.660      0.660      0.01000   
   1    67   1     0     1     1  0.670      0.670      0.01000   
   1    68   1     0     1     1  0.680      0.680      0.01000   
   1    69   1     0     1     1  0.690      0.690      0.01000   
   1    70   1     0     1     1  0.700      0.700      0.01000   
   1    71   1     0     1     1  0.710      0.710      0.01000   
   1    72   1     0     1     1  0.720      0.720      0.01000   
   1    73   1     0     1     1  0.730      0.730      0.01000   
   1    74   1     0     1     1  0.740      0.740      0.01000   
   1    75   1     0     1     1  0.750      0.750      0.01000   
   1    76   1     0     1     1  0.760      0.760      0.01000   
   1    77   1     0     1     1  0.770      0.770      0.01000   
   1    78   1     0     1     1  0.780      0.780      0.01000   
   1    79   1     0     1     1  0.790      0.790      0.01000   
   1    80   1     0     1     1  0.800      0.800      0.01000   
   1    81   1     0     1     1  0.810      0.810      0.01000   
   1    82   1     0     1     1  0.820      0.820      0.01000   
   1    83   1     0     1     1  0.830      0.830      0.01000   
   1    84   1     0     1     1  0.840      0.840      0.01000   
   1    85   1     0     1     1  0.850      0.850      0.01000   
   1    86   1     0     1     1  0.860      0.860      0.01000   
   1    87   1     0     1     1  0.870      0.870      0.01000   
   1    88   1     0     1     1  0.880      0.880      0.01000   
   1    89   1     0     1     1  0.890      0.890      0.01000   
   1    90   1     0     1     1  0.900      0.900      0.01000   
   1    91   1     0     1     1  0.910      0.910      0.01000   
   1    92   1     0     1     1  0.920      0.920      0.01000   
   1    93   1     0     1     1  0.930      0.930      0.01000   
   1    94   1     0     1     1  0.940      0.940      0.01000   
   1    95   1     0     1     1  0.950      0.950      0.01000   
   1    96   1     0     1     1  0.960      0.960      0.01000   
   1    97   1     0     1     1  0.970      0.970      0.01000   
   1    98   1     0     1     1  0.980      0.980      0.01000   
   1    99   1     0     1     1  0.990      0.990      0.01000   
   1   100   1     0     1     1  1.00       1.00       0.01000   
   2     1   1     0     1     1  1.01       0.0100     0.01000   
   2     2   1     0     1     1  1.02       0.0200     0.01000   
   2     3   1     0     1     1  1.03       0.0300     0.01000   
   2     4   1     0     1     1  1.04       0.0400     0.01000   
   2     5   1     0     1     1  1.05       0.0500     0.01000   
   2     6   1     0     1     1  1.06       0.0600     0.01000   
   2     7   1     0     1     1  1.07       0.0700     0.01000   
   2     8   1     0     1     1  1.08       0.0800     0.01000   
   2     9   1     0     1     1  1.09       0.0900     0.01000   
   2    10   1     0     1     1  1.10       0.100      0.01000   
   2    11   1     0     1     1  1.11       0.110      0.01000   
   2    12   1     0     1     1  1.12       0.120      0.01000   
   2    13   1     0     1     1  1.13       0.130      0.01000   
   2    14   1     0     1     1  1.14       0.140      0.01000   
   2    15   1     0     1     1  1.15       0.150      0.01000   
   2    16   1     0     1     1  1.16       0.160      0.01000   
   2    17   1     0     1     1  1.17       0.170      0.01000   
   2    18   1     0     1     1  1.18       0.180      0.01000   
   2    19   1     0     1     1  1.19       0.190      0.01000   
   2    20   1     0     1     1  1.20       0.200      0.01000   
   2    21   1     0     1     1  1.21       0.210      0.01000   
   2    22   1     0     1     1  1.22       0.220      0.01000   
   2    23   1     0     1     1  1.23       0.230      0.01000   
   2    24   1     0     1     1  1.24       0.240      0.01000   
   2    25   1     0     1     1  1.25       0.250      0.01000   
   2    26   1     0     1     1  1.26       0.260      0.01000   
   2    27   1     0     1     1  1.27       0.270      0.01000   
   2    28   1     0     1     1  1.28       0.280      0.01000   
   2    29   1     0     1     1  1.29       0.290      0.01000   
   2    30   1     0     1     1  1.30       0.300      0.01000   
   2    31   1     0     1     1  1.31       0.310      0.01000   
   2    32   1     0     1     1  1.32       0.320      0.01000   
   2    33   1     0     1     1  1.33       0.330      0.01000   
   2    34   1     0     1     1  1.34       0.340      0.01000   
   2    35   1     0     1     1  1.35       0.350      0.01000   
   2    36   1     0     1     1  1.36       0.360      0.01000   
   2    37   1     0     1     1  1.37       0.370      0.01000   
   2    38   1     0     1     1  1.38       0.380      0.01000   
   2    39   1     0     1     1  1.39       0.390      0.01000   
   2    40   1     0     1     1  1.40       0.400      0.01000   
   2    41   1     0     1     1  1.41       0.410      0.01000   
   2    42   1     0     1     1  1.42       0.420      0.01000   
   2    43   1     0     1     1  1.43       0.430      0.01000   
   2    44   1     0     1     1  1.44       0.440      0.01000   
   2    45   1     0     1     1  1.45       0.450      0.01000   
   2    46   1     0     1     1  1.46       0.460      0.01000   
   2    47   1     0     1     1  1.47       0.470      0.01000   
   2    48   1     0     2     2  1.48       0.480      0.01000   
   2    49   1     0     2     2  1.49       0.490      0.01000   
   2    50   1     0     1     1  1.50       0.500      0.01000   
   2    51   1     0     1     1  1.51       0.510      0.01000   
   2    52   1     0     1     1  1.52       0.520      0.01000   
   2    53   1     0     1     1  1.53       0.530      0.01000   
   2    54   1     0     1     1  1.54       0.540      0.01000   
   2    55   1     0     1     1  1.55       0.550      0.01000   
   2    56   1     0     1     1  1.56       0.560      0.01000   
   2    57   1     0     1     1  1.57       0.570      0.01000   
   2    58   1     0     1     1  1.58       0.580      0.01000   
   2    59   1     0     1     1  1.59       0.590      0.01000   
   2    60   1     0     1     1  1.60       0.600      0.01000   
   2    61   1     0     1     1  1.61       0.610      0.01000   
   2    62   1     0     1     1  1.62       0.620      0.01000   
   2    63   1     0     1     1  1.63       0.630      0.01000   
   2    64   1     0     1     1  1.64       0.640      0.01000   
   2    65   1     0     1     1  1.65       0.650      0.01000   
   2    66   1     0     1     1  1.66       0.660      0.01000   
   2    67   1     0     1     1  1.67       0.670      0.01000   
   2    68   1     0     1     1  1.68       0.680      0.01000   
   2    69   1     0     1     1  1.69       0.690      0.01000   
   2    70   1     0     1     1  1.70       0.700      0.01000   
   2    71   1     0     1     1  1.71       0.710      0.01000   
   2    72   1     0     1     1  1.72       0.720      0.01000   
   2    73   1     0     1     1  1.73       0.730      0.01000   
   2    74   1     0     1     1  1.74       0.740      0.01000   
   2    75   1     0     1     1  1.75       0.750      0.01000   
   2    76   1     0     1     1  1.76       0.760      0.01000   
   2    77   1     0     1     1  1.77       0.770      0.01000   
   2    78   1     0     1     1  1.78       0.780      0.01000   
   2    79   1     0     1     1  1.79       0.790      0.01000   
   2    80   1     0     1     1  1.80       0.800      0.01000   
   2    81   1     0     1     1  1.81       0.810      0.01000   
   2    82   1     0     1     1  1.82       0.820      0.01000   
   2    83   1     0     1     1  1.83       0.830      0.01000   
   2    84   1     0     1     1  1.84       0.840      0.01000   
   2    85   1     0     1     1  1.85       0.850      0.01000   
   2    86   1     0     1     1  1.86       0.860      0.01000   
   2    87   1     0     1     1  1.87       0.870      0.01000   
   2    88   1     0     1     1  1.88       0.880      0.01000   
   2    89   1     0     1     1  1.89       0.890      0.01000   
   2    90   1     0     1     1  1.90       0.900      0.01000   
   2    91   1     0     1     1  1.91       0.910      0.01000   
   2    92   1     0     1     1  1.92       0.920      0.01000   
   2    93   1     0     1     1  1.93       0.930      0.01000   
   2    94   1     0     1     1  1.94       0.940      0.01000   
   2    95   1     0     1     1  1.95       0.950      0.01000   
   2    96   1     0     1     1  1.96       0.960      0.01000   
   2    97   1     0     1     1  1.97       0.970      0.01000   
   2    98   1     0     1     1  1.98       0.980      0.01000   
   2    99   1     0     1     1  1.99       0.990      0.01000   
   2   100   1     0     1     1  2.00       1.00       0.01000   
   3     1   1     0     1     1  2.01       0.0100     0.01000   
   3     2   1     0     1     1  2.02       0.0200     0.01000   
   3     3   1     0     1     1  2.03       0.0300     0.01000   
   3     4   1     0     1     1  2.04       0.0400     0.01000   
   3     5   1     0     1     1  2.05       0.0500     0.01000   
   3     6   1     0     1     1  2.06       0.0600     0.01000   
   3     7   1     0     1     1  2.07       0.0700     0.01000   
   3     8   1     0     1     1  2.08       0.0800     0.01000   
   3     9   1     0     1     1  2.09       0.0900     0.01000   
   3    10   1     0     1     1  2.10       0.100      0.01000   
   3    11   1     0     1     1  2.11       0.110      0.01000   
   3    12   1     0     1     1  2.12       0.120      0.01000   
   3    13   1     0     1     1  2.13       0.130      0.01000   
   3    14   1     0     1     1  2.14       0.140      0.01000   
   3    15   1     0     1     1  2.15       0.150      0.01000   
   3    16   1     0     1     1  2.16       0.160      0.01000   
   3    17   1     0     1     1  2.17       0.170      0.01000   
   3    18   1     0     1     1  2.18       0.180      0.01000   
   3    19   1     0     1     1  2.19       0.190      0.01000   
   3    20   1     0     1     1  2.20       0.200      0.01000   
   3    21   1     0     1     1  2.21       0.210      0.01000   
   3    22   1     0     1     1  2.22       0.220      0.01000   
   3    23   1     0     1     1  2.23       0.230      0.01000   
   3    24   1     0     1     1  2.24       0.240      0.01000   
   3    25   1     0     1     1  2.25       0.250      0.01000   
   3    26   1     0     1     1  2.26       0.260      0.01000   
   3    27   1     0     1     1  2.27       0.270      0.01000   
   3    28   1     0     1     1  2.28       0.280      0.01000   
   3    29   1     0     1     1  2.29       0.290      0.01000   
   3    30   1     0     1     1  2.30       0.300      0.01000   
   3    31   1     0     1     1  2.31       0.310      0.01000   
   3    32   1     0     1     1  2.32       0.320      0.01000   
   3    33   1     0     1     1  2.33       0.330      0.01000   
   3    34   1     0     1     1  2.34       0.340      0.01000   
   3    35   1     0     1     1  2.35       0.350      0.01000   
   3    36   1     0     1     1  2.36       0.360      0.01000   
   3    37   1     0     1     1  2.37       0.370      0.01000   
   3    38   1     0     1     1  2.38       0.380      0.01000   
   3    39   1     0     1     1  2.39       0.390      0.01000   
   3    40   1     0     1     1  2.40       0.400      0.01000   
   3    41   1     0     1     1  2.41       0.410      0.01000   
   3    42   1     0     1     1  2.42       0.420      0.01000   
   3    43   1     0     1     1  2.43       0.430      0.01000   
   3    44   1     0     1     1  2.44       0.440      0.01000   
   3    45   1     0     1     1  2.45       0.450      0.01000   
   3    46   1     0     2     2  2.46       0.460      0.01000   
   3    47   1     0     1     1  2.47       0.470      0.01000   
   3    48   1     0     1     1  2.48       0.480      0.01000   
   3    49   1     0     1     1  2.49       0.490      0.01000   
   3    50   1     0     1     1  2.50       0.500      0.01000   
   3    51   1     0     1     1  2.51       0.510      0.01000   
   3    52   1     0     1     1  2.52       0.520      0.01000   
   3    53   1     0     1     1  2.53       0.530      0.01000   
   3    54   1     0     1     1  2.54       0.540      0.01000   
   3    55   1     0     1     1  2.55       0.550      0.01000   
   3    56   1     0     1     1  2.56       0.560      0.01000   
   3    57   1     0     1     1  2.57       0.570      0.01000   
   3    58   1     0     1     1  2.58       0.580      0.01000   
   3    59   1     0     1     1  2.59       0.590      0.01000   
   3    60   1     0     1     1  2.60       0.600      0.01000   
   3    61   1     0     1     1  2.61       0.610      0.01000   
   3    62   1     0     1     1  2.62       0.620      0.01000   
   3    63   1     0     1     1  2.63       0.630      0.01000   
   3    64   1     0     1     1  2.64       0.640      0.01000   
   3    65   1     0     1     1  2.65       0.650      0.01000   
   3    66   1     0     1     1  2.66       0.660      0.01000   
   3    67   1     0     1     1  2.67       0.670      0.01000   
   3    68   1     0     1     1  2.68       0.680      0.01000   
   3    69   1     0     1     1  2.69       0.690      0.01000   
   3    70   1     0     1     1  2.70       0.700      0.01000   
   3    71   1     0     2     2  2.71       0.710      0.01000   
   3    72   1     0     2     2  2.72       0.720      0.01000   
   3    73   1     0     1     1  2.73       0.730      0.01000   
   3    74   1     0     1     1  2.74       0.740      0.01000   
   3    75   1     0     1     1  2.75       0.750      0.01000   
   3    76   1     0     1     1  2.76       0.760      0.01000   
   3    77   1     0     1     1  2.77       0.770      0.01000   
   3    78   1     0     1     1  2.78       0.780      0.01000   
   3    79   1     0     1     1  2.79       0.790      0.01000   
   3    80   1     0     1     1  2.80       0.800      0.01000   
   3    81   1     0     1     1  2.81       0.810      0.01000   
   3    82   1     0     1     1  2.82       0.820      0.01000   
   3    83   1     0     1     1  2.83       0.830      0.01000   
   3    84   1     0     1     1  2.84       0.840      0.01000   
   3    85   1     0     1     1  2.85       0.850      0.01000   
   3    86   1     0     1     1  2.86       0.860      0.01000   
   3    87   1     0     1     1  2.87       0.870      0.01000   
   3    88   1     0     1     1  2.88       0.880      0.01000   
   3    89   1     0     1     1  2.89       0.890      0.01000   
   3    90   1     0     1     1  2.90       0.900      0.01000   
   3    91   1     0     1     1  2.91       0.910      0.01000   
   3    92   1     0     1     1  2.92       0.920      0.01000   
   3    93   1     0     1     1  2.93       0.930      0.01000   
   3    94   1     0     1     1  2.94       0.940      0.01000   
   3    95   1     0     1     1  2.95       0.950      0.01000   
   3    96   1     0     1     1  2.96       0.960      0.01000   
   3    97   1     0     1     1  2.97       0.970      0.01000   
   3    98   1     0     1     1  2.98       0.980      0.01000   
   3    99   1     0     1     1  2.99       0.990      0.01000   
   3   100   1     0     1     1  3.00       1.00       0.01000   
   4     1   1     0     1     1  3.01       0.0100     0.01000   
   4     2   1     0     1     1  3.02       0.0200     0.01000   
   4     3   1     0     1     1  3.03       0.0300     0.01000   
   4     4   1     0     1     1  3.04       0.0400     0.01000   
   4     5   1     0     1     1  3.05       0.0500     0.01000   
   4     6   1     0     1     1  3.06       0.0600     0.01000   
   4     7   1     0     1     1  3.07       0.0700     0.01000   
   4     8   1     0     1     1  3.08       0.0800     0.01000   
   4     9   1     0     1     1  3.09       0.0900     0.01000   
   4    10   1     0     1     1  3.10       0.100      0.01000   
   4    11   1     0     1     1  3.11       0.110      0.01000   
   4    12   1     0     1     1  3.12       0.120      0.01000   
   4    13   1     0     1     1  3.13       0.130      0.01000   
   4    14   1     0     1     1  3.14       0.140      0.01000   
   4    15   1     0     1     1  3.15       0.150      0.01000   
   4    16   1     0     1     1  3.16       0.160      0.01000   
   4    17   1     0     1     1  3.17       0.170      0.01000   
   4    18   1     0     1     1  3.18       0.180      0.01000   
   4    19   1     0     1     1  3.19       0.190      0.01000   
   4    20   1     0     1     1  3.20       0.200      0.01000   
   4    21   1     0     1     1  3.21       0.210      0.01000   
   4    22   1     0     1     1  3.22       0.220      0.01000   
   4    23   1     0     1     1  3.23       0.230      0.01000   
   4    24   1     0     1     1  3.24       0.240      0.01000   
   4    25   1     0     1     1  3.25       0.250      0.01000   
   4    26   1     0     1     1  3.26       0.260      0.01000   
   4    27   1     0     1     1  3.27       0.270      0.01000   
   4    28   1     0     1     1  3.28       0.280      0.01000   
   4    29   1     0     1     1  3.29       0.290      0.01000   
   4    30   1     0     1     1  3.30       0.300      0.01000   
   4    31   1     0     1     1  3.31       0.310      0.01000   
   4    32   1     0     1     1  3.32       0.320      0.01000   
   4    33   1     0     1     1  3.33       0.330      0.01000   
   4    34   1     0     1     1  3.34       0.340      0.01000   
   4    35   1     0     1     1  3.35       0.350      0.01000   
   4    36   1     0     1     1  3.36       0.360      0.01000   
   4    37   1     0     1     1  3.37       0.370      0.01000   
   4    38   1     0     1     1  3.38       0.380      0.01000   
   4    39   1     0     1     1  3.39       0.390      0.01000   
   4    40   1     0     1     1  3.40       0.400      0.01000   
   4    41   1     0     1     1  3.41       0.410      0.01000   
   4    42   1     0     1     1  3.42       0.420      0.01000   
   4    43   1     0     1     1  3.43       0.430      0.01000   
   4    44   1     0     1     1  3.44       0.440      0.01000   
   4    45   1     0     1     1  3.45       0.450      0.01000   
   4    46   1     0     1     1  3.46       0.460      0.01000   
   4    47   1     0     1     1  3.47       0.470      0.01000   
   4    48   1     0     1     1  3.48       0.480      0.01000   
   4    49   1     0     1     1  3.49       0.490      0.01000   
   4    50   1     0     1     1  3.50       0.500      0.01000   
   4    51   1     0     1     1  3.51       0.510      0.01000   
   4    52   1     0     1     1  3.52       0.520      0.01000   
   4    53   1     0     1     1  3.53       0.530      0.01000   
   4    54   1     0     1     1  3.54       0.540      0.01000   
   4    55   1     0     1     1  3.55       0.550      0.01000   
   4    56   1     0     1     1  3.56       0.560      0.01000   
   4    57   1     0     1     1  3.57       0.570      0.01000   
   4    58   1     0     1     1  3.58       0.580      0.01000   
   4    59   1     0     1     1  3.59       0.590      0.01000   
   4    60   1     0     1     1  3.60       0.600      0.01000   
   4    61   1     0     1     1  3.61       0.610      0.01000   
   4    62   1     0     1     1  3.62       0.620      0.01000   
   4    63   1     0     1     1  3.63       0.630      0.01000   
   4    64   1     0     1     1  3.64       0.640      0.01000   
   4    65   1     0     1     1  3.65       0.650      0.01000   
   4    66   1     0     1     1  3.66       0.660      0.01000   
   4    67   1     0     1     1  3.67       0.670      0.01000   
   4    68   1     0     1     1  3.68       0.680      0.01000   
   4    69   1     0     1     1  3.69       0.690      0.01000   
   4    70   1     0     1     1  3.70       0.700      0.01000   
   4    71   1     0     1     1  3.71       0.710      0.01000   
   4    72   1     0     1     1  3.72       0.720      0.01000   
   4    73   1     0     1     1  3.73       0.730      0.01000   
   4    74   1     0     1     1  3.74       0.740      0.01000   
   4    75   1     0     1     1  3.75       0.750      0.01000   
   4    76   1     0     1     1  3.76       0.760      0.01000   
   4    77   1     0     1     1  3.77       0.770      0.01000   
   4    78   1     0     1     1  3.78       0.780      0.01000   
   4    79   1     0     1     1  3.79       0.790      0.01000   
   4    80   1     0     1     1  3.80       0.800      0.01000   
   4    81   1     0     1     1  3.81       0.810      0.01000   
   4    82   1     0     1     1  3.82       0.820      0.01000   
   4    83   1     0     1     1  3.83       0.830      0.01000   
   4    84   1     0     1     1  3.84       0.840      0.01000   
   4    85   1     0     1     1  3.85       0.850      0.01000   
   4    86   1     0     1     1  3.86       0.860      0.01000   
   4    87   1     0     1     1  3.87       0.870      0.01000   
   4    88   1     0     1     1  3.88       0.880      0.01000   
   4    89   1     0     1     1  3.89       0.890      0.01000   
   4    90   1     0     1     1  3.90       0.900      0.01000   
   4    91   1     0     1     1  3.91       0.910      0.01000   
   4    92   1     0     1     1  3.92       0.920      0.01000   
   4    93   1     0     1     1  3.93       0.930      0.01000   
   4    94   1     0     1     1  3.94       0.940      0.01000   
   4    95   1     0     1     1  3.95       0.950      0.01000   
   4    96   1     0     1     1  3.96       0.960      0.01000   
   4    97   1     0     1     1  3.97       0.970      0.01000   
   4    98   1     0     1     1  3.98       0.980      0.01000   
   4    99   1     0     1     1  3.99       0.990      0.01000   
   4   100   1     0     1     1  4.00       1.00       0.01000   
                          
 THE ANALYSIS HAS COMPLETED SUCCESSFULLY
