1
0
1
ASSEMBLY
1
PART-1-1
PART-1
1
PART-1-1
14
-2147483646
0
48 1 16 5 0 1 0 -1 -1 496 1 -1879048189 1 496 
14
48 1 16 5 0 1 0 -1 -1 496 1 -1879048189 1 496 
0
1
PART-1-1
14
-2147483646
0
48 1 16 5 0 1 0 -1 -1 450 1 -1879048189 1 450 
14
48 1 16 5 0 1 0 -1 -1 450 1 -1879048189 1 450 
0
1
SET-1
0
1
0
1
PART-1-1
15
1 31 61 91 121 151 181 211 241 271 301 331 361 391 421 
0
1
PART-1-1
1
SET-1
0
1
14
-2147483647
48 1 16 5 0 1 0 -1 -1 450 1 -1879048189 1 450 
0
0
0
3
SET-1
0
1
0
1
PART-1-1
16
1 32 63 94 125 156 187 218 249 280 311 342 373 404 435 466 
0
SET-2
0
1
0
1
PART-1-1
1
31 
0
SET-3
0
1
0
1
PART-1-1
1
466 
0
1
PART-1-1
1
SET-1
0
1
14
-2147483647
48 1 16 5 0 1 0 -1 -1 496 1 -1879048189 1 496 
0
0
0
0
0
