Analysis initiated from SIMULIA established products
Abaqus JOB Job-1
Abaqus 2025
Abaqus License Manager checked out the following licenses:
Abaqus/Standard checked out 5 tokens from Flexnet server hprc-license.tamu.edu.
<18 out of 443 licenses remain available>.
Begin Analysis Input File Processor
9/23/2026 7:50:55 PM
Run pre.exe
9/23/2026 7:50:58 PM
End Analysis Input File Processor
Begin Abaqus/Standard Analysis
9/23/2026 7:50:58 PM
Run standard.exe
9/23/2026 7:51:01 PM
End Abaqus/Standard Analysis
Begin SIM Wrap-up
9/23/2026 7:51:03 PM
Run SMASimUtility.exe
9/23/2026 7:51:03 PM
End SIM Wrap-up
Abaqus JOB Job-1 COMPLETED
