1
0
1
ASSEMBLY
29
CF_BEAM-1
CF_BEAM
CF_BEAM-10
CF_BEAM
CF_BEAM-11
CF_BEAM
CF_BEAM-12
CF_BEAM
CF_BEAM-13
CF_BEAM
CF_BEAM-14
CF_BEAM
CF_BEAM-15
CF_BEAM
CF_BEAM-16
CF_BEAM
CF_BEAM-2
CF_BEAM
CF_BEAM-3
CF_BEAM
CF_BEAM-4
CF_BEAM
CF_BEAM-5
CF_BEAM
CF_BEAM-6
CF_BEAM
CF_BEAM-7
CF_BEAM
CF_BEAM-8
CF_BEAM
CF_BEAM-9
CF_BEAM
SHADE-1
SHADE
SHADE-2
SHADE
SHADE-3
SHADE
SHADE-4
SHADE
SMAWIRE_(NITINOL)
SMAWIRE_(NITINOL)
SMA_BEAM-1
SMA_BEAM
SMA_BEAM-2
SMA_BEAM
SMA_BEAM-3
SMA_BEAM
SMA_BEAM-4
SMA_BEAM
SMA_BEAM-5
SMA_BEAM
SMA_BEAM-6
SMA_BEAM
SMA_BEAM-7
SMA_BEAM
SMA_BEAM-8
SMA_BEAM
29
CF_BEAM-1
3
8 1
9 2
10 3
-2147483647
CF_BEAM-10
3
11 1
12 2
13 3
-2147483647
CF_BEAM-11
3
14 1
15 2
16 3
-2147483647
CF_BEAM-12
3
17 1
18 2
19 3
-2147483647
CF_BEAM-13
3
20 1
21 2
22 3
-2147483647
CF_BEAM-14
3
23 1
24 2
25 3
-2147483647
CF_BEAM-15
3
26 1
27 2
28 3
-2147483647
CF_BEAM-16
3
29 1
30 2
31 3
-2147483647
CF_BEAM-2
3
32 1
33 2
34 3
-2147483647
CF_BEAM-3
3
35 1
36 2
37 3
-2147483647
CF_BEAM-4
3
38 1
39 2
40 3
-2147483647
CF_BEAM-5
3
41 1
42 2
43 3
-2147483647
CF_BEAM-6
3
44 1
45 2
46 3
-2147483647
CF_BEAM-7
3
47 1
48 2
49 3
-2147483647
CF_BEAM-8
3
50 1
51 2
52 3
-2147483647
CF_BEAM-9
3
53 1
54 2
55 3
-2147483647
SHADE-1
9
56 1
57 2
58 3
59 4
60 5
61 6
62 7
63 8
64 9
-2147483647
SHADE-2
9
65 1
66 2
67 3
68 4
69 5
70 6
71 7
72 8
73 9
-2147483647
SHADE-3
9
74 1
75 2
76 3
77 4
78 5
79 6
80 7
81 8
82 9
-2147483647
SHADE-4
9
83 1
84 2
85 3
86 4
87 5
88 6
89 7
90 8
91 9
-2147483647
SMAWIRE_(NITINOL)
12
92 1
93 2
94 3
95 4
96 5
97 6
98 7
99 8
100 9
101 10
102 11
103 12
-2147483647
SMA_BEAM-1
31
104 1
105 2
106 3
107 4
108 5
109 6
110 7
111 8
112 9
113 10
114 11
115 12
116 13
117 14
118 15
119 16
120 17
121 18
122 19
123 20
124 21
125 22
126 23
127 24
128 25
129 26
130 27
131 28
132 29
133 30
134 31
-2147483647
SMA_BEAM-2
31
135 1
136 2
137 3
138 4
139 5
140 6
141 7
142 8
143 9
144 10
145 11
146 12
147 13
148 14
149 15
150 16
151 17
152 18
153 19
154 20
155 21
156 22
157 23
158 24
159 25
160 26
161 27
162 28
163 29
164 30
165 31
-2147483647
SMA_BEAM-3
31
166 1
167 2
168 3
169 4
170 5
171 6
172 7
173 8
174 9
175 10
176 11
177 12
178 13
179 14
180 15
181 16
182 17
183 18
184 19
185 20
186 21
187 22
188 23
189 24
190 25
191 26
192 27
193 28
194 29
195 30
196 31
-2147483647
SMA_BEAM-4
31
197 1
198 2
199 3
200 4
201 5
202 6
203 7
204 8
205 9
206 10
207 11
208 12
209 13
210 14
211 15
212 16
213 17
214 18
215 19
216 20
217 21
218 22
219 23
220 24
221 25
222 26
223 27
224 28
225 29
226 30
227 31
-2147483647
SMA_BEAM-5
31
228 1
229 2
230 3
231 4
232 5
233 6
234 7
235 8
236 9
237 10
238 11
239 12
240 13
241 14
242 15
243 16
244 17
245 18
246 19
247 20
248 21
249 22
250 23
251 24
252 25
253 26
254 27
255 28
256 29
257 30
258 31
-2147483647
SMA_BEAM-6
31
259 1
260 2
261 3
262 4
263 5
264 6
265 7
266 8
267 9
268 10
269 11
270 12
271 13
272 14
273 15
274 16
275 17
276 18
277 19
278 20
279 21
280 22
281 23
282 24
283 25
284 26
285 27
286 28
287 29
288 30
289 31
-2147483647
SMA_BEAM-7
31
290 1
291 2
292 3
293 4
294 5
295 6
296 7
297 8
298 9
299 10
300 11
301 12
302 13
303 14
304 15
305 16
306 17
307 18
308 19
309 20
310 21
311 22
312 23
313 24
314 25
315 26
316 27
317 28
318 29
319 30
320 31
-2147483647
SMA_BEAM-8
31
321 1
322 2
323 3
324 4
325 5
326 6
327 7
328 8
329 9
330 10
331 11
332 12
333 13
334 14
335 15
336 16
337 17
338 18
339 19
340 20
341 21
342 22
343 23
344 24
345 25
346 26
347 27
348 28
349 29
350 30
351 31
-2147483647
7
1 1
2 2
3 3
4 4
5 5
6 6
7 7
-2147483647
29
CF_BEAM-1
1
18 1
-2147483647
CF_BEAM-10
1
27 1
-2147483647
CF_BEAM-11
1
28 1
-2147483647
CF_BEAM-12
1
29 1
-2147483647
CF_BEAM-13
1
30 1
-2147483647
CF_BEAM-14
1
31 1
-2147483647
CF_BEAM-15
1
32 1
-2147483647
CF_BEAM-16
1
33 1
-2147483647
CF_BEAM-2
1
19 1
-2147483647
CF_BEAM-3
1
20 1
-2147483647
CF_BEAM-4
1
21 1
-2147483647
CF_BEAM-5
1
22 1
-2147483647
CF_BEAM-6
1
23 1
-2147483647
CF_BEAM-7
1
24 1
-2147483647
CF_BEAM-8
1
25 1
-2147483647
CF_BEAM-9
1
26 1
-2147483647
SHADE-1
4
34 1
35 2
36 3
37 4
-2147483647
SHADE-2
4
38 1
39 2
40 3
41 4
-2147483647
SHADE-3
4
42 1
43 2
44 3
45 4
-2147483647
SHADE-4
4
46 1
47 2
48 3
49 4
-2147483647
SMAWIRE_(NITINOL)
11
50 1
51 2
52 3
53 4
54 5
55 6
56 7
57 8
58 9
59 10
60 11
-2147483647
SMA_BEAM-1
15
61 1
62 2
63 3
64 4
65 5
66 6
67 7
68 8
69 9
70 10
71 11
72 12
73 13
74 14
75 15
-2147483647
SMA_BEAM-2
15
76 1
77 2
78 3
79 4
80 5
81 6
82 7
83 8
84 9
85 10
86 11
87 12
88 13
89 14
90 15
-2147483647
SMA_BEAM-3
15
91 1
92 2
93 3
94 4
95 5
96 6
97 7
98 8
99 9
100 10
101 11
102 12
103 13
104 14
105 15
-2147483647
SMA_BEAM-4
15
106 1
107 2
108 3
109 4
110 5
111 6
112 7
113 8
114 9
115 10
116 11
117 12
118 13
119 14
120 15
-2147483647
SMA_BEAM-5
15
121 1
122 2
123 3
124 4
125 5
126 6
127 7
128 8
129 9
130 10
131 11
132 12
133 13
134 14
135 15
-2147483647
SMA_BEAM-6
15
136 1
137 2
138 3
139 4
140 5
141 6
142 7
143 8
144 9
145 10
146 11
147 12
148 13
149 14
150 15
-2147483647
SMA_BEAM-7
15
151 1
152 2
153 3
154 4
155 5
156 6
157 7
158 8
159 9
160 10
161 11
162 12
163 13
164 14
165 15
-2147483647
SMA_BEAM-8
15
166 1
167 2
168 3
169 4
170 5
171 6
172 7
173 8
174 9
175 10
176 11
177 12
178 13
179 14
180 15
-2147483647
17
1 1
2 2
3 3
4 4
5 5
6 6
7 7
8 8
9 9
10 10
11 11
12 12
13 13
14 14
15 15
16 16
17 17
-2147483647
24

0
2
0
30

17
1 2 3 4 5 6 7 8 9 10 11 12 13 14 15 16 17 
CF_BEAM-1
1
18 
CF_BEAM-2
1
19 
CF_BEAM-4
1
21 
CF_BEAM-6
1
23 
CF_BEAM-8
1
25 
CF_BEAM-10
1
27 
CF_BEAM-12
1
29 
SHADE-2
4
38 39 40 41 
SHADE-4
4
46 47 48 49 
CF_BEAM-14
1
31 
CF_BEAM-16
1
33 
SMA_BEAM-2
15
76 77 78 79 80 81 82 83 84 85 86 87 88 89 90 
SMA_BEAM-4
15
106 107 108 109 110 111 112 113 114 115 116 117 118 119 120 
SMA_BEAM-6
15
136 137 138 139 140 141 142 143 144 145 146 147 148 149 150 
SMA_BEAM-8
15
166 167 168 169 170 171 172 173 174 175 176 177 178 179 180 
CF_BEAM-3
1
20 
CF_BEAM-5
1
22 
CF_BEAM-7
1
24 
CF_BEAM-9
1
26 
CF_BEAM-11
1
28 
CF_BEAM-13
1
30 
SHADE-1
4
34 35 36 37 
SHADE-3
4
42 43 44 45 
CF_BEAM-15
1
32 
SMAWIRE_(NITINOL)
11
50 51 52 53 54 55 56 57 58 59 60 
SMA_BEAM-1
15
61 62 63 64 65 66 67 68 69 70 71 72 73 74 75 
SMA_BEAM-3
15
91 92 93 94 95 96 97 98 99 100 101 102 103 104 105 
SMA_BEAM-5
15
121 122 123 124 125 126 127 128 129 130 131 132 133 134 135 
SMA_BEAM-7
15
151 152 153 154 155 156 157 158 159 160 161 162 163 164 165 
0
ALL-ACTUATOR-ELEMS
0
1
0
1
SMAWIRE_(NITINOL)
11
50 51 52 53 54 55 56 57 58 59 60 
0
BOTTOM_BEAM
0
1
1
17 
0
0
CFWIRE-1-SET-1
0
1
1
2 
0
0
CFWIRE-2-SET-1
0
1
1
3 
0
0
CFWIRE-3-SET-1
0
1
1
4 
0
0
CFWIRE-4-SET-1
0
1
1
9 
0
0
CFWIRE-5-SET-1
0
1
1
10 
0
0
CFWIRE-6-SET-1
0
1
1
11 
0
0
SMAWIRE_LAYER-2_BEAM-1
0
1
1
5 
0
0
SMAWIRE_LAYER-2_BEAM-2
0
1
1
6 
0
0
SMAWIRE_LAYER-2_BEAM-3
0
1
1
7 
0
0
SMAWIRE_LAYER-2_BEAM-4
0
1
1
8 
0
0
SMAWIRE_LAYER-4_BEAM-1
0
1
1
12 
0
0
SMAWIRE_LAYER-4_BEAM-2
0
1
1
13 
0
0
SMAWIRE_LAYER-4_BEAM-3
0
1
1
14 
0
0
SMAWIRE_LAYER-4_BEAM-4
0
1
1
15 
0
0
SMA_FULLASSEMBLY
0
1
0
8
SMA_BEAM-1
15
61 62 63 64 65 66 67 68 69 70 71 72 73 74 75 
SMA_BEAM-2
15
76 77 78 79 80 81 82 83 84 85 86 87 88 89 90 
SMA_BEAM-4
15
106 107 108 109 110 111 112 113 114 115 116 117 118 119 120 
SMA_BEAM-6
15
136 137 138 139 140 141 142 143 144 145 146 147 148 149 150 
SMA_BEAM-8
15
166 167 168 169 170 171 172 173 174 175 176 177 178 179 180 
SMA_BEAM-3
15
91 92 93 94 95 96 97 98 99 100 101 102 103 104 105 
SMA_BEAM-5
15
121 122 123 124 125 126 127 128 129 130 131 132 133 134 135 
SMA_BEAM-7
15
151 152 153 154 155 156 157 158 159 160 161 162 163 164 165 
0
TOP_BEAM
0
1
1
16 
0
0
TRANS_WIRE
0
1
1
1 
0
0
_SHADE_GEOM-1_SPOS
0
2
0
1
SHADE-1
4
34 35 36 37 
0
_SHADE_GEOM-2_SPOS
0
2
0
1
SHADE-2
4
38 39 40 41 
0
_SHADE_GEOM-3_SPOS
0
2
0
1
SHADE-3
4
42 43 44 45 
0
_SHADE_GEOM-4_SPOS
0
2
0
1
SHADE-4
4
46 47 48 49 
0
30
CF_BEAM-1
3
 P       1
0
2
1
18 
0
0
CF_BEAM
0
1
1
18 
0
0
_CF_FULL_
0
2
1
18 
0
0
0

1
 P       0
0
2
17
1 2 3 4 5 6 7 8 9 10 11 12 13 14 15 16 17 
0
0
0
CF_BEAM-2
3
 P       9
0
2
1
19 
0
0
CF_BEAM
0
1
1
19 
0
0
_CF_FULL_
0
2
1
19 
0
0
0
CF_BEAM-4
3
 P      11
0
2
1
21 
0
0
CF_BEAM
0
1
1
21 
0
0
_CF_FULL_
0
2
1
21 
0
0
0
CF_BEAM-6
3
 P      13
0
2
1
23 
0
0
CF_BEAM
0
1
1
23 
0
0
_CF_FULL_
0
2
1
23 
0
0
0
CF_BEAM-8
3
 P      15
0
2
1
25 
0
0
CF_BEAM
0
1
1
25 
0
0
_CF_FULL_
0
2
1
25 
0
0
0
CF_BEAM-10
3
 P       2
0
2
1
27 
0
0
CF_BEAM
0
1
1
27 
0
0
_CF_FULL_
0
2
1
27 
0
0
0
CF_BEAM-12
3
 P       4
0
2
1
29 
0
0
CF_BEAM
0
1
1
29 
0
0
_CF_FULL_
0
2
1
29 
0
0
0
CF_BEAM-14
3
 P       6
0
2
1
31 
0
0
CF_BEAM
0
1
1
31 
0
0
_CF_FULL_
0
2
1
31 
0
0
0
SHADE-2
2
 P      18
0
2
4
38 39 40 41 
0
0
WHOLE-SHADE-P
0
1
4
38 39 40 41 
0
0
0
SHADE-4
2
 P      20
0
2
4
46 47 48 49 
0
0
WHOLE-SHADE-P
0
1
4
46 47 48 49 
0
0
0
CF_BEAM-16
3
 P       8
0
2
1
33 
0
0
CF_BEAM
0
1
1
33 
0
0
_CF_FULL_
0
2
1
33 
0
0
0
SMA_BEAM-2
4
 P      23
0
2
15
76 77 78 79 80 81 82 83 84 85 86 87 88 89 90 
0
0
 P      23SMA_FULLASSEMBLY
0
2
15
76 77 78 79 80 81 82 83 84 85 86 87 88 89 90 
0
0
SMA_BEAM
0
1
15
76 77 78 79 80 81 82 83 84 85 86 87 88 89 90 
0
0
_SMA_FULL_
0
2
15
76 77 78 79 80 81 82 83 84 85 86 87 88 89 90 
0
0
0
SMA_BEAM-4
4
 P      25
0
2
15
106 107 108 109 110 111 112 113 114 115 116 117 118 119 120 
0
0
 P      25SMA_FULLASSEMBLY
0
2
15
106 107 108 109 110 111 112 113 114 115 116 117 118 119 120 
0
0
SMA_BEAM
0
1
15
106 107 108 109 110 111 112 113 114 115 116 117 118 119 120 
0
0
_SMA_FULL_
0
2
15
106 107 108 109 110 111 112 113 114 115 116 117 118 119 120 
0
0
0
SMA_BEAM-6
4
 P      27
0
2
15
136 137 138 139 140 141 142 143 144 145 146 147 148 149 150 
0
0
 P      27SMA_FULLASSEMBLY
0
2
15
136 137 138 139 140 141 142 143 144 145 146 147 148 149 150 
0
0
SMA_BEAM
0
1
15
136 137 138 139 140 141 142 143 144 145 146 147 148 149 150 
0
0
_SMA_FULL_
0
2
15
136 137 138 139 140 141 142 143 144 145 146 147 148 149 150 
0
0
0
SMA_BEAM-8
4
 P      29
0
2
15
166 167 168 169 170 171 172 173 174 175 176 177 178 179 180 
0
0
 P      29SMA_FULLASSEMBLY
0
2
15
166 167 168 169 170 171 172 173 174 175 176 177 178 179 180 
0
0
SMA_BEAM
0
1
15
166 167 168 169 170 171 172 173 174 175 176 177 178 179 180 
0
0
_SMA_FULL_
0
2
15
166 167 168 169 170 171 172 173 174 175 176 177 178 179 180 
0
0
0
CF_BEAM-3
3
 P      10
0
2
1
20 
0
0
CF_BEAM
0
1
1
20 
0
0
_CF_FULL_
0
2
1
20 
0
0
0
CF_BEAM-5
3
 P      12
0
2
1
22 
0
0
CF_BEAM
0
1
1
22 
0
0
_CF_FULL_
0
2
1
22 
0
0
0
CF_BEAM-7
3
 P      14
0
2
1
24 
0
0
CF_BEAM
0
1
1
24 
0
0
_CF_FULL_
0
2
1
24 
0
0
0
CF_BEAM-9
3
 P      16
0
2
1
26 
0
0
CF_BEAM
0
1
1
26 
0
0
_CF_FULL_
0
2
1
26 
0
0
0
CF_BEAM-11
3
 P       3
0
2
1
28 
0
0
CF_BEAM
0
1
1
28 
0
0
_CF_FULL_
0
2
1
28 
0
0
0
CF_BEAM-13
3
 P       5
0
2
1
30 
0
0
CF_BEAM
0
1
1
30 
0
0
_CF_FULL_
0
2
1
30 
0
0
0
SHADE-1
2
 P      17
0
2
4
34 35 36 37 
0
0
WHOLE-SHADE-P
0
1
4
34 35 36 37 
0
0
0
SHADE-3
2
 P      19
0
2
4
42 43 44 45 
0
0
WHOLE-SHADE-P
0
1
4
42 43 44 45 
0
0
0
CF_BEAM-15
3
 P       7
0
2
1
32 
0
0
CF_BEAM
0
1
1
32 
0
0
_CF_FULL_
0
2
1
32 
0
0
0
SMA_BEAM-1
4
 P      22
0
2
15
61 62 63 64 65 66 67 68 69 70 71 72 73 74 75 
0
0
 P      22SMA_FULLASSEMBLY
0
2
15
61 62 63 64 65 66 67 68 69 70 71 72 73 74 75 
0
0
SMA_BEAM
0
1
15
61 62 63 64 65 66 67 68 69 70 71 72 73 74 75 
0
0
_SMA_FULL_
0
2
15
61 62 63 64 65 66 67 68 69 70 71 72 73 74 75 
0
0
0
SMAWIRE_(NITINOL)
3
 P      21
0
2
11
50 51 52 53 54 55 56 57 58 59 60 
0
0
SMA-ACTUATOR-P
0
1
11
50 51 52 53 54 55 56 57 58 59 60 
0
0
_FLUX-SURFACE_
0
2
11
50 51 52 53 54 55 56 57 58 59 60 
0
0
0
SMA_BEAM-3
4
 P      24
0
2
15
91 92 93 94 95 96 97 98 99 100 101 102 103 104 105 
0
0
 P      24SMA_FULLASSEMBLY
0
2
15
91 92 93 94 95 96 97 98 99 100 101 102 103 104 105 
0
0
SMA_BEAM
0
1
15
91 92 93 94 95 96 97 98 99 100 101 102 103 104 105 
0
0
_SMA_FULL_
0
2
15
91 92 93 94 95 96 97 98 99 100 101 102 103 104 105 
0
0
0
SMA_BEAM-5
4
 P      26
0
2
15
121 122 123 124 125 126 127 128 129 130 131 132 133 134 135 
0
0
 P      26SMA_FULLASSEMBLY
0
2
15
121 122 123 124 125 126 127 128 129 130 131 132 133 134 135 
0
0
SMA_BEAM
0
1
15
121 122 123 124 125 126 127 128 129 130 131 132 133 134 135 
0
0
_SMA_FULL_
0
2
15
121 122 123 124 125 126 127 128 129 130 131 132 133 134 135 
0
0
0
SMA_BEAM-7
4
 P      28
0
2
15
151 152 153 154 155 156 157 158 159 160 161 162 163 164 165 
0
0
 P      28SMA_FULLASSEMBLY
0
2
15
151 152 153 154 155 156 157 158 159 160 161 162 163 164 165 
0
0
SMA_BEAM
0
1
15
151 152 153 154 155 156 157 158 159 160 161 162 163 164 165 
0
0
_SMA_FULL_
0
2
15
151 152 153 154 155 156 157 158 159 160 161 162 163 164 165 
0
0
0
98

0
2
0
30

1
1 
CF_BEAM-1
3
8 9 10 
CF_BEAM-10
3
11 12 13 
CF_BEAM-12
3
17 18 19 
CF_BEAM-14
3
23 24 25 
CF_BEAM-16
3
29 30 31 
CF_BEAM-2
3
32 33 34 
CF_BEAM-4
3
38 39 40 
SHADE-2
9
65 66 67 68 69 70 71 72 73 
SHADE-4
9
83 84 85 86 87 88 89 90 91 
CF_BEAM-6
3
44 45 46 
CF_BEAM-8
3
50 51 52 
SMA_BEAM-2
31
135 136 137 138 139 140 141 142 143 144 145 146 147 148 149 150 151 152 153 154 155 156 157 158 159 160 161 162 163 164 165 
SMA_BEAM-4
31
197 198 199 200 201 202 203 204 205 206 207 208 209 210 211 212 213 214 215 216 217 218 219 220 221 222 223 224 225 226 227 
SMA_BEAM-6
31
259 260 261 262 263 264 265 266 267 268 269 270 271 272 273 274 275 276 277 278 279 280 281 282 283 284 285 286 287 288 289 
SMA_BEAM-8
31
321 322 323 324 325 326 327 328 329 330 331 332 333 334 335 336 337 338 339 340 341 342 343 344 345 346 347 348 349 350 351 
CF_BEAM-11
3
14 15 16 
CF_BEAM-13
3
20 21 22 
CF_BEAM-15
3
26 27 28 
CF_BEAM-3
3
35 36 37 
CF_BEAM-5
3
41 42 43 
CF_BEAM-7
3
47 48 49 
SHADE-1
9
56 57 58 59 60 61 62 63 64 
SHADE-3
9
74 75 76 77 78 79 80 81 82 
CF_BEAM-9
3
53 54 55 
SMAWIRE_(NITINOL)
12
92 93 94 95 96 97 98 99 100 101 102 103 
SMA_BEAM-1
31
104 105 106 107 108 109 110 111 112 113 114 115 116 117 118 119 120 121 122 123 124 125 126 127 128 129 130 131 132 133 134 
SMA_BEAM-3
31
166 167 168 169 170 171 172 173 174 175 176 177 178 179 180 181 182 183 184 185 186 187 188 189 190 191 192 193 194 195 196 
SMA_BEAM-5
31
228 229 230 231 232 233 234 235 236 237 238 239 240 241 242 243 244 245 246 247 248 249 250 251 252 253 254 255 256 257 258 
SMA_BEAM-7
31
290 291 292 293 294 295 296 297 298 299 300 301 302 303 304 305 306 307 308 309 310 311 312 313 314 315 316 317 318 319 320 
0
 ADJFREE
0
2
0
8
SMA_BEAM-1
1
107 
SMA_BEAM-2
1
138 
SMA_BEAM-4
1
200 
SMA_BEAM-6
1
262 
SMA_BEAM-8
1
324 
SMA_BEAM-3
1
169 
SMA_BEAM-5
1
231 
SMA_BEAM-7
1
293 
0
 Z000001
0
2
0
29
CF_BEAM-1
3
8 9 10 
CF_BEAM-10
3
11 12 13 
CF_BEAM-12
3
17 18 19 
CF_BEAM-14
3
23 24 25 
CF_BEAM-16
3
29 30 31 
CF_BEAM-2
3
32 33 34 
CF_BEAM-4
3
38 39 40 
CF_BEAM-6
3
44 45 46 
SHADE-2
9
65 66 67 68 69 70 71 72 73 
SHADE-4
9
83 84 85 86 87 88 89 90 91 
CF_BEAM-8
3
50 51 52 
SMA_BEAM-2
31
135 136 137 138 139 140 141 142 143 144 145 146 147 148 149 150 151 152 153 154 155 156 157 158 159 160 161 162 163 164 165 
SMA_BEAM-4
31
197 198 199 200 201 202 203 204 205 206 207 208 209 210 211 212 213 214 215 216 217 218 219 220 221 222 223 224 225 226 227 
SMA_BEAM-6
31
259 260 261 262 263 264 265 266 267 268 269 270 271 272 273 274 275 276 277 278 279 280 281 282 283 284 285 286 287 288 289 
SMA_BEAM-8
31
321 322 323 324 325 326 327 328 329 330 331 332 333 334 335 336 337 338 339 340 341 342 343 344 345 346 347 348 349 350 351 
CF_BEAM-11
3
14 15 16 
CF_BEAM-13
3
20 21 22 
CF_BEAM-15
3
26 27 28 
CF_BEAM-3
3
35 36 37 
CF_BEAM-5
3
41 42 43 
CF_BEAM-7
3
47 48 49 
SHADE-1
9
56 57 58 59 60 61 62 63 64 
SHADE-3
9
74 75 76 77 78 79 80 81 82 
CF_BEAM-9
3
53 54 55 
SMAWIRE_(NITINOL)
12
92 93 94 95 96 97 98 99 100 101 102 103 
SMA_BEAM-1
31
104 105 106 107 108 109 110 111 112 113 114 115 116 117 118 119 120 121 122 123 124 125 126 127 128 129 130 131 132 133 134 
SMA_BEAM-3
31
166 167 168 169 170 171 172 173 174 175 176 177 178 179 180 181 182 183 184 185 186 187 188 189 190 191 192 193 194 195 196 
SMA_BEAM-5
31
228 229 230 231 232 233 234 235 236 237 238 239 240 241 242 243 244 245 246 247 248 249 250 251 252 253 254 255 256 257 258 
SMA_BEAM-7
31
290 291 292 293 294 295 296 297 298 299 300 301 302 303 304 305 306 307 308 309 310 311 312 313 314 315 316 317 318 319 320 
0
ACTUATOR_B_VERT
0
1
0
1
SMAWIRE_(NITINOL)
1
92 
0
ACTUATOR_T_VERT
0
1
0
1
SMAWIRE_(NITINOL)
1
103 
0
ALL-ACTUATOR-ELEMS
0
1
0
1
SMAWIRE_(NITINOL)
12
92 93 94 95 96 97 98 99 100 101 102 103 
0
BOTTOM_BEAM
0
1
0
2
CF_BEAM-6
1
45 
SMAWIRE_(NITINOL)
1
92 
0
CFWIRE-1-SET-1
0
1
0
2
CF_BEAM-5
1
41 
CF_BEAM-6
1
44 
0
CFWIRE-2-SET-1
0
1
0
2
CF_BEAM-6
1
44 
CF_BEAM-7
1
47 
0
CFWIRE-3-SET-1
0
1
0
2
CF_BEAM-7
1
47 
CF_BEAM-8
1
50 
0
CFWIRE-4-SET-1
0
1
0
2
CF_BEAM-13
1
20 
CF_BEAM-14
1
23 
0
CFWIRE-5-SET-1
0
1
0
2
CF_BEAM-14
1
23 
CF_BEAM-15
1
26 
0
CFWIRE-6-SET-1
0
1
0
2
CF_BEAM-15
1
26 
CF_BEAM-16
1
29 
0
CF_B
0
1
0
1
CF_BEAM-6
1
45 
0
CF_BEAM-1-LAYER-1-A
0
1
0
1
CF_BEAM-1
1
9 
0
CF_BEAM-1-LAYER-1-B
0
1
0
1
SMA_BEAM-1
1
104 
0
CF_BEAM-10-LAYER-3-A
0
1
0
1
CF_BEAM-10
1
12 
0
CF_BEAM-10-LAYER-3-B
0
1
0
1
SMA_BEAM-3
1
168 
0
CF_BEAM-11-LAYER-3-A
0
1
0
1
CF_BEAM-11
1
15 
0
CF_BEAM-11-LAYER-3-B
0
1
0
1
SMA_BEAM-5
1
230 
0
CF_BEAM-12-LAYER-3-A
0
1
0
1
CF_BEAM-12
1
18 
0
CF_BEAM-12-LAYER-3-B
0
1
0
1
SMA_BEAM-7
1
292 
0
CF_BEAM-13-LAYER-4-A
0
1
0
1
CF_BEAM-13
1
21 
0
CF_BEAM-13-LAYER-4-B
0
1
0
1
SMA_BEAM-2
1
138 
0
CF_BEAM-14-LAYER-4-A
0
1
0
1
CF_BEAM-14
1
24 
0
CF_BEAM-14-LAYER-4-B
0
1
0
1
SMA_BEAM-4
1
200 
0
CF_BEAM-15-LAYER-4-A
0
1
0
1
CF_BEAM-15
1
27 
0
CF_BEAM-15-LAYER-4-B
0
1
0
1
SMA_BEAM-6
1
262 
0
CF_BEAM-16-LAYER-4-A
0
1
0
1
CF_BEAM-16
1
30 
0
CF_BEAM-16-LAYER-4-B
0
1
0
1
SMA_BEAM-8
1
324 
0
CF_BEAM-2-LAYER-1-A
0
1
0
1
CF_BEAM-2
1
33 
0
CF_BEAM-2-LAYER-1-B
0
1
0
1
SMA_BEAM-3
1
166 
0
CF_BEAM-3-LAYER-1-A
0
1
0
1
CF_BEAM-3
1
36 
0
CF_BEAM-3-LAYER-1-B
0
1
0
1
SMA_BEAM-5
1
228 
0
CF_BEAM-4-LAYER-1-A
0
1
0
1
CF_BEAM-4
1
39 
0
CF_BEAM-4-LAYER-1-B
0
1
0
1
SMA_BEAM-7
1
290 
0
CF_BEAM-5-LAYER-2-A
0
1
0
1
CF_BEAM-5
1
42 
0
CF_BEAM-5-LAYER-2-B
0
1
0
1
SMA_BEAM-2
1
136 
0
CF_BEAM-6-LAYER-2-A
0
1
0
1
CF_BEAM-6
1
45 
0
CF_BEAM-6-LAYER-2-B
0
1
0
1
SMA_BEAM-4
1
198 
0
CF_BEAM-7-LAYER-2-A
0
1
0
1
CF_BEAM-7
1
48 
0
CF_BEAM-7-LAYER-2-B
0
1
0
1
SMA_BEAM-6
1
260 
0
CF_BEAM-8-LAYER-2-A
0
1
0
1
CF_BEAM-8
1
51 
0
CF_BEAM-8-LAYER-2-B
0
1
0
1
SMA_BEAM-8
1
322 
0
CF_BEAM-9-LAYER-3-A
0
1
0
1
CF_BEAM-9
1
54 
0
CF_BEAM-9-LAYER-3-B
0
1
0
1
SMA_BEAM-1
1
106 
0
CF_T
0
1
0
1
CF_BEAM-14
1
24 
0
Encastre Points
0
1
0
12
SMA_BEAM-1
1
104 
CF_BEAM-2
1
33 
CF_BEAM-4
1
39 
SMA_BEAM-2
1
135 
SMA_BEAM-4
1
197 
SMA_BEAM-6
1
259 
SMA_BEAM-8
1
321 
CF_BEAM-1
1
9 
CF_BEAM-3
1
36 
SMA_BEAM-3
1
166 
SMA_BEAM-5
1
228 
SMA_BEAM-7
1
290 
0
LAYER-4
0
1
0
8
SMA_BEAM-1
1
107 
SMA_BEAM-2
1
138 
SMA_BEAM-4
1
200 
SMA_BEAM-6
1
262 
SMA_BEAM-8
1
324 
SMA_BEAM-3
1
169 
SMA_BEAM-5
1
231 
SMA_BEAM-7
1
293 
0
M_SET-90
0
1
0
1
SMA_BEAM-3
1
169 
0
M_SET-92
0
1
0
1
SMA_BEAM-7
1
293 
0
M_SET-96
0
1
0
1
SMA_BEAM-5
1
231 
0
M_SET-98
0
1
0
1
SMA_BEAM-1
1
107 
0
SMAWIRE_LAYER-2_BEAM-1
0
1
0
2
SMA_BEAM-2
1
136 
SMA_BEAM-3
1
167 
0
SMAWIRE_LAYER-2_BEAM-2
0
1
0
2
SMA_BEAM-4
1
198 
SMA_BEAM-5
1
229 
0
SMAWIRE_LAYER-2_BEAM-3
0
1
0
2
SMA_BEAM-6
1
260 
SMA_BEAM-7
1
291 
0
SMAWIRE_LAYER-2_BEAM-4
0
1
0
2
SMA_BEAM-1
1
105 
SMA_BEAM-8
1
322 
0
SMAWIRE_LAYER-4_BEAM-1
0
1
0
2
SMA_BEAM-2
1
138 
SMA_BEAM-3
1
169 
0
SMAWIRE_LAYER-4_BEAM-2
0
1
0
2
SMA_BEAM-4
1
200 
SMA_BEAM-5
1
231 
0
SMAWIRE_LAYER-4_BEAM-3
0
1
0
2
SMA_BEAM-6
1
262 
SMA_BEAM-7
1
293 
0
SMAWIRE_LAYER-4_BEAM-4
0
1
0
2
SMA_BEAM-1
1
107 
SMA_BEAM-8
1
324 
0
SMA_FULLASSEMBLY
0
1
0
8
SMA_BEAM-1
31
104 105 106 107 108 109 110 111 112 113 114 115 116 117 118 119 120 121 122 123 124 125 126 127 128 129 130 131 132 133 134 
SMA_BEAM-2
31
135 136 137 138 139 140 141 142 143 144 145 146 147 148 149 150 151 152 153 154 155 156 157 158 159 160 161 162 163 164 165 
SMA_BEAM-4
31
197 198 199 200 201 202 203 204 205 206 207 208 209 210 211 212 213 214 215 216 217 218 219 220 221 222 223 224 225 226 227 
SMA_BEAM-6
31
259 260 261 262 263 264 265 266 267 268 269 270 271 272 273 274 275 276 277 278 279 280 281 282 283 284 285 286 287 288 289 
SMA_BEAM-8
31
321 322 323 324 325 326 327 328 329 330 331 332 333 334 335 336 337 338 339 340 341 342 343 344 345 346 347 348 349 350 351 
SMA_BEAM-3
31
166 167 168 169 170 171 172 173 174 175 176 177 178 179 180 181 182 183 184 185 186 187 188 189 190 191 192 193 194 195 196 
SMA_BEAM-5
31
228 229 230 231 232 233 234 235 236 237 238 239 240 241 242 243 244 245 246 247 248 249 250 251 252 253 254 255 256 257 258 
SMA_BEAM-7
31
290 291 292 293 294 295 296 297 298 299 300 301 302 303 304 305 306 307 308 309 310 311 312 313 314 315 316 317 318 319 320 
0
S_SET-88
0
1
0
1
SHADE-2
1
65 
0
S_SET-90
0
1
0
1
SHADE-1
1
56 
0
S_SET-92
0
1
0
1
SHADE-4
1
83 
0
S_SET-94
0
1
0
1
SHADE-3
1
74 
0
TOP_BEAM
0
1
0
2
CF_BEAM-14
1
24 
SMAWIRE_(NITINOL)
1
103 
0
TRANSP
0
1
1
1 
0
0
TRANSVERSE_CLIP_1
0
1
0
1
SMA_BEAM-2
1
138 
0
TRANS_WIRE
0
1
1
1 
2

1
1 
SMA_BEAM-2
1
138 
0
_PICKEDSET106
0
2
0
1
SMA_BEAM-2
1
137 
0
_PICKEDSET107
0
2
0
1
SMA_BEAM-1
1
106 
0
_PICKEDSET108
0
2
0
1
SMA_BEAM-4
1
199 
0
_PICKEDSET109
0
2
0
1
SMA_BEAM-3
1
168 
0
_PICKEDSET110
0
2
0
1
SMA_BEAM-6
1
261 
0
_PICKEDSET111
0
2
0
1
SMA_BEAM-5
1
230 
0
_PICKEDSET112
0
2
0
1
SMA_BEAM-8
1
323 
0
_PICKEDSET113
0
2
0
1
SMA_BEAM-7
1
292 
0
_PICKEDSET62
0
2
0
1
CF_BEAM-1
1
8 
0
_PICKEDSET63
0
2
0
1
CF_BEAM-2
1
32 
0
_PICKEDSET64
0
2
0
1
CF_BEAM-2
1
32 
0
_PICKEDSET65
0
2
0
1
CF_BEAM-3
1
35 
0
_PICKEDSET66
0
2
0
1
CF_BEAM-3
1
35 
0
_PICKEDSET67
0
2
0
1
CF_BEAM-4
1
38 
0
_PICKEDSET76
0
2
0
1
SMA_BEAM-2
1
135 
0
_PICKEDSET77
0
2
0
1
SMA_BEAM-1
1
104 
0
_PICKEDSET78
0
2
0
1
SMA_BEAM-4
1
197 
0
_PICKEDSET79
0
2
0
1
SMA_BEAM-3
1
166 
0
_PICKEDSET80
0
2
0
1
SMA_BEAM-6
1
259 
0
_PICKEDSET81
0
2
0
1
SMA_BEAM-5
1
228 
0
_PICKEDSET82
0
2
0
1
SMA_BEAM-8
1
321 
0
_PICKEDSET83
0
2
0
1
SMA_BEAM-7
1
290 
0
_PICKEDSET92
0
2
0
1
CF_BEAM-9
1
53 
0
_PICKEDSET93
0
2
0
1
CF_BEAM-10
1
11 
0
_PICKEDSET94
0
2
0
1
CF_BEAM-10
1
11 
0
_PICKEDSET95
0
2
0
1
CF_BEAM-11
1
14 
0
_PICKEDSET96
0
2
0
1
CF_BEAM-11
1
14 
0
_PICKEDSET97
0
2
0
1
CF_BEAM-12
1
17 
0
30
CF_BEAM-1
4
 P       1
0
2
3
8 9 10 
0
0
 P       1 Z000001
0
2
3
8 9 10 
0
0
 P       1Encastre Points
0
2
1
9 
0
0
CF_BEAM
0
1
3
8 9 10 
0
0
0

2
 P       0
0
2
1
1 
0
0
 P       0TRANS_WIRE
0
2
1
1 
0
0
0
CF_BEAM-2
4
 P       9
0
2
3
32 33 34 
0
0
 P       9 Z000001
0
2
3
32 33 34 
0
0
 P       9Encastre Points
0
2
1
33 
0
0
CF_BEAM
0
1
3
32 33 34 
0
0
0
CF_BEAM-4
4
 P      11
0
2
3
38 39 40 
0
0
 P      11 Z000001
0
2
3
38 39 40 
0
0
 P      11Encastre Points
0
2
1
39 
0
0
CF_BEAM
0
1
3
38 39 40 
0
0
0
CF_BEAM-6
6
 P      13
0
2
3
44 45 46 
0
0
 P      13 Z000001
0
2
3
44 45 46 
0
0
 P      13BOTTOM_BEAM
0
2
1
45 
0
0
 P      13CFWIRE-1-SET-1
0
2
1
44 
0
0
 P      13CFWIRE-2-SET-1
0
2
1
44 
0
0
CF_BEAM
0
1
3
44 45 46 
0
0
0
CF_BEAM-8
4
 P      15
0
2
3
50 51 52 
0
0
 P      15 Z000001
0
2
3
50 51 52 
0
0
 P      15CFWIRE-3-SET-1
0
2
1
50 
0
0
CF_BEAM
0
1
3
50 51 52 
0
0
0
CF_BEAM-10
3
 P       2
0
2
3
11 12 13 
0
0
 P       2 Z000001
0
2
3
11 12 13 
0
0
CF_BEAM
0
1
3
11 12 13 
0
0
0
CF_BEAM-12
3
 P       4
0
2
3
17 18 19 
0
0
 P       4 Z000001
0
2
3
17 18 19 
0
0
CF_BEAM
0
1
3
17 18 19 
0
0
0
CF_BEAM-14
6
 P       6
0
2
3
23 24 25 
0
0
 P       6 Z000001
0
2
3
23 24 25 
0
0
 P       6CFWIRE-4-SET-1
0
2
1
23 
0
0
 P       6CFWIRE-5-SET-1
0
2
1
23 
0
0
 P       6TOP_BEAM
0
2
1
24 
0
0
CF_BEAM
0
1
3
23 24 25 
0
0
0
SHADE-2
3
 P      18
0
2
9
65 66 67 68 69 70 71 72 73 
0
0
 P      18 Z000001
0
2
9
65 66 67 68 69 70 71 72 73 
0
0
WHOLE-SHADE-P
0
1
9
65 66 67 68 69 70 71 72 73 
0
0
0
SHADE-4
3
 P      20
0
2
9
83 84 85 86 87 88 89 90 91 
0
0
 P      20 Z000001
0
2
9
83 84 85 86 87 88 89 90 91 
0
0
WHOLE-SHADE-P
0
1
9
83 84 85 86 87 88 89 90 91 
0
0
0
CF_BEAM-16
4
 P       8
0
2
3
29 30 31 
0
0
 P       8 Z000001
0
2
3
29 30 31 
0
0
 P       8CFWIRE-6-SET-1
0
2
1
29 
0
0
CF_BEAM
0
1
3
29 30 31 
0
0
0
SMA_BEAM-2
10
 P      23
0
2
31
135 136 137 138 139 140 141 142 143 144 145 146 147 148 149 150 151 152 153 154 155 156 157 158 159 160 161 162 163 164 165 
0
0
 P      23 ADJFREE
0
2
1
138 
0
0
 P      23 Z000001
0
2
31
135 136 137 138 139 140 141 142 143 144 145 146 147 148 149 150 151 152 153 154 155 156 157 158 159 160 161 162 163 164 165 
0
0
 P      23Encastre Points
0
2
1
135 
0
0
 P      23LAYER-4
0
2
1
138 
0
0
 P      23SMAWIRE_LAYER-2_BEAM-1
0
2
1
136 
0
0
 P      23SMAWIRE_LAYER-4_BEAM-1
0
2
1
138 
0
0
 P      23SMA_FULLASSEMBLY
0
2
31
135 136 137 138 139 140 141 142 143 144 145 146 147 148 149 150 151 152 153 154 155 156 157 158 159 160 161 162 163 164 165 
0
0
 P      23TRANS_WIRE
0
2
1
138 
0
0
SMA_BEAM
0
1
31
135 136 137 138 139 140 141 142 143 144 145 146 147 148 149 150 151 152 153 154 155 156 157 158 159 160 161 162 163 164 165 
0
0
0
SMA_BEAM-4
9
 P      25
0
2
31
197 198 199 200 201 202 203 204 205 206 207 208 209 210 211 212 213 214 215 216 217 218 219 220 221 222 223 224 225 226 227 
0
0
 P      25 ADJFREE
0
2
1
200 
0
0
 P      25 Z000001
0
2
31
197 198 199 200 201 202 203 204 205 206 207 208 209 210 211 212 213 214 215 216 217 218 219 220 221 222 223 224 225 226 227 
0
0
 P      25Encastre Points
0
2
1
197 
0
0
 P      25LAYER-4
0
2
1
200 
0
0
 P      25SMAWIRE_LAYER-2_BEAM-2
0
2
1
198 
0
0
 P      25SMAWIRE_LAYER-4_BEAM-2
0
2
1
200 
0
0
 P      25SMA_FULLASSEMBLY
0
2
31
197 198 199 200 201 202 203 204 205 206 207 208 209 210 211 212 213 214 215 216 217 218 219 220 221 222 223 224 225 226 227 
0
0
SMA_BEAM
0
1
31
197 198 199 200 201 202 203 204 205 206 207 208 209 210 211 212 213 214 215 216 217 218 219 220 221 222 223 224 225 226 227 
0
0
0
SMA_BEAM-6
9
 P      27
0
2
31
259 260 261 262 263 264 265 266 267 268 269 270 271 272 273 274 275 276 277 278 279 280 281 282 283 284 285 286 287 288 289 
0
0
 P      27 ADJFREE
0
2
1
262 
0
0
 P      27 Z000001
0
2
31
259 260 261 262 263 264 265 266 267 268 269 270 271 272 273 274 275 276 277 278 279 280 281 282 283 284 285 286 287 288 289 
0
0
 P      27Encastre Points
0
2
1
259 
0
0
 P      27LAYER-4
0
2
1
262 
0
0
 P      27SMAWIRE_LAYER-2_BEAM-3
0
2
1
260 
0
0
 P      27SMAWIRE_LAYER-4_BEAM-3
0
2
1
262 
0
0
 P      27SMA_FULLASSEMBLY
0
2
31
259 260 261 262 263 264 265 266 267 268 269 270 271 272 273 274 275 276 277 278 279 280 281 282 283 284 285 286 287 288 289 
0
0
SMA_BEAM
0
1
31
259 260 261 262 263 264 265 266 267 268 269 270 271 272 273 274 275 276 277 278 279 280 281 282 283 284 285 286 287 288 289 
0
0
0
SMA_BEAM-8
9
 P      29
0
2
31
321 322 323 324 325 326 327 328 329 330 331 332 333 334 335 336 337 338 339 340 341 342 343 344 345 346 347 348 349 350 351 
0
0
 P      29 ADJFREE
0
2
1
324 
0
0
 P      29 Z000001
0
2
31
321 322 323 324 325 326 327 328 329 330 331 332 333 334 335 336 337 338 339 340 341 342 343 344 345 346 347 348 349 350 351 
0
0
 P      29Encastre Points
0
2
1
321 
0
0
 P      29LAYER-4
0
2
1
324 
0
0
 P      29SMAWIRE_LAYER-2_BEAM-4
0
2
1
322 
0
0
 P      29SMAWIRE_LAYER-4_BEAM-4
0
2
1
324 
0
0
 P      29SMA_FULLASSEMBLY
0
2
31
321 322 323 324 325 326 327 328 329 330 331 332 333 334 335 336 337 338 339 340 341 342 343 344 345 346 347 348 349 350 351 
0
0
SMA_BEAM
0
1
31
321 322 323 324 325 326 327 328 329 330 331 332 333 334 335 336 337 338 339 340 341 342 343 344 345 346 347 348 349 350 351 
0
0
0
CF_BEAM-3
4
 P      10
0
2
3
35 36 37 
0
0
 P      10 Z000001
0
2
3
35 36 37 
0
0
 P      10Encastre Points
0
2
1
36 
0
0
CF_BEAM
0
1
3
35 36 37 
0
0
0
CF_BEAM-5
4
 P      12
0
2
3
41 42 43 
0
0
 P      12 Z000001
0
2
3
41 42 43 
0
0
 P      12CFWIRE-1-SET-1
0
2
1
41 
0
0
CF_BEAM
0
1
3
41 42 43 
0
0
0
CF_BEAM-7
5
 P      14
0
2
3
47 48 49 
0
0
 P      14 Z000001
0
2
3
47 48 49 
0
0
 P      14CFWIRE-2-SET-1
0
2
1
47 
0
0
 P      14CFWIRE-3-SET-1
0
2
1
47 
0
0
CF_BEAM
0
1
3
47 48 49 
0
0
0
CF_BEAM-9
3
 P      16
0
2
3
53 54 55 
0
0
 P      16 Z000001
0
2
3
53 54 55 
0
0
CF_BEAM
0
1
3
53 54 55 
0
0
0
CF_BEAM-11
3
 P       3
0
2
3
14 15 16 
0
0
 P       3 Z000001
0
2
3
14 15 16 
0
0
CF_BEAM
0
1
3
14 15 16 
0
0
0
CF_BEAM-13
4
 P       5
0
2
3
20 21 22 
0
0
 P       5 Z000001
0
2
3
20 21 22 
0
0
 P       5CFWIRE-4-SET-1
0
2
1
20 
0
0
CF_BEAM
0
1
3
20 21 22 
0
0
0
SHADE-1
3
 P      17
0
2
9
56 57 58 59 60 61 62 63 64 
0
0
 P      17 Z000001
0
2
9
56 57 58 59 60 61 62 63 64 
0
0
WHOLE-SHADE-P
0
1
9
56 57 58 59 60 61 62 63 64 
0
0
0
SHADE-3
3
 P      19
0
2
9
74 75 76 77 78 79 80 81 82 
0
0
 P      19 Z000001
0
2
9
74 75 76 77 78 79 80 81 82 
0
0
WHOLE-SHADE-P
0
1
9
74 75 76 77 78 79 80 81 82 
0
0
0
CF_BEAM-15
5
 P       7
0
2
3
26 27 28 
0
0
 P       7 Z000001
0
2
3
26 27 28 
0
0
 P       7CFWIRE-5-SET-1
0
2
1
26 
0
0
 P       7CFWIRE-6-SET-1
0
2
1
26 
0
0
CF_BEAM
0
1
3
26 27 28 
0
0
0
SMA_BEAM-1
9
 P      22
0
2
31
104 105 106 107 108 109 110 111 112 113 114 115 116 117 118 119 120 121 122 123 124 125 126 127 128 129 130 131 132 133 134 
0
0
 P      22 ADJFREE
0
2
1
107 
0
0
 P      22 Z000001
0
2
31
104 105 106 107 108 109 110 111 112 113 114 115 116 117 118 119 120 121 122 123 124 125 126 127 128 129 130 131 132 133 134 
0
0
 P      22Encastre Points
0
2
1
104 
0
0
 P      22LAYER-4
0
2
1
107 
0
0
 P      22SMAWIRE_LAYER-2_BEAM-4
0
2
1
105 
0
0
 P      22SMAWIRE_LAYER-4_BEAM-4
0
2
1
107 
0
0
 P      22SMA_FULLASSEMBLY
0
2
31
104 105 106 107 108 109 110 111 112 113 114 115 116 117 118 119 120 121 122 123 124 125 126 127 128 129 130 131 132 133 134 
0
0
SMA_BEAM
0
1
31
104 105 106 107 108 109 110 111 112 113 114 115 116 117 118 119 120 121 122 123 124 125 126 127 128 129 130 131 132 133 134 
0
0
0
SMAWIRE_(NITINOL)
5
 P      21
0
2
12
92 93 94 95 96 97 98 99 100 101 102 103 
0
0
 P      21 Z000001
0
2
12
92 93 94 95 96 97 98 99 100 101 102 103 
0
0
 P      21BOTTOM_BEAM
0
2
1
92 
0
0
 P      21TOP_BEAM
0
2
1
103 
0
0
SMA-ACTUATOR-P
0
1
12
92 93 94 95 96 97 98 99 100 101 102 103 
0
0
0
SMA_BEAM-3
9
 P      24
0
2
31
166 167 168 169 170 171 172 173 174 175 176 177 178 179 180 181 182 183 184 185 186 187 188 189 190 191 192 193 194 195 196 
0
0
 P      24 ADJFREE
0
2
1
169 
0
0
 P      24 Z000001
0
2
31
166 167 168 169 170 171 172 173 174 175 176 177 178 179 180 181 182 183 184 185 186 187 188 189 190 191 192 193 194 195 196 
0
0
 P      24Encastre Points
0
2
1
166 
0
0
 P      24LAYER-4
0
2
1
169 
0
0
 P      24SMAWIRE_LAYER-2_BEAM-1
0
2
1
167 
0
0
 P      24SMAWIRE_LAYER-4_BEAM-1
0
2
1
169 
0
0
 P      24SMA_FULLASSEMBLY
0
2
31
166 167 168 169 170 171 172 173 174 175 176 177 178 179 180 181 182 183 184 185 186 187 188 189 190 191 192 193 194 195 196 
0
0
SMA_BEAM
0
1
31
166 167 168 169 170 171 172 173 174 175 176 177 178 179 180 181 182 183 184 185 186 187 188 189 190 191 192 193 194 195 196 
0
0
0
SMA_BEAM-5
9
 P      26
0
2
31
228 229 230 231 232 233 234 235 236 237 238 239 240 241 242 243 244 245 246 247 248 249 250 251 252 253 254 255 256 257 258 
0
0
 P      26 ADJFREE
0
2
1
231 
0
0
 P      26 Z000001
0
2
31
228 229 230 231 232 233 234 235 236 237 238 239 240 241 242 243 244 245 246 247 248 249 250 251 252 253 254 255 256 257 258 
0
0
 P      26Encastre Points
0
2
1
228 
0
0
 P      26LAYER-4
0
2
1
231 
0
0
 P      26SMAWIRE_LAYER-2_BEAM-2
0
2
1
229 
0
0
 P      26SMAWIRE_LAYER-4_BEAM-2
0
2
1
231 
0
0
 P      26SMA_FULLASSEMBLY
0
2
31
228 229 230 231 232 233 234 235 236 237 238 239 240 241 242 243 244 245 246 247 248 249 250 251 252 253 254 255 256 257 258 
0
0
SMA_BEAM
0
1
31
228 229 230 231 232 233 234 235 236 237 238 239 240 241 242 243 244 245 246 247 248 249 250 251 252 253 254 255 256 257 258 
0
0
0
SMA_BEAM-7
9
 P      28
0
2
31
290 291 292 293 294 295 296 297 298 299 300 301 302 303 304 305 306 307 308 309 310 311 312 313 314 315 316 317 318 319 320 
0
0
 P      28 ADJFREE
0
2
1
293 
0
0
 P      28 Z000001
0
2
31
290 291 292 293 294 295 296 297 298 299 300 301 302 303 304 305 306 307 308 309 310 311 312 313 314 315 316 317 318 319 320 
0
0
 P      28Encastre Points
0
2
1
290 
0
0
 P      28LAYER-4
0
2
1
293 
0
0
 P      28SMAWIRE_LAYER-2_BEAM-3
0
2
1
291 
0
0
 P      28SMAWIRE_LAYER-4_BEAM-3
0
2
1
293 
0
0
 P      28SMA_FULLASSEMBLY
0
2
31
290 291 292 293 294 295 296 297 298 299 300 301 302 303 304 305 306 307 308 309 310 311 312 313 314 315 316 317 318 319 320 
0
0
SMA_BEAM
0
1
31
290 291 292 293 294 295 296 297 298 299 300 301 302 303 304 305 306 307 308 309 310 311 312 313 314 315 316 317 318 319 320 
0
0
0
25
CF_BEAM-1
1
CF_FULL
0
0
1

1
18 
CF_BEAM-10
1
CF_FULL
0
0
1

1
27 
CF_BEAM-11
1
CF_FULL
0
0
1

1
28 
CF_BEAM-12
1
CF_FULL
0
0
1

1
29 
CF_BEAM-13
1
CF_FULL
0
0
1

1
30 
CF_BEAM-14
1
CF_FULL
0
0
1

1
31 
CF_BEAM-15
1
CF_FULL
0
0
1

1
32 
CF_BEAM-16
1
CF_FULL
0
0
1

1
33 
CF_BEAM-2
1
CF_FULL
0
0
1

1
19 
CF_BEAM-3
1
CF_FULL
0
0
1

1
20 
CF_BEAM-4
1
CF_FULL
0
0
1

1
21 
CF_BEAM-5
1
CF_FULL
0
0
1

1
22 
CF_BEAM-6
1
CF_FULL
0
0
1

1
23 
CF_BEAM-7
1
CF_FULL
0
0
1

1
24 
CF_BEAM-8
1
CF_FULL
0
0
1

1
25 
CF_BEAM-9
1
CF_FULL
0
0
1

1
26 
SMAWIRE_(NITINOL)
1
FLUX-SURFACE
0
0
1

11
50 51 52 53 54 55 56 57 58 59 60 
SMA_BEAM-1
1
SMA_FULL
0
0
1

15
61 62 63 64 65 66 67 68 69 70 71 72 73 74 75 
SMA_BEAM-2
1
SMA_FULL
0
0
1

15
76 77 78 79 80 81 82 83 84 85 86 87 88 89 90 
SMA_BEAM-3
1
SMA_FULL
0
0
1

15
91 92 93 94 95 96 97 98 99 100 101 102 103 104 105 
SMA_BEAM-4
1
SMA_FULL
0
0
1

15
106 107 108 109 110 111 112 113 114 115 116 117 118 119 120 
SMA_BEAM-5
1
SMA_FULL
0
0
1

15
121 122 123 124 125 126 127 128 129 130 131 132 133 134 135 
SMA_BEAM-6
1
SMA_FULL
0
0
1

15
136 137 138 139 140 141 142 143 144 145 146 147 148 149 150 
SMA_BEAM-7
1
SMA_FULL
0
0
1

15
151 152 153 154 155 156 157 158 159 160 161 162 163 164 165 
SMA_BEAM-8
1
SMA_FULL
0
0
1

15
166 167 168 169 170 171 172 173 174 175 176 177 178 179 180 
28
SHADE_GEOM-1
0
0
0
1
SHADE-1
0
0
1
SPOS
4
34 35 36 37 
SHADE_GEOM-2
0
0
0
1
SHADE-2
0
0
1
SPOS
4
38 39 40 41 
SHADE_GEOM-3
0
0
0
1
SHADE-3
0
0
1
SPOS
4
42 43 44 45 
SHADE_GEOM-4
0
0
0
1
SHADE-4
0
0
1
SPOS
4
46 47 48 49 
S_SET-88_CNS_
1
0
0
1
SHADE-2
1
0
1
65
1
S_SET-90_CNS_
1
0
0
1
SHADE-1
1
0
1
56
1
S_SET-92_CNS_
1
0
0
1
SHADE-4
1
0
1
83
1
S_SET-94_CNS_
1
0
0
1
SHADE-3
1
0
1
74
1
_PICKEDSET106_CNS_
1
0
0
1
SMA_BEAM-2
1
0
1
137
1
_PICKEDSET108_CNS_
1
0
0
1
SMA_BEAM-4
1
0
1
199
1
_PICKEDSET110_CNS_
1
0
0
1
SMA_BEAM-6
1
0
1
261
1
_PICKEDSET112_CNS_
1
0
0
1
SMA_BEAM-8
1
0
1
323
1
_PICKEDSET62_CNS_
1
0
0
1
CF_BEAM-1
1
0
1
8
1
_PICKEDSET63_CNS_
1
0
0
1
CF_BEAM-2
1
0
1
32
1
_PICKEDSET64_CNS_
1
0
0
1
CF_BEAM-2
1
0
1
32
1
_PICKEDSET65_CNS_
1
0
0
1
CF_BEAM-3
1
0
1
35
1
_PICKEDSET66_CNS_
1
0
0
1
CF_BEAM-3
1
0
1
35
1
_PICKEDSET67_CNS_
1
0
0
1
CF_BEAM-4
1
0
1
38
1
_PICKEDSET76_CNS_
1
0
0
1
SMA_BEAM-2
1
0
1
135
1
_PICKEDSET78_CNS_
1
0
0
1
SMA_BEAM-4
1
0
1
197
1
_PICKEDSET80_CNS_
1
0
0
1
SMA_BEAM-6
1
0
1
259
1
_PICKEDSET82_CNS_
1
0
0
1
SMA_BEAM-8
1
0
1
321
1
_PICKEDSET92_CNS_
1
0
0
1
CF_BEAM-9
1
0
1
53
1
_PICKEDSET93_CNS_
1
0
0
1
CF_BEAM-10
1
0
1
11
1
_PICKEDSET94_CNS_
1
0
0
1
CF_BEAM-10
1
0
1
11
1
_PICKEDSET95_CNS_
1
0
0
1
CF_BEAM-11
1
0
1
14
1
_PICKEDSET96_CNS_
1
0
0
1
CF_BEAM-11
1
0
1
14
1
_PICKEDSET97_CNS_
1
0
0
1
CF_BEAM-12
1
0
1
17
1
