 Abaqus/Standard 2025                  DATE 24-Jul-2026 TIME 15:16:56
 SUMMARY OF JOB INFORMATION:
 STEP  INC ATT SEVERE EQUIL TOTAL  TOTAL      STEP       INC OF       DOF    IF
               DISCON ITERS ITERS  TIME/    TIME/LPF    TIME/LPF    MONITOR RIKS
               ITERS               FREQ
   1     1   1     1     0     1  1.00       1.00       1.000     
   2     1   1     6     1     7  1.10       0.100      0.1000    
   2     2   1     7     0     7  1.20       0.200      0.1000    
   2     3   1U    1     1     2  1.20       0.200      0.1500    
   2     3   2     6     1     7  1.24       0.238      0.03750   
   2     4   1     8     1     9  1.29       0.294      0.05625   
   2     5   1     9     0     9  1.38       0.378      0.08438   
   2     6   1U    2     1     3  1.38       0.378      0.1266    
   2     6   2     7     1     8  1.41       0.410      0.03164   
   2     7   1     8     0     8  1.46       0.457      0.04746   
   2     8   1    12     2    14  1.53       0.528      0.07119   
   2     9   1     9     0     9  1.64       0.635      0.1068    
   2    10   1U    0     1     1  1.64       0.635      0.1602    
   2    10   2     8     0     8  1.68       0.675      0.04005   
   2    11   1     8     0     8  1.74       0.735      0.06007   
   2    12   1    12     0    12  1.83       0.825      0.09010   
   2    13   1    15     0    15  1.89       0.893      0.06758   
   2    14   1U    8     0     8  1.89       0.893      0.05068   
   2    14   2     8     0     8  1.91       0.906      0.01267   
   2    15   1     7     0     7  1.92       0.918      0.01267   
   2    16   1     7     0     7  1.94       0.937      0.01901   
   2    17   1     7     0     7  1.97       0.966      0.02851   
   2    18   1     4     0     4  2.00       1.00       0.03415   
   3     1   1    12     0    12  3.00       1.00       1.000     
   4     1   1     1     0     1  3.10       0.100      0.1000    
   4     2   1     1     0     1  3.20       0.200      0.1000    
   4     3   1     1     0     1  3.30       0.300      0.1000    
   4     4   1     1     0     1  3.45       0.450      0.1500    
   4     5   1     1     0     1  3.68       0.675      0.2250    
   4     6   1     1     0     1  4.01       1.01       0.3375    
   4     7   1     1     0     1  4.52       1.52       0.5063    
   4     8   1     1     0     1  5.28       2.28       0.7594    
   4     9   1     1     0     1  6.28       3.28       1.000     
   4    10   1     1     0     1  7.28       4.28       1.000     
   4    11   1     1     0     1  8.28       5.28       1.000     
   4    12   1     1     0     1  9.28       6.28       1.000     
   4    13   1     1     0     1  10.3       7.28       1.000     
   4    14   1     1     0     1  11.3       8.28       1.000     
   4    15   1     1     0     1  12.3       9.28       1.000     
   4    16   1     1     0     1  13.3       10.3       1.000     
   4    17   1     1     0     1  14.3       11.3       1.000     
   4    18   1     1     0     1  15.3       12.3       1.000     
   4    19   1     1     0     1  16.3       13.3       1.000     
   4    20   1     1     0     1  17.3       14.3       1.000     
   4    21   1     1     0     1  18.3       15.3       1.000     
   4    22   1     1     0     1  19.3       16.3       1.000     
   4    23   1     1     0     1  20.3       17.3       1.000     
   4    24   1     1     0     1  21.3       18.3       1.000     
   4    25   1     1     0     1  22.3       19.3       1.000     
   4    26   1     1     0     1  23.0       20.0       0.7219    
                          
 THE ANALYSIS HAS COMPLETED SUCCESSFULLY
