1
0
1
ASSEMBLY
1
SMAStrip (Nitinol)
SMAStrip (Nitinol)
1
SMAStrip (Nitinol)
14
-2147483646
0
48 1 16 5 0 1 0 -1 -1 1205 1 -1879048189 1 1205 
14
48 1 16 5 0 1 0 -1 -1 1205 1 -1879048189 1 1205 
0
1
SMAStrip (Nitinol)
14
-2147483646
0
48 1 16 5 0 1 0 -1 -1 1110 1 -1879048189 1 1110 
14
48 1 16 5 0 1 0 -1 -1 1110 1 -1879048189 1 1110 
0
3
FIXED-SET
0
1
0
1
SMAStrip (Nitinol)
10
401 402 403 412 413 417 418 420 991 1083 
0
SET-TEMP
0
1
0
1
SMAStrip (Nitinol)
14
-2147483647
48 1 16 5 0 1 0 -1 -1 1110 1 -1879048189 1 1110 
0
_ALL-SURFACES_SPOS
0
2
0
1
SMAStrip (Nitinol)
14
-2147483647
48 1 16 5 0 1 0 -1 -1 1110 1 -1879048189 1 1110 
0
1
SMAStrip (Nitinol)
1
SET-1
0
1
14
-2147483647
48 1 16 5 0 1 0 -1 -1 1110 1 -1879048189 1 1110 
0
0
0
2
FIXED-SET
0
1
0
1
SMAStrip (Nitinol)
11
111 112 113 114 115 116 117 118 119 120 121 
0
SET-TEMP
0
1
0
1
SMAStrip (Nitinol)
14
-2147483647
48 1 16 5 0 1 0 -1 -1 1205 1 -1879048189 1 1205 
0
1
SMAStrip (Nitinol)
1
SET-1
0
1
14
-2147483647
48 1 16 5 0 1 0 -1 -1 1205 1 -1879048189 1 1205 
0
0
0
0
1
ALL-SURFACES
0
0
0
1
SMAStrip (Nitinol)
0
0
1
SPOS
14
-2147483647
48 1 16 5 0 1 0 -1 -1 1110 1 -1879048189 1 1110 
