 Abaqus/Standard 2025                  DATE 29-Sep-2026 TIME 15:19:59
 SUMMARY OF JOB INFORMATION:
 STEP  INC ATT SEVERE EQUIL TOTAL  TOTAL      STEP       INC OF       DOF    IF
               DISCON ITERS ITERS  TIME/    TIME/LPF    TIME/LPF    MONITOR RIKS
               ITERS               FREQ
  10     1   1     3     0     3  183.       0.100      0.1000    
  10     2   1     1     0     1  183.       0.200      0.1000    
  10     3   1     1     0     1  183.       0.300      0.1000    
  10     4   1     1     0     1  183.       0.450      0.1500    
  10     5   1     1     0     1  184.       0.675      0.2250    
  10     6   1     1     0     1  184.       1.01       0.3375    
  10     7   1     1     0     1  185.       1.52       0.5063    
  10     8   1     2     0     2  185.       2.28       0.7594    
  10     9   1     3     0     3  186.       3.42       1.139     
  10    10   1     2     0     2  188.       5.13       1.709     
  10    11   1     2     0     2  191.       7.69       2.563     
  10    12   1     2     0     2  195.       11.5       3.844     
  10    13   1     2     0     2  200.       16.5       5.000     
  10    14   1     1     1     2  205.       21.5       5.000     
  10    15   1     2     0     2  210.       26.5       5.000     
  10    16   1     2     0     2  213.       30.0       3.467     
                          
 THE ANALYSIS HAS COMPLETED SUCCESSFULLY
