 Abaqus/Standard 2025                  DATE 29-Sep-2026 TIME 15:22:35
 SUMMARY OF JOB INFORMATION:
 STEP  INC ATT SEVERE EQUIL TOTAL  TOTAL      STEP       INC OF       DOF    IF
               DISCON ITERS ITERS  TIME/    TIME/LPF    TIME/LPF    MONITOR RIKS
               ITERS               FREQ
  15     1   1     3     1     4  333.       0.100      0.1000    
  15     2   1     1     0     1  333.       0.200      0.1000    
  15     3   1     1     0     1  333.       0.300      0.1000    
  15     4   1     1     0     1  333.       0.450      0.1500    
  15     5   1     1     0     1  334.       0.675      0.2250    
  15     6   1     1     0     1  334.       1.01       0.3375    
  15     7   1     2     0     2  335.       1.52       0.5063    
  15     8   1     2     0     2  335.       2.28       0.7594    
  15     9   1     2     0     2  336.       3.42       1.139     
  15    10   1     1     0     1  338.       5.13       1.709     
  15    11   1     2     0     2  341.       7.69       2.563     
  15    12   1     2     0     2  345.       11.5       3.844     
  15    13   1     2     0     2  350.       16.5       5.000     
  15    14   1     2     0     2  355.       21.5       5.000     
  15    15   1     2     0     2  360.       26.5       5.000     
  15    16   1     2     0     2  363.       30.0       3.467     
                          
 THE ANALYSIS HAS COMPLETED SUCCESSFULLY
