1
0
1
ASSEMBLY
1
SMAStrip (Nitinol)
SMAStrip (Nitinol)
1
SMAStrip (Nitinol)
14
-2147483646
0
48 1 16 5 0 1 0 -1 -1 1133 1 -1879048189 1 1133 
14
48 1 16 5 0 1 0 -1 -1 1133 1 -1879048189 1 1133 
0
1
SMAStrip (Nitinol)
14
-2147483646
0
48 1 16 5 0 1 0 -1 -1 1020 1 -1879048189 1 1020 
14
48 1 16 5 0 1 0 -1 -1 1020 1 -1879048189 1 1020 
0
3
FIXED-SET
0
1
0
1
SMAStrip (Nitinol)
9
1 2 3 4 5 6 7 8 9 
0
SET-TEMP
0
1
0
1
SMAStrip (Nitinol)
14
-2147483647
48 1 16 5 0 1 0 -1 -1 1020 1 -1879048189 1 1020 
0
_ALL-SURFACES_SPOS
0
2
0
1
SMAStrip (Nitinol)
14
-2147483647
48 1 16 5 0 1 0 -1 -1 1020 1 -1879048189 1 1020 
0
1
SMAStrip (Nitinol)
1
SET-1
0
1
14
-2147483647
48 1 16 5 0 1 0 -1 -1 1020 1 -1879048189 1 1020 
0
0
0
2
FIXED-SET
0
1
0
1
SMAStrip (Nitinol)
10
1 2 3 4 5 6 7 8 9 10 
0
SET-TEMP
0
1
0
1
SMAStrip (Nitinol)
14
-2147483647
48 1 16 5 0 1 0 -1 -1 1133 1 -1879048189 1 1133 
0
1
SMAStrip (Nitinol)
1
SET-1
0
1
14
-2147483647
48 1 16 5 0 1 0 -1 -1 1133 1 -1879048189 1 1133 
0
0
0
0
1
ALL-SURFACES
0
0
0
1
SMAStrip (Nitinol)
0
0
1
SPOS
14
-2147483647
48 1 16 5 0 1 0 -1 -1 1020 1 -1879048189 1 1020 
