 Abaqus/Standard 2025                  DATE 29-Sep-2026 TIME 15:22:03
 SUMMARY OF JOB INFORMATION:
 STEP  INC ATT SEVERE EQUIL TOTAL  TOTAL      STEP       INC OF       DOF    IF
               DISCON ITERS ITERS  TIME/    TIME/LPF    TIME/LPF    MONITOR RIKS
               ITERS               FREQ
  14     1   1     3     1     4  303.       0.100      0.1000    
  14     2   1     1     0     1  303.       0.200      0.1000    
  14     3   1     1     0     1  303.       0.300      0.1000    
  14     4   1     1     0     1  303.       0.450      0.1500    
  14     5   1     1     0     1  304.       0.675      0.2250    
  14     6   1     1     0     1  304.       1.01       0.3375    
  14     7   1     1     0     1  305.       1.52       0.5063    
  14     8   1     1     0     1  305.       2.28       0.7594    
  14     9   1     1     0     1  306.       3.42       1.139     
  14    10   1     2     0     2  308.       5.13       1.709     
  14    11   1     2     0     2  311.       7.69       2.563     
  14    12   1     2     0     2  315.       11.5       3.844     
  14    13   1     2     0     2  320.       16.5       5.000     
  14    14   1     2     0     2  325.       21.5       5.000     
  14    15   1     2     0     2  330.       26.5       5.000     
  14    16   1     2     0     2  333.       30.0       3.467     
                          
 THE ANALYSIS HAS COMPLETED SUCCESSFULLY
