 Abaqus/Standard 2025                  DATE 29-Sep-2026 TIME 15:18:19
 SUMMARY OF JOB INFORMATION:
 STEP  INC ATT SEVERE EQUIL TOTAL  TOTAL      STEP       INC OF       DOF    IF
               DISCON ITERS ITERS  TIME/    TIME/LPF    TIME/LPF    MONITOR RIKS
               ITERS               FREQ
   7     1   1     2     0     2  93.1       0.100      0.1000    
   7     2   1     3     0     3  93.2       0.200      0.1000    
   7     3   1     2     0     2  93.3       0.300      0.1000    
   7     4   1     2     0     2  93.4       0.450      0.1500    
   7     5   1     3     0     3  93.7       0.675      0.2250    
   7     6   1     4     0     4  94.0       1.01       0.3375    
   7     7   1     4     0     4  94.5       1.52       0.5063    
   7     8   1     4     1     5  95.3       2.28       0.7594    
   7     9   1     8     1     9  96.4       3.42       1.139     
   7    10   1     8     0     8  98.7       5.70       2.278     
   7    11   1     9     0     9  102.       9.11       3.417     
   7    12   1     9     0     9  107.       14.1       5.000     
   7    13   1     8     2    10  112.       19.1       5.000     
   7    14   1     9     1    10  117.       24.1       5.000     
   7    15   1     9     1    10  122.       29.1       5.000     
   7    16   1     5     1     6  123.       30.0       0.8875    
                          
 THE ANALYSIS HAS COMPLETED SUCCESSFULLY
