 Abaqus/Standard 2025                  DATE 17-Jul-2026 TIME 13:54:13
 SUMMARY OF JOB INFORMATION:
 STEP  INC ATT SEVERE EQUIL TOTAL  TOTAL      STEP       INC OF       DOF    IF
               DISCON ITERS ITERS  TIME/    TIME/LPF    TIME/LPF    MONITOR RIKS
               ITERS               FREQ
   1     1   1     0     2     2  0.100      0.100      0.1000    
   1     2   1     0     2     2  0.200      0.200      0.1000    
   1     3   1     0     2     2  0.300      0.300      0.1000    
   1     4   1     0     2     2  0.450      0.450      0.1500    
   1     5   1     0     2     2  0.675      0.675      0.2250    
   1     6   1     0     2     2  1.01       1.01       0.3375    
   1     7   1     0     2     2  1.52       1.52       0.5063    
   1     8   1     0     2     2  2.28       2.28       0.7594    
   1     9   1     0     2     2  3.42       3.42       1.139     
   1    10   1     0     2     2  5.13       5.13       1.709     
   1    11   1     0     2     2  7.69       7.69       2.563     
   1    12   1     0     2     2  11.5       11.5       3.844     
   1    13   1     0     3     3  16.5       16.5       5.000     
   1    14   1     0     3     3  21.5       21.5       5.000     
   1    15   1     0     3     3  26.5       26.5       5.000     
   1    16   1     0     3     3  31.5       31.5       5.000     
   1    17   1     0     3     3  36.5       36.5       5.000     
   1    18   1     0     3     3  41.5       41.5       5.000     
   1    19   1     0     3     3  46.5       46.5       5.000     
   1    20   1     0     3     3  51.5       51.5       5.000     
   1    21   1     0     3     3  56.5       56.5       5.000     
   1    22   1     0     3     3  61.5       61.5       5.000     
   1    23   1     0     3     3  66.5       66.5       5.000     
   1    24   1     0     3     3  71.5       71.5       5.000     
   1    25   1     0     2     2  76.5       76.5       5.000     
   1    26   1     0     2     2  81.5       81.5       5.000     
   1    27   1     0     2     2  86.5       86.5       5.000     
   1    28   1     0     2     2  91.5       91.5       5.000     
   1    29   1     0     2     2  96.5       96.5       5.000     
   1    30   1     0     2     2  102.       102.       5.000     
   1    31   1     0     2     2  107.       107.       5.000     
   1    32   1     0     2     2  112.       112.       5.000     
   1    33   1     0     2     2  117.       117.       5.000     
   1    34   1     0     2     2  122.       122.       5.000     
   1    35   1     0     2     2  127.       127.       5.000     
   1    36   1     0     2     2  132.       132.       5.000     
   1    37   1     0     2     2  137.       137.       5.000     
   1    38   1     0     2     2  142.       142.       5.000     
   1    39   1     0     2     2  147.       147.       5.000     
   1    40   1     0     2     2  152.       152.       5.000     
   1    41   1     0     2     2  157.       157.       5.000     
   1    42   1     0     2     2  162.       162.       5.000     
   1    43   1     0     2     2  167.       167.       5.000     
   1    44   1     0     2     2  172.       172.       5.000     
   1    45   1     0     2     2  177.       177.       5.000     
   1    46   1     0     1     1  180.       180.       3.467     
                          
 THE ANALYSIS HAS COMPLETED SUCCESSFULLY
