1
0
1
ASSEMBLY
1
SMAStrip (Nitinol)
SMAStrip (Nitinol)
1
SMAStrip (Nitinol)
14
-2147483646
0
48 1 16 5 0 1 0 -1 -1 1248 1 -1879048189 1 1248 
14
48 1 16 5 0 1 0 -1 -1 1248 1 -1879048189 1 1248 
0
1
SMAStrip (Nitinol)
14
-2147483646
0
48 1 16 5 0 1 0 -1 -1 1133 1 -1879048189 1 1133 
14
48 1 16 5 0 1 0 -1 -1 1133 1 -1879048189 1 1133 
0
3
FIXED-SET
0
1
0
1
SMAStrip (Nitinol)
8
206 309 412 515 618 721 824 927 
0
SET-TEMP
0
1
0
1
SMAStrip (Nitinol)
14
-2147483647
48 1 16 5 0 1 0 -1 -1 1133 1 -1879048189 1 1133 
0
_ALL-SURFACES_SPOS
0
2
0
1
SMAStrip (Nitinol)
14
-2147483647
48 1 16 5 0 1 0 -1 -1 1133 1 -1879048189 1 1133 
0
1
SMAStrip (Nitinol)
1
SET-1
0
1
14
-2147483647
48 1 16 5 0 1 0 -1 -1 1133 1 -1879048189 1 1133 
0
0
0
2
FIXED-SET
0
1
0
1
SMAStrip (Nitinol)
9
208 312 416 520 624 728 832 936 1040 
0
SET-TEMP
0
1
0
1
SMAStrip (Nitinol)
14
-2147483647
48 1 16 5 0 1 0 -1 -1 1248 1 -1879048189 1 1248 
0
1
SMAStrip (Nitinol)
1
SET-1
0
1
14
-2147483647
48 1 16 5 0 1 0 -1 -1 1248 1 -1879048189 1 1248 
0
0
0
0
1
ALL-SURFACES
0
0
0
1
SMAStrip (Nitinol)
0
0
1
SPOS
14
-2147483647
48 1 16 5 0 1 0 -1 -1 1133 1 -1879048189 1 1133 
