 Abaqus/Standard 2025                  DATE 29-Sep-2026 TIME 15:16:19
 SUMMARY OF JOB INFORMATION:
 STEP  INC ATT SEVERE EQUIL TOTAL  TOTAL      STEP       INC OF       DOF    IF
               DISCON ITERS ITERS  TIME/    TIME/LPF    TIME/LPF    MONITOR RIKS
               ITERS               FREQ
   1     1   1     1     0     1  1.00       1.00       1.000     
   2     1   1     7     0     7  1.10       0.100      0.1000    
   2     2   1     7     0     7  1.20       0.200      0.1000    
   2     3   1U    1     1     2  1.20       0.200      0.1500    
   2     3   2     7     0     7  1.24       0.238      0.03750   
   2     4   1     8     1     9  1.29       0.294      0.05625   
   2     5   1     9     0     9  1.38       0.378      0.08438   
   2     6   1U    2     1     3  1.38       0.378      0.1266    
   2     6   2     7     1     8  1.41       0.410      0.03164   
   2     7   1     8     0     8  1.46       0.457      0.04746   
   2     8   1    12     2    14  1.53       0.528      0.07119   
   2     9   1     9     0     9  1.64       0.635      0.1068    
   2    10   1U    0     1     1  1.64       0.635      0.1602    
   2    10   2     6     2     8  1.68       0.675      0.04005   
   2    11   1     8     0     8  1.74       0.735      0.06007   
   2    12   1    12     0    12  1.83       0.825      0.09010   
   2    13   1    16     1    17  1.89       0.893      0.06758   
   2    14   1U    7     0     7  1.89       0.893      0.05068   
   2    14   2     8     0     8  1.91       0.906      0.01267   
   2    15   1     7     0     7  1.92       0.918      0.01267   
   2    16   1     7     0     7  1.94       0.937      0.01901   
   2    17   1     6     1     7  1.97       0.966      0.02851   
   2    18   1     4     0     4  2.00       1.00       0.03415   
   3     1   1U    5     0     5  2.00       0.00       1.000     
   3     1   2     7     1     8  2.25       0.250      0.2500    
   3     2   1     5     0     5  2.50       0.500      0.2500    
   3     3   1     8     0     8  2.88       0.875      0.3750    
   3     4   1     4     0     4  3.00       1.00       0.1250    
   4     1   1     1     0     1  3.10       0.100      0.1000    
   4     2   1     1     0     1  3.20       0.200      0.1000    
   4     3   1     1     0     1  3.30       0.300      0.1000    
   4     4   1     1     0     1  3.45       0.450      0.1500    
   4     5   1     1     0     1  3.68       0.675      0.2250    
   4     6   1     0     1     1  4.01       1.01       0.3375    
   4     7   1     1     0     1  4.69       1.69       0.6750    
   4     8   1     1     0     1  5.69       2.69       1.000     
   4     9   1     1     0     1  6.69       3.69       1.000     
   4    10   1     1     0     1  7.69       4.69       1.000     
   4    11   1     1     0     1  8.69       5.69       1.000     
   4    12   1     1     0     1  9.69       6.69       1.000     
   4    13   1     1     0     1  10.7       7.69       1.000     
   4    14   1     1     0     1  11.7       8.69       1.000     
   4    15   1     1     0     1  12.7       9.69       1.000     
   4    16   1     1     0     1  13.7       10.7       1.000     
   4    17   1     1     0     1  14.7       11.7       1.000     
   4    18   1     1     0     1  15.7       12.7       1.000     
   4    19   1     1     0     1  16.7       13.7       1.000     
   4    20   1     1     0     1  17.7       14.7       1.000     
   4    21   1     1     0     1  18.7       15.7       1.000     
   4    22   1     1     0     1  19.7       16.7       1.000     
   4    23   1     1     0     1  20.7       17.7       1.000     
   4    24   1     1     0     1  21.7       18.7       1.000     
   4    25   1     1     0     1  22.7       19.7       1.000     
   4    26   1     1     0     1  23.7       20.7       1.000     
   4    27   1     1     0     1  24.7       21.7       1.000     
   4    28   1     0     1     1  25.7       22.7       1.000     
   4    29   1     1     0     1  26.7       23.7       1.000     
   4    30   1     1     0     1  27.7       24.7       1.000     
   4    31   1     1     0     1  28.7       25.7       1.000     
   4    32   1     1     0     1  29.7       26.7       1.000     
   4    33   1     1     0     1  30.7       27.7       1.000     
   4    34   1     1     0     1  31.7       28.7       1.000     
   4    35   1     1     0     1  32.7       29.7       1.000     
   4    36   1     1     0     1  33.0       30.0       0.3125    
                          
 THE ANALYSIS HAS COMPLETED SUCCESSFULLY
