 Abaqus/Standard 2025                  DATE 28-Apr-2026 TIME 16:30:31
 SUMMARY OF JOB INFORMATION:
 STEP  INC ATT SEVERE EQUIL TOTAL  TOTAL      STEP       INC OF       DOF    IF
               DISCON ITERS ITERS  TIME/    TIME/LPF    TIME/LPF    MONITOR RIKS
               ITERS               FREQ
   1     1   1     0     1     1  0.500      0.500      0.5000    
   1     2   1     0     1     1  1.00       1.00       0.5000    
   1     3   1     0     1     1  1.50       1.50       0.5000    
   1     4   1     0     1     1  2.50       2.50       1.000     
   1     5   1     0     1     1  4.50       4.50       2.000     
   1     6   1     0     1     1  8.50       8.50       4.000     
   1     7   1     0     1     1  13.5       13.5       5.000     
   1     8   1     0     1     1  18.5       18.5       5.000     
   1     9   1     0     1     1  23.5       23.5       5.000     
   1    10   1     0     1     1  28.5       28.5       5.000     
   1    11   1     0     1     1  33.5       33.5       5.000     
   1    12   1     0     1     1  38.5       38.5       5.000     
   1    13   1     0     1     1  43.5       43.5       5.000     
   1    14   1     0     1     1  48.5       48.5       5.000     
   1    15   1     0     1     1  53.5       53.5       5.000     
   1    16   1     0     1     1  58.5       58.5       5.000     
   1    17   1     0     1     1  63.5       63.5       5.000     
   1    18   1     0     1     1  68.5       68.5       5.000     
   1    19   1     0     1     1  73.5       73.5       5.000     
   1    20   1     0     1     1  78.5       78.5       5.000     
   1    21   1     0     1     1  83.5       83.5       5.000     
   1    22   1     0     1     1  88.5       88.5       5.000     
   1    23   1     0     1     1  93.5       93.5       5.000     
   1    24   1     0     1     1  98.5       98.5       5.000     
   1    25   1     0     1     1  104.       104.       5.000     
   1    26   1     0     1     1  108.       108.       5.000     
   1    27   1     0     1     1  114.       114.       5.000     
   1    28   1     0     1     1  118.       118.       5.000     
   1    29   1     0     1     1  124.       124.       5.000     
   1    30   1     0     1     1  128.       128.       5.000     
   1    31   1     0     1     1  134.       134.       5.000     
   1    32   1     0     1     1  138.       138.       5.000     
   1    33   1     0     1     1  144.       144.       5.000     
   1    34   1     0     1     1  148.       148.       5.000     
   1    35   1     0     1     1  154.       154.       5.000     
   1    36   1     0     1     1  158.       158.       5.000     
   1    37   1     0     1     1  164.       164.       5.000     
   1    38   1     0     1     1  168.       168.       5.000     
   1    39   1     0     1     1  174.       174.       5.000     
   1    40   1     0     1     1  178.       178.       5.000     
   1    41   1     0     1     1  180.       180.       1.500     
                          
 THE ANALYSIS HAS COMPLETED SUCCESSFULLY
