1
0
1
ASSEMBLY
1
SMAStrip (Nitinol)
SMAStrip (Nitinol)
1
SMAStrip (Nitinol)
14
-2147483646
0
48 1 16 5 0 1 0 -1 -1 1155 1 -1879048189 1 1155 
14
48 1 16 5 0 1 0 -1 -1 1155 1 -1879048189 1 1155 
0
1
SMAStrip (Nitinol)
14
-2147483646
0
48 1 16 5 0 1 0 -1 -1 1040 1 -1879048189 1 1040 
14
48 1 16 5 0 1 0 -1 -1 1040 1 -1879048189 1 1040 
0
3
FIXED-SET
0
1
0
1
SMAStrip (Nitinol)
9
104 208 312 416 520 624 728 832 936 
0
SET-TEMP
0
1
0
1
SMAStrip (Nitinol)
14
-2147483647
48 1 16 5 0 1 0 -1 -1 1040 1 -1879048189 1 1040 
0
_ALL-SURFACES_SPOS
0
2
0
1
SMAStrip (Nitinol)
14
-2147483647
48 1 16 5 0 1 0 -1 -1 1040 1 -1879048189 1 1040 
0
1
SMAStrip (Nitinol)
1
SET-1
0
1
14
-2147483647
48 1 16 5 0 1 0 -1 -1 1040 1 -1879048189 1 1040 
0
0
0
2
FIXED-SET
0
1
0
1
SMAStrip (Nitinol)
10
105 210 315 420 525 630 735 840 945 1050 
0
SET-TEMP
0
1
0
1
SMAStrip (Nitinol)
14
-2147483647
48 1 16 5 0 1 0 -1 -1 1155 1 -1879048189 1 1155 
0
1
SMAStrip (Nitinol)
1
SET-1
0
1
14
-2147483647
48 1 16 5 0 1 0 -1 -1 1155 1 -1879048189 1 1155 
0
0
0
0
1
ALL-SURFACES
0
0
0
1
SMAStrip (Nitinol)
0
0
1
SPOS
14
-2147483647
48 1 16 5 0 1 0 -1 -1 1040 1 -1879048189 1 1040 
