 Abaqus/Standard 2025                  DATE 29-Sep-2026 TIME 15:17:14
 SUMMARY OF JOB INFORMATION:
 STEP  INC ATT SEVERE EQUIL TOTAL  TOTAL      STEP       INC OF       DOF    IF
               DISCON ITERS ITERS  TIME/    TIME/LPF    TIME/LPF    MONITOR RIKS
               ITERS               FREQ
   5     1   1     1     0     1  33.1       0.100      0.1000    
   5     2   1     1     0     1  33.2       0.200      0.1000    
   5     3   1     1     0     1  33.3       0.300      0.1000    
   5     4   1     1     0     1  33.5       0.450      0.1500    
   5     5   1     0     1     1  33.7       0.675      0.2250    
   5     6   1     1     0     1  34.1       1.12       0.4500    
   5     7   1     1     0     1  34.8       1.80       0.6750    
   5     8   1     1     0     1  35.8       2.81       1.013     
   5     9   1     1     0     1  37.3       4.33       1.519     
   5    10   1     1     0     1  39.6       6.61       2.278     
   5    11   1     1     0     1  43.0       10.0       3.417     
   5    12   1     1     0     1  48.0       15.0       5.000     
   5    13   1     1     0     1  53.0       20.0       5.000     
   5    14   1     1     0     1  58.0       25.0       5.000     
   5    15   1     1     0     1  63.0       30.0       4.973     
                          
 THE ANALYSIS HAS COMPLETED SUCCESSFULLY
