 Abaqus/Standard 2025                  DATE 29-Sep-2026 TIME 15:21:01
 SUMMARY OF JOB INFORMATION:
 STEP  INC ATT SEVERE EQUIL TOTAL  TOTAL      STEP       INC OF       DOF    IF
               DISCON ITERS ITERS  TIME/    TIME/LPF    TIME/LPF    MONITOR RIKS
               ITERS               FREQ
  12     1   1     4     0     4  243.       0.100      0.1000    
  12     2   1     1     0     1  243.       0.200      0.1000    
  12     3   1     2     0     2  243.       0.300      0.1000    
  12     4   1     1     0     1  243.       0.450      0.1500    
  12     5   1     1     0     1  244.       0.675      0.2250    
  12     6   1     2     0     2  244.       1.01       0.3375    
  12     7   1     2     0     2  245.       1.52       0.5063    
  12     8   1     2     0     2  245.       2.28       0.7594    
  12     9   1     1     0     1  246.       3.42       1.139     
  12    10   1     2     0     2  248.       5.13       1.709     
  12    11   1     2     0     2  251.       7.69       2.563     
  12    12   1     2     0     2  255.       11.5       3.844     
  12    13   1     2     0     2  260.       16.5       5.000     
  12    14   1     4     1     5  265.       21.5       5.000     
  12    15   1     3     1     4  270.       26.5       5.000     
  12    16   1     4     0     4  273.       30.0       3.467     
                          
 THE ANALYSIS HAS COMPLETED SUCCESSFULLY
