 Abaqus/Standard 2025                  DATE 29-Sep-2026 TIME 15:23:38
 SUMMARY OF JOB INFORMATION:
 STEP  INC ATT SEVERE EQUIL TOTAL  TOTAL      STEP       INC OF       DOF    IF
               DISCON ITERS ITERS  TIME/    TIME/LPF    TIME/LPF    MONITOR RIKS
               ITERS               FREQ
  17     1   1     3     1     4  393.       0.100      0.1000    
  17     2   1     1     0     1  393.       0.200      0.1000    
  17     3   1     1     0     1  393.       0.300      0.1000    
  17     4   1     1     0     1  393.       0.450      0.1500    
  17     5   1     1     0     1  394.       0.675      0.2250    
  17     6   1     1     0     1  394.       1.01       0.3375    
  17     7   1     1     0     1  395.       1.52       0.5063    
  17     8   1     1     0     1  395.       2.28       0.7594    
  17     9   1     1     0     1  396.       3.42       1.139     
  17    10   1     1     0     1  398.       5.13       1.709     
  17    11   1     2     0     2  401.       7.69       2.563     
  17    12   1     2     0     2  405.       11.5       3.844     
  17    13   1     2     0     2  410.       16.5       5.000     
  17    14   1     2     0     2  415.       21.5       5.000     
  17    15   1     2     0     2  420.       26.5       5.000     
  17    16   1     2     0     2  423.       30.0       3.467     
                          
 THE ANALYSIS HAS COMPLETED SUCCESSFULLY
