 Abaqus/Standard 2025                  DATE 24-Jul-2026 TIME 15:55:39
 SUMMARY OF JOB INFORMATION:
 STEP  INC ATT SEVERE EQUIL TOTAL  TOTAL      STEP       INC OF       DOF    IF
               DISCON ITERS ITERS  TIME/    TIME/LPF    TIME/LPF    MONITOR RIKS
               ITERS               FREQ
   1     1   1     1     0     1  1.00       1.00       1.000     
   2     1   1     6     1     7  1.10       0.100      0.1000    
   2     2   1     7     0     7  1.20       0.200      0.1000    
   2     3   1U    1     1     2  1.20       0.200      0.1500    
   2     3   2     7     0     7  1.24       0.238      0.03750   
   2     4   1     8     1     9  1.29       0.294      0.05625   
   2     5   1     9     0     9  1.38       0.378      0.08438   
   2     6   1U    2     1     3  1.38       0.378      0.1266    
   2     6   2     6     2     8  1.41       0.410      0.03164   
   2     7   1     7     1     8  1.46       0.457      0.04746   
   2     8   1    14     0    14  1.53       0.528      0.07119   
   2     9   1     9     0     9  1.64       0.635      0.1068    
   2    10   1U    0     1     1  1.64       0.635      0.1602    
   2    10   2     8     0     8  1.68       0.675      0.04005   
   2    11   1     8     0     8  1.74       0.735      0.06007   
   2    12   1    12     0    12  1.83       0.825      0.09010   
   2    13   1    14     1    15  1.89       0.893      0.06758   
   2    14   1U    7     0     7  1.89       0.893      0.05068   
   2    14   2     8     0     8  1.91       0.906      0.01267   
   2    15   1     7     0     7  1.92       0.918      0.01267   
   2    16   1     7     0     7  1.94       0.937      0.01901   
   2    17   1     7     0     7  1.97       0.966      0.02851   
   2    18   1     4     0     4  2.00       1.00       0.03415   
   3     1   1U    3     1     4  2.00       0.00       1.000     
   3     1   2U   15     0    15  2.00       0.00       0.2500    
   3     1   3U    9     0     9  2.00       0.00       0.06250   
   3     1   4     8     0     8  2.02       0.0156     0.01562   
   3     2   1     1     0     1  2.03       0.0312     0.01562   
   3     3   1     1     0     1  2.05       0.0547     0.02344   
   3     4   1     3     0     3  2.09       0.0898     0.03516   
   3     5   1     3     0     3  2.14       0.143      0.05273   
   3     6   1     2     1     3  2.22       0.222      0.07910   
   3     7   1     3     1     4  2.34       0.340      0.1187    
   3     8   1     4     0     4  2.52       0.518      0.1780    
   3     9   1     5     1     6  2.79       0.785      0.2670    
   3    10   1     6     0     6  3.00       1.00       0.2147    
                          
 THE ANALYSIS HAS COMPLETED SUCCESSFULLY
