 Abaqus/Standard 2025                  DATE 29-Sep-2026 TIME 15:26:47
 SUMMARY OF JOB INFORMATION:
 STEP  INC ATT SEVERE EQUIL TOTAL  TOTAL      STEP       INC OF       DOF    IF
               DISCON ITERS ITERS  TIME/    TIME/LPF    TIME/LPF    MONITOR RIKS
               ITERS               FREQ
  23     1   1     3     1     4  573.       0.100      0.1000    
  23     2   1     1     0     1  573.       0.200      0.1000    
  23     3   1     1     0     1  573.       0.300      0.1000    
  23     4   1     1     0     1  573.       0.450      0.1500    
  23     5   1     0     1     1  574.       0.675      0.2250    
  23     6   1     0     1     1  574.       1.12       0.4500    
  23     7   1     0     1     1  575.       2.03       0.9000    
  23     8   1     0     1     1  577.       3.83       1.800     
  23     9   1     2     0     2  580.       7.43       3.600     
  23    10   1     2     0     2  585.       12.4       5.000     
  23    11   1     2     0     2  590.       17.4       5.000     
  23    12   1     2     0     2  595.       22.4       5.000     
  23    13   1     2     0     2  600.       27.4       5.000     
  23    14   1     2     0     2  603.       30.0       2.575     
                          
 THE ANALYSIS HAS COMPLETED SUCCESSFULLY
