Analysis initiated from SIMULIA established products
Abaqus JOB SMAHeatTransient_14
Abaqus 2025
Abaqus License Manager checked out the following licenses:
Abaqus/Standard checked out 5 tokens from Flexnet server hprc-license.tamu.edu.
<307 out of 320 licenses remain available>.
Begin Analysis Input File Processor
5/5/2026 3:37:42 AM
Run pre.exe
5/5/2026 3:37:45 AM
End Analysis Input File Processor
Begin Abaqus/Standard Analysis
5/5/2026 3:37:45 AM
Run standard.exe
5/5/2026 3:37:54 AM
End Abaqus/Standard Analysis
Begin SIM Wrap-up
5/5/2026 3:37:55 AM
Run SMASimUtility.exe
5/5/2026 3:37:55 AM
End SIM Wrap-up
Abaqus JOB SMAHeatTransient_14 COMPLETED
