 Abaqus/Standard 2025                  DATE 29-Sep-2026 TIME 15:24:41
 SUMMARY OF JOB INFORMATION:
 STEP  INC ATT SEVERE EQUIL TOTAL  TOTAL      STEP       INC OF       DOF    IF
               DISCON ITERS ITERS  TIME/    TIME/LPF    TIME/LPF    MONITOR RIKS
               ITERS               FREQ
  19     1   1     3     1     4  453.       0.100      0.1000    
  19     2   1     2     0     2  453.       0.200      0.1000    
  19     3   1     1     0     1  453.       0.300      0.1000    
  19     4   1     1     0     1  453.       0.450      0.1500    
  19     5   1     1     0     1  454.       0.675      0.2250    
  19     6   1     1     0     1  454.       1.01       0.3375    
  19     7   1     2     0     2  455.       1.52       0.5063    
  19     8   1     2     0     2  455.       2.28       0.7594    
  19     9   1     2     0     2  456.       3.42       1.139     
  19    10   1     2     0     2  458.       5.13       1.709     
  19    11   1     2     0     2  461.       7.69       2.563     
  19    12   1     2     0     2  465.       11.5       3.844     
  19    13   1     2     0     2  470.       16.5       5.000     
  19    14   1     3     0     3  475.       21.5       5.000     
  19    15   1     2     0     2  480.       26.5       5.000     
  19    16   1     2     0     2  483.       30.0       3.467     
                          
 THE ANALYSIS HAS COMPLETED SUCCESSFULLY
