1
0
1
ASSEMBLY
1
SMAStrip (Nitinol)
SMAStrip (Nitinol)
1
SMAStrip (Nitinol)
14
-2147483646
0
48 1 16 5 0 1 0 -1 -1 1405 1 -1879048189 1 1405 
14
48 1 16 5 0 1 0 -1 -1 1405 1 -1879048189 1 1405 
0
1
SMAStrip (Nitinol)
14
-2147483646
0
48 1 16 5 0 1 0 -1 -1 1310 1 -1879048189 1 1310 
14
48 1 16 5 0 1 0 -1 -1 1310 1 -1879048189 1 1310 
0
3
FIXED-SET
0
1
0
1
SMAStrip (Nitinol)
10
1 3 122 123 124 291 292 1076 1155 1247 
0
SET-TEMP
0
1
0
1
SMAStrip (Nitinol)
14
-2147483647
48 1 16 5 0 1 0 -1 -1 1310 1 -1879048189 1 1310 
0
_ALL-SURFACES_SPOS
0
2
0
1
SMAStrip (Nitinol)
14
-2147483647
48 1 16 5 0 1 0 -1 -1 1310 1 -1879048189 1 1310 
0
1
SMAStrip (Nitinol)
1
SET-1
0
1
14
-2147483647
48 1 16 5 0 1 0 -1 -1 1310 1 -1879048189 1 1310 
0
0
0
2
FIXED-SET
0
1
0
1
SMAStrip (Nitinol)
11
68 69 70 71 72 73 74 75 76 77 78 
0
SET-TEMP
0
1
0
1
SMAStrip (Nitinol)
14
-2147483647
48 1 16 5 0 1 0 -1 -1 1405 1 -1879048189 1 1405 
0
1
SMAStrip (Nitinol)
1
SET-1
0
1
14
-2147483647
48 1 16 5 0 1 0 -1 -1 1405 1 -1879048189 1 1405 
0
0
0
0
1
ALL-SURFACES
0
0
0
1
SMAStrip (Nitinol)
0
0
1
SPOS
14
-2147483647
48 1 16 5 0 1 0 -1 -1 1310 1 -1879048189 1 1310 
