Analysis initiated from SIMULIA established products
Abaqus JOB SMAHeatTransient_12
Abaqus 2025
Abaqus License Manager checked out the following licenses:
Abaqus/Standard checked out 5 tokens from Flexnet server hprc-license.tamu.edu.
<79 out of 443 licenses remain available>.
Begin Analysis Input File Processor
9/29/2026 3:22:28 PM
Run pre.exe
9/29/2026 3:22:32 PM
End Analysis Input File Processor
Begin Abaqus/Standard Analysis
9/29/2026 3:22:32 PM
Run standard.exe
9/29/2026 3:22:39 PM
End Abaqus/Standard Analysis
Begin SIM Wrap-up
9/29/2026 3:22:40 PM
Run SMASimUtility.exe
9/29/2026 3:22:40 PM
End SIM Wrap-up
Abaqus JOB SMAHeatTransient_12 COMPLETED
