1
0
1
ASSEMBLY
1
SMAStrip (Nitinol)
SMAStrip (Nitinol)
1
SMAStrip (Nitinol)
14
-2147483646
0
48 1 16 5 0 1 0 -1 -1 1111 1 -1879048189 1 1111 
14
48 1 16 5 0 1 0 -1 -1 1111 1 -1879048189 1 1111 
0
1
SMAStrip (Nitinol)
14
-2147483646
0
48 1 16 5 0 1 0 -1 -1 1000 1 -1879048189 1 1000 
14
48 1 16 5 0 1 0 -1 -1 1000 1 -1879048189 1 1000 
0
5
FIXED-SET
0
1
0
1
SMAStrip (Nitinol)
10
1 101 201 301 401 501 601 701 801 901 
0
FIXED-SET-COMP
0
1
0
1
SMAStrip (Nitinol)
10
1 101 201 301 401 501 601 701 801 901 
0
SET-TEMP
0
1
0
1
SMAStrip (Nitinol)
14
-2147483647
48 1 16 5 0 1 0 -1 -1 1000 1 -1879048189 1 1000 
0
_ALL-SURFACES-COMP_SPOS
0
2
0
1
SMAStrip (Nitinol)
14
-2147483647
48 1 16 5 0 1 0 -1 -1 1000 1 -1879048189 1 1000 
0
_ALL-SURFACES_SPOS
0
2
0
1
SMAStrip (Nitinol)
14
-2147483647
48 1 16 5 0 1 0 -1 -1 1000 1 -1879048189 1 1000 
0
1
SMAStrip (Nitinol)
1
SET-1
0
1
14
-2147483647
48 1 16 5 0 1 0 -1 -1 1000 1 -1879048189 1 1000 
0
0
0
3
FIXED-SET
0
1
0
1
SMAStrip (Nitinol)
11
1 102 203 304 405 506 607 708 809 910 1011 
0
FIXED-SET-COMP
0
1
0
1
SMAStrip (Nitinol)
11
1 102 203 304 405 506 607 708 809 910 1011 
0
SET-TEMP
0
1
0
1
SMAStrip (Nitinol)
14
-2147483647
48 1 16 5 0 1 0 -1 -1 1111 1 -1879048189 1 1111 
0
1
SMAStrip (Nitinol)
1
SET-1
0
1
14
-2147483647
48 1 16 5 0 1 0 -1 -1 1111 1 -1879048189 1 1111 
0
0
0
0
2
ALL-SURFACES
0
0
0
1
SMAStrip (Nitinol)
0
0
1
SPOS
14
-2147483647
48 1 16 5 0 1 0 -1 -1 1000 1 -1879048189 1 1000 
ALL-SURFACES-COMP
0
0
0
1
SMAStrip (Nitinol)
0
0
1
SPOS
14
-2147483647
48 1 16 5 0 1 0 -1 -1 1000 1 -1879048189 1 1000 
