1
0
1
ASSEMBLY
1
SMAStrip (Nitinol)
SMAStrip (Nitinol)
1
SMAStrip (Nitinol)
14
-2147483646
0
48 1 16 5 0 1 0 -1 -1 1144 1 -1879048189 1 1144 
14
48 1 16 5 0 1 0 -1 -1 1144 1 -1879048189 1 1144 
0
1
SMAStrip (Nitinol)
14
-2147483646
0
48 1 16 5 0 1 0 -1 -1 1030 1 -1879048189 1 1030 
14
48 1 16 5 0 1 0 -1 -1 1030 1 -1879048189 1 1030 
0
3
FIXED-SET
0
1
0
1
SMAStrip (Nitinol)
8
1022 1023 1024 1025 1026 1027 1028 1029 
0
SET-TEMP
0
1
0
1
SMAStrip (Nitinol)
14
-2147483647
48 1 16 5 0 1 0 -1 -1 1030 1 -1879048189 1 1030 
0
_ALL-SURFACES_SPOS
0
2
0
1
SMAStrip (Nitinol)
14
-2147483647
48 1 16 5 0 1 0 -1 -1 1030 1 -1879048189 1 1030 
0
1
SMAStrip (Nitinol)
1
SET-1
0
1
14
-2147483647
48 1 16 5 0 1 0 -1 -1 1030 1 -1879048189 1 1030 
0
0
0
2
FIXED-SET
0
1
0
1
SMAStrip (Nitinol)
9
1135 1136 1137 1138 1139 1140 1141 1142 1143 
0
SET-TEMP
0
1
0
1
SMAStrip (Nitinol)
14
-2147483647
48 1 16 5 0 1 0 -1 -1 1144 1 -1879048189 1 1144 
0
1
SMAStrip (Nitinol)
1
SET-1
0
1
14
-2147483647
48 1 16 5 0 1 0 -1 -1 1144 1 -1879048189 1 1144 
0
0
0
0
1
ALL-SURFACES
0
0
0
1
SMAStrip (Nitinol)
0
0
1
SPOS
14
-2147483647
48 1 16 5 0 1 0 -1 -1 1030 1 -1879048189 1 1030 
