 Abaqus/Standard 2025                  DATE 29-Sep-2026 TIME 15:25:44
 SUMMARY OF JOB INFORMATION:
 STEP  INC ATT SEVERE EQUIL TOTAL  TOTAL      STEP       INC OF       DOF    IF
               DISCON ITERS ITERS  TIME/    TIME/LPF    TIME/LPF    MONITOR RIKS
               ITERS               FREQ
  21     1   1     4     0     4  513.       0.100      0.1000    
  21     2   1     1     0     1  513.       0.200      0.1000    
  21     3   1     1     0     1  513.       0.300      0.1000    
  21     4   1     1     0     1  513.       0.450      0.1500    
  21     5   1     1     0     1  514.       0.675      0.2250    
  21     6   1     1     0     1  514.       1.01       0.3375    
  21     7   1     1     0     1  515.       1.52       0.5063    
  21     8   1     0     1     1  515.       2.28       0.7594    
  21     9   1     1     0     1  517.       3.80       1.519     
  21    10   1     2     0     2  519.       6.08       2.278     
  21    11   1     2     0     2  522.       9.49       3.417     
  21    12   1     2     0     2  527.       14.5       5.000     
  21    13   1     2     0     2  532.       19.5       5.000     
  21    14   1     2     0     2  537.       24.5       5.000     
  21    15   1     2     0     2  542.       29.5       5.000     
  21    16   1     2     0     2  543.       30.0       0.5078    
                          
 THE ANALYSIS HAS COMPLETED SUCCESSFULLY
