1
0
1
ASSEMBLY
1
SMAStrip (Nitinol)
SMAStrip (Nitinol)
1
SMAStrip (Nitinol)
14
-2147483646
0
48 1 16 5 0 1 0 -1 -1 1133 1 -1879048189 1 1133 
14
48 1 16 5 0 1 0 -1 -1 1133 1 -1879048189 1 1133 
0
1
SMAStrip (Nitinol)
14
-2147483646
0
48 1 16 5 0 1 0 -1 -1 1020 1 -1879048189 1 1020 
14
48 1 16 5 0 1 0 -1 -1 1020 1 -1879048189 1 1020 
0
3
FIXED-SET
0
1
0
1
SMAStrip (Nitinol)
8
1012 1013 1014 1015 1016 1017 1018 1019 
0
SET-TEMP
0
1
0
1
SMAStrip (Nitinol)
14
-2147483647
48 1 16 5 0 1 0 -1 -1 1020 1 -1879048189 1 1020 
0
_ALL-SURFACES_SPOS
0
2
0
1
SMAStrip (Nitinol)
14
-2147483647
48 1 16 5 0 1 0 -1 -1 1020 1 -1879048189 1 1020 
0
1
SMAStrip (Nitinol)
1
SET-1
0
1
14
-2147483647
48 1 16 5 0 1 0 -1 -1 1020 1 -1879048189 1 1020 
0
0
0
2
FIXED-SET
0
1
0
1
SMAStrip (Nitinol)
9
1124 1125 1126 1127 1128 1129 1130 1131 1132 
0
SET-TEMP
0
1
0
1
SMAStrip (Nitinol)
14
-2147483647
48 1 16 5 0 1 0 -1 -1 1133 1 -1879048189 1 1133 
0
1
SMAStrip (Nitinol)
1
SET-1
0
1
14
-2147483647
48 1 16 5 0 1 0 -1 -1 1133 1 -1879048189 1 1133 
0
0
0
0
1
ALL-SURFACES
0
0
0
1
SMAStrip (Nitinol)
0
0
1
SPOS
14
-2147483647
48 1 16 5 0 1 0 -1 -1 1020 1 -1879048189 1 1020 
