 Abaqus/Standard 2025                  DATE 29-Sep-2026 TIME 15:24:10
 SUMMARY OF JOB INFORMATION:
 STEP  INC ATT SEVERE EQUIL TOTAL  TOTAL      STEP       INC OF       DOF    IF
               DISCON ITERS ITERS  TIME/    TIME/LPF    TIME/LPF    MONITOR RIKS
               ITERS               FREQ
  18     1   1     4     0     4  423.       0.100      0.1000    
  18     2   1     1     0     1  423.       0.200      0.1000    
  18     3   1     2     0     2  423.       0.300      0.1000    
  18     4   1     1     0     1  423.       0.450      0.1500    
  18     5   1     0     1     1  424.       0.675      0.2250    
  18     6   1     0     1     1  424.       1.12       0.4500    
  18     7   1     0     1     1  425.       2.03       0.9000    
  18     8   1     2     0     2  427.       3.83       1.800     
  18     9   1     2     0     2  430.       6.53       2.700     
  18    10   1     2     0     2  434.       10.6       4.050     
  18    11   1     2     1     3  439.       15.6       5.000     
  18    12   1     3     0     3  444.       20.6       5.000     
  18    13   1     2     0     2  449.       25.6       5.000     
  18    14   1     2     0     2  453.       30.0       4.425     
                          
 THE ANALYSIS HAS COMPLETED SUCCESSFULLY
