1
0
1
ASSEMBLY
1
SMAStrip (Nitinol)
SMAStrip (Nitinol)
1
SMAStrip (Nitinol)
14
-2147483646
0
48 1 16 5 0 1 0 -1 -1 1163 1 -1879048189 1 1163 
14
48 1 16 5 0 1 0 -1 -1 1163 1 -1879048189 1 1163 
0
1
SMAStrip (Nitinol)
14
-2147483646
0
48 1 16 5 0 1 0 -1 -1 1061 1 -1879048189 1 1061 
14
48 1 16 5 0 1 0 -1 -1 1061 1 -1879048189 1 1061 
0
3
FIXED-SET
0
1
0
1
SMAStrip (Nitinol)
10
20 21 22 23 24 1036 1037 1038 1039 1040 
0
SET-TEMP
0
1
0
1
SMAStrip (Nitinol)
14
-2147483647
48 1 16 5 0 1 0 -1 -1 1061 1 -1879048189 1 1061 
0
_ALL-SURFACES_SPOS
0
2
0
1
SMAStrip (Nitinol)
14
-2147483647
48 1 16 5 0 1 0 -1 -1 1061 1 -1879048189 1 1061 
0
1
SMAStrip (Nitinol)
1
SET-1
0
1
14
-2147483647
48 1 16 5 0 1 0 -1 -1 1061 1 -1879048189 1 1061 
0
0
0
2
FIXED-SET
0
1
0
1
SMAStrip (Nitinol)
13
1 2 3 4 5 6 7 8 9 189 190 191 977 
0
SET-TEMP
0
1
0
1
SMAStrip (Nitinol)
14
-2147483647
48 1 16 5 0 1 0 -1 -1 1163 1 -1879048189 1 1163 
0
1
SMAStrip (Nitinol)
1
SET-1
0
1
14
-2147483647
48 1 16 5 0 1 0 -1 -1 1163 1 -1879048189 1 1163 
0
0
0
0
1
ALL-SURFACES
0
0
0
1
SMAStrip (Nitinol)
0
0
1
SPOS
14
-2147483647
48 1 16 5 0 1 0 -1 -1 1061 1 -1879048189 1 1061 
