Analysis initiated from SIMULIA established products
Abaqus JOB SMAHeatTransient_07
Abaqus 2025
Abaqus License Manager checked out the following licenses:
Abaqus/Standard checked out 5 tokens from Flexnet server hprc-license.tamu.edu.
<66 out of 443 licenses remain available>.
Begin Analysis Input File Processor
9/29/2026 3:19:52 PM
Run pre.exe
9/29/2026 3:19:56 PM
End Analysis Input File Processor
Begin Abaqus/Standard Analysis
9/29/2026 3:19:56 PM
Run standard.exe
9/29/2026 3:20:03 PM
End Abaqus/Standard Analysis
Begin SIM Wrap-up
9/29/2026 3:20:04 PM
Run SMASimUtility.exe
9/29/2026 3:20:04 PM
End SIM Wrap-up
Abaqus JOB SMAHeatTransient_07 COMPLETED
