 Abaqus/Standard 2025                  DATE 29-Sep-2026 TIME 15:26:16
 SUMMARY OF JOB INFORMATION:
 STEP  INC ATT SEVERE EQUIL TOTAL  TOTAL      STEP       INC OF       DOF    IF
               DISCON ITERS ITERS  TIME/    TIME/LPF    TIME/LPF    MONITOR RIKS
               ITERS               FREQ
  22     1   1     3     1     4  543.       0.100      0.1000    
  22     2   1     1     0     1  543.       0.200      0.1000    
  22     3   1     1     0     1  543.       0.300      0.1000    
  22     4   1     1     0     1  543.       0.450      0.1500    
  22     5   1     1     0     1  544.       0.675      0.2250    
  22     6   1     1     0     1  544.       1.01       0.3375    
  22     7   1     1     0     1  545.       1.52       0.5063    
  22     8   1     1     0     1  545.       2.28       0.7594    
  22     9   1     2     0     2  546.       3.42       1.139     
  22    10   1     2     0     2  548.       5.13       1.709     
  22    11   1     1     0     1  551.       7.69       2.563     
  22    12   1     2     0     2  555.       11.5       3.844     
  22    13   1     2     0     2  560.       16.5       5.000     
  22    14   1     2     0     2  565.       21.5       5.000     
  22    15   1     2     0     2  570.       26.5       5.000     
  22    16   1     2     0     2  573.       30.0       3.467     
                          
 THE ANALYSIS HAS COMPLETED SUCCESSFULLY
