Analysis initiated from SIMULIA established products
Abaqus JOB SMAHeatComparison
Abaqus 2025
Abaqus License Manager checked out the following licenses:
Abaqus/Standard checked out 5 tokens from Flexnet server hprc-license.tamu.edu.
<315 out of 320 licenses remain available>.
Begin Analysis Input File Processor
1/8/2026 10:17:20 PM
Run pre.exe
1/8/2026 10:17:23 PM
End Analysis Input File Processor
Begin Abaqus/Standard Analysis
1/8/2026 10:17:23 PM
Run standard.exe
1/8/2026 10:17:38 PM
End Abaqus/Standard Analysis
Begin SIM Wrap-up
1/8/2026 10:17:38 PM
Run SMASimUtility.exe
1/8/2026 10:17:39 PM
End SIM Wrap-up
Abaqus JOB SMAHeatComparison COMPLETED
