1
0
1
ASSEMBLY
1
SMAStrip (Nitinol)
SMAStrip (Nitinol)
1
SMAStrip (Nitinol)
14
-2147483646
0
48 1 16 5 0 1 0 -1 -1 1111 1 -1879048189 1 1111 
14
48 1 16 5 0 1 0 -1 -1 1111 1 -1879048189 1 1111 
0
1
SMAStrip (Nitinol)
14
-2147483646
0
48 1 16 5 0 1 0 -1 -1 1000 1 -1879048189 1 1000 
14
48 1 16 5 0 1 0 -1 -1 1000 1 -1879048189 1 1000 
0
3
FIXED-SET
0
1
0
1
SMAStrip (Nitinol)
10
991 992 993 994 995 996 997 998 999 1000 
0
SET-TEMP
0
1
0
1
SMAStrip (Nitinol)
14
-2147483647
48 1 16 5 0 1 0 -1 -1 1000 1 -1879048189 1 1000 
0
_ALL-SURFACES_SPOS
0
2
0
1
SMAStrip (Nitinol)
14
-2147483647
48 1 16 5 0 1 0 -1 -1 1000 1 -1879048189 1 1000 
0
1
SMAStrip (Nitinol)
1
SET-1
0
1
14
-2147483647
48 1 16 5 0 1 0 -1 -1 1000 1 -1879048189 1 1000 
0
0
0
2
FIXED-SET
0
1
0
1
SMAStrip (Nitinol)
11
1101 1102 1103 1104 1105 1106 1107 1108 1109 1110 1111 
0
SET-TEMP
0
1
0
1
SMAStrip (Nitinol)
14
-2147483647
48 1 16 5 0 1 0 -1 -1 1111 1 -1879048189 1 1111 
0
1
SMAStrip (Nitinol)
1
SET-1
0
1
14
-2147483647
48 1 16 5 0 1 0 -1 -1 1111 1 -1879048189 1 1111 
0
0
0
0
1
ALL-SURFACES
0
0
0
1
SMAStrip (Nitinol)
0
0
1
SPOS
14
-2147483647
48 1 16 5 0 1 0 -1 -1 1000 1 -1879048189 1 1000 
