1
0
1
ASSEMBLY
1
SMAStrip (Nitinol)
SMAStrip (Nitinol)
1
SMAStrip (Nitinol)
14
-2147483646
0
48 1 16 5 0 1 0 -1 -1 1122 1 -1879048189 1 1122 
14
48 1 16 5 0 1 0 -1 -1 1122 1 -1879048189 1 1122 
0
1
SMAStrip (Nitinol)
14
-2147483646
0
48 1 16 5 0 1 0 -1 -1 1010 1 -1879048189 1 1010 
14
48 1 16 5 0 1 0 -1 -1 1010 1 -1879048189 1 1010 
0
3
FIXED-SET
0
1
0
1
SMAStrip (Nitinol)
9
101 202 303 404 505 606 707 808 909 
0
SET-TEMP
0
1
0
1
SMAStrip (Nitinol)
14
-2147483647
48 1 16 5 0 1 0 -1 -1 1010 1 -1879048189 1 1010 
0
_ALL-SURFACES_SPOS
0
2
0
1
SMAStrip (Nitinol)
14
-2147483647
48 1 16 5 0 1 0 -1 -1 1010 1 -1879048189 1 1010 
0
1
SMAStrip (Nitinol)
1
SET-1
0
1
14
-2147483647
48 1 16 5 0 1 0 -1 -1 1010 1 -1879048189 1 1010 
0
0
0
2
FIXED-SET
0
1
0
1
SMAStrip (Nitinol)
10
102 204 306 408 510 612 714 816 918 1020 
0
SET-TEMP
0
1
0
1
SMAStrip (Nitinol)
14
-2147483647
48 1 16 5 0 1 0 -1 -1 1122 1 -1879048189 1 1122 
0
1
SMAStrip (Nitinol)
1
SET-1
0
1
14
-2147483647
48 1 16 5 0 1 0 -1 -1 1122 1 -1879048189 1 1122 
0
0
0
0
1
ALL-SURFACES
0
0
0
1
SMAStrip (Nitinol)
0
0
1
SPOS
14
-2147483647
48 1 16 5 0 1 0 -1 -1 1010 1 -1879048189 1 1010 
