1
0
1
ASSEMBLY
29
CF_BEAM-1
CF_BEAM
CF_BEAM-10
CF_BEAM
CF_BEAM-11
CF_BEAM
CF_BEAM-12
CF_BEAM
CF_BEAM-13
CF_BEAM
CF_BEAM-14
CF_BEAM
CF_BEAM-15
CF_BEAM
CF_BEAM-16
CF_BEAM
CF_BEAM-2
CF_BEAM
CF_BEAM-3
CF_BEAM
CF_BEAM-4
CF_BEAM
CF_BEAM-5
CF_BEAM
CF_BEAM-6
CF_BEAM
CF_BEAM-7
CF_BEAM
CF_BEAM-8
CF_BEAM
CF_BEAM-9
CF_BEAM
SHADE-1
SHADE
SHADE-2
SHADE
SHADE-3
SHADE
SHADE-4
SHADE
SMAWIRE_(NITINOL)
SMAWIRE_(NITINOL)
SMA_BEAM-1
SMA_BEAM
SMA_BEAM-2
SMA_BEAM
SMA_BEAM-3
SMA_BEAM
SMA_BEAM-4
SMA_BEAM
SMA_BEAM-5
SMA_BEAM
SMA_BEAM-6
SMA_BEAM
SMA_BEAM-7
SMA_BEAM
SMA_BEAM-8
SMA_BEAM
29
CF_BEAM-1
3
8 1
9 2
10 3
-2147483647
CF_BEAM-10
3
11 1
12 2
13 3
-2147483647
CF_BEAM-11
3
14 1
15 2
16 3
-2147483647
CF_BEAM-12
3
17 1
18 2
19 3
-2147483647
CF_BEAM-13
3
20 1
21 2
22 3
-2147483647
CF_BEAM-14
3
23 1
24 2
25 3
-2147483647
CF_BEAM-15
3
26 1
27 2
28 3
-2147483647
CF_BEAM-16
3
29 1
30 2
31 3
-2147483647
CF_BEAM-2
3
32 1
33 2
34 3
-2147483647
CF_BEAM-3
3
35 1
36 2
37 3
-2147483647
CF_BEAM-4
3
38 1
39 2
40 3
-2147483647
CF_BEAM-5
3
41 1
42 2
43 3
-2147483647
CF_BEAM-6
3
44 1
45 2
46 3
-2147483647
CF_BEAM-7
3
47 1
48 2
49 3
-2147483647
CF_BEAM-8
3
50 1
51 2
52 3
-2147483647
CF_BEAM-9
3
53 1
54 2
55 3
-2147483647
SHADE-1
9
56 1
57 2
58 3
59 4
60 5
61 6
62 7
63 8
64 9
-2147483647
SHADE-2
9
65 1
66 2
67 3
68 4
69 5
70 6
71 7
72 8
73 9
-2147483647
SHADE-3
9
74 1
75 2
76 3
77 4
78 5
79 6
80 7
81 8
82 9
-2147483647
SHADE-4
9
83 1
84 2
85 3
86 4
87 5
88 6
89 7
90 8
91 9
-2147483647
SMAWIRE_(NITINOL)
28
92 1
93 2
94 3
95 4
96 5
97 6
98 7
99 8
100 9
101 10
102 11
103 12
104 13
105 14
106 15
107 16
108 17
109 18
110 19
111 20
112 21
113 22
114 23
115 24
116 25
117 26
118 27
119 28
-2147483647
SMA_BEAM-1
31
120 1
121 2
122 3
123 4
124 5
125 6
126 7
127 8
128 9
129 10
130 11
131 12
132 13
133 14
134 15
135 16
136 17
137 18
138 19
139 20
140 21
141 22
142 23
143 24
144 25
145 26
146 27
147 28
148 29
149 30
150 31
-2147483647
SMA_BEAM-2
31
151 1
152 2
153 3
154 4
155 5
156 6
157 7
158 8
159 9
160 10
161 11
162 12
163 13
164 14
165 15
166 16
167 17
168 18
169 19
170 20
171 21
172 22
173 23
174 24
175 25
176 26
177 27
178 28
179 29
180 30
181 31
-2147483647
SMA_BEAM-3
31
182 1
183 2
184 3
185 4
186 5
187 6
188 7
189 8
190 9
191 10
192 11
193 12
194 13
195 14
196 15
197 16
198 17
199 18
200 19
201 20
202 21
203 22
204 23
205 24
206 25
207 26
208 27
209 28
210 29
211 30
212 31
-2147483647
SMA_BEAM-4
31
213 1
214 2
215 3
216 4
217 5
218 6
219 7
220 8
221 9
222 10
223 11
224 12
225 13
226 14
227 15
228 16
229 17
230 18
231 19
232 20
233 21
234 22
235 23
236 24
237 25
238 26
239 27
240 28
241 29
242 30
243 31
-2147483647
SMA_BEAM-5
31
244 1
245 2
246 3
247 4
248 5
249 6
250 7
251 8
252 9
253 10
254 11
255 12
256 13
257 14
258 15
259 16
260 17
261 18
262 19
263 20
264 21
265 22
266 23
267 24
268 25
269 26
270 27
271 28
272 29
273 30
274 31
-2147483647
SMA_BEAM-6
31
275 1
276 2
277 3
278 4
279 5
280 6
281 7
282 8
283 9
284 10
285 11
286 12
287 13
288 14
289 15
290 16
291 17
292 18
293 19
294 20
295 21
296 22
297 23
298 24
299 25
300 26
301 27
302 28
303 29
304 30
305 31
-2147483647
SMA_BEAM-7
31
306 1
307 2
308 3
309 4
310 5
311 6
312 7
313 8
314 9
315 10
316 11
317 12
318 13
319 14
320 15
321 16
322 17
323 18
324 19
325 20
326 21
327 22
328 23
329 24
330 25
331 26
332 27
333 28
334 29
335 30
336 31
-2147483647
SMA_BEAM-8
31
337 1
338 2
339 3
340 4
341 5
342 6
343 7
344 8
345 9
346 10
347 11
348 12
349 13
350 14
351 15
352 16
353 17
354 18
355 19
356 20
357 21
358 22
359 23
360 24
361 25
362 26
363 27
364 28
365 29
366 30
367 31
-2147483647
7
1 1
2 2
3 3
4 4
5 5
6 6
7 7
-2147483647
29
CF_BEAM-1
1
18 1
-2147483647
CF_BEAM-10
1
27 1
-2147483647
CF_BEAM-11
1
28 1
-2147483647
CF_BEAM-12
1
29 1
-2147483647
CF_BEAM-13
1
30 1
-2147483647
CF_BEAM-14
1
31 1
-2147483647
CF_BEAM-15
1
32 1
-2147483647
CF_BEAM-16
1
33 1
-2147483647
CF_BEAM-2
1
19 1
-2147483647
CF_BEAM-3
1
20 1
-2147483647
CF_BEAM-4
1
21 1
-2147483647
CF_BEAM-5
1
22 1
-2147483647
CF_BEAM-6
1
23 1
-2147483647
CF_BEAM-7
1
24 1
-2147483647
CF_BEAM-8
1
25 1
-2147483647
CF_BEAM-9
1
26 1
-2147483647
SHADE-1
4
34 1
35 2
36 3
37 4
-2147483647
SHADE-2
4
38 1
39 2
40 3
41 4
-2147483647
SHADE-3
4
42 1
43 2
44 3
45 4
-2147483647
SHADE-4
4
46 1
47 2
48 3
49 4
-2147483647
SMAWIRE_(NITINOL)
27
50 1
51 2
52 3
53 4
54 5
55 6
56 7
57 8
58 9
59 10
60 11
61 12
62 13
63 14
64 15
65 16
66 17
67 18
68 19
69 20
70 21
71 22
72 23
73 24
74 25
75 26
76 27
-2147483647
SMA_BEAM-1
15
77 1
78 2
79 3
80 4
81 5
82 6
83 7
84 8
85 9
86 10
87 11
88 12
89 13
90 14
91 15
-2147483647
SMA_BEAM-2
15
92 1
93 2
94 3
95 4
96 5
97 6
98 7
99 8
100 9
101 10
102 11
103 12
104 13
105 14
106 15
-2147483647
SMA_BEAM-3
15
107 1
108 2
109 3
110 4
111 5
112 6
113 7
114 8
115 9
116 10
117 11
118 12
119 13
120 14
121 15
-2147483647
SMA_BEAM-4
15
122 1
123 2
124 3
125 4
126 5
127 6
128 7
129 8
130 9
131 10
132 11
133 12
134 13
135 14
136 15
-2147483647
SMA_BEAM-5
15
137 1
138 2
139 3
140 4
141 5
142 6
143 7
144 8
145 9
146 10
147 11
148 12
149 13
150 14
151 15
-2147483647
SMA_BEAM-6
15
152 1
153 2
154 3
155 4
156 5
157 6
158 7
159 8
160 9
161 10
162 11
163 12
164 13
165 14
166 15
-2147483647
SMA_BEAM-7
15
167 1
168 2
169 3
170 4
171 5
172 6
173 7
174 8
175 9
176 10
177 11
178 12
179 13
180 14
181 15
-2147483647
SMA_BEAM-8
15
182 1
183 2
184 3
185 4
186 5
187 6
188 7
189 8
190 9
191 10
192 11
193 12
194 13
195 14
196 15
-2147483647
17
1 1
2 2
3 3
4 4
5 5
6 6
7 7
8 8
9 9
10 10
11 11
12 12
13 13
14 14
15 15
16 16
17 17
-2147483647
24

0
2
0
30

17
1 2 3 4 5 6 7 8 9 10 11 12 13 14 15 16 17 
CF_BEAM-1
1
18 
CF_BEAM-2
1
19 
CF_BEAM-4
1
21 
CF_BEAM-6
1
23 
CF_BEAM-8
1
25 
CF_BEAM-10
1
27 
CF_BEAM-12
1
29 
SHADE-2
4
38 39 40 41 
SHADE-4
4
46 47 48 49 
CF_BEAM-14
1
31 
CF_BEAM-16
1
33 
SMA_BEAM-2
15
92 93 94 95 96 97 98 99 100 101 102 103 104 105 106 
SMA_BEAM-4
15
122 123 124 125 126 127 128 129 130 131 132 133 134 135 136 
SMA_BEAM-6
15
152 153 154 155 156 157 158 159 160 161 162 163 164 165 166 
SMA_BEAM-8
15
182 183 184 185 186 187 188 189 190 191 192 193 194 195 196 
CF_BEAM-3
1
20 
CF_BEAM-5
1
22 
CF_BEAM-7
1
24 
CF_BEAM-9
1
26 
CF_BEAM-11
1
28 
CF_BEAM-13
1
30 
SHADE-1
4
34 35 36 37 
SHADE-3
4
42 43 44 45 
CF_BEAM-15
1
32 
SMAWIRE_(NITINOL)
27
50 51 52 53 54 55 56 57 58 59 60 61 62 63 64 65 66 67 68 69 70 71 72 73 74 75 76 
SMA_BEAM-1
15
77 78 79 80 81 82 83 84 85 86 87 88 89 90 91 
SMA_BEAM-3
15
107 108 109 110 111 112 113 114 115 116 117 118 119 120 121 
SMA_BEAM-5
15
137 138 139 140 141 142 143 144 145 146 147 148 149 150 151 
SMA_BEAM-7
15
167 168 169 170 171 172 173 174 175 176 177 178 179 180 181 
0
ALL-ACTUATOR-ELEMS
0
1
0
1
SMAWIRE_(NITINOL)
27
50 51 52 53 54 55 56 57 58 59 60 61 62 63 64 65 66 67 68 69 70 71 72 73 74 75 76 
0
BOTTOM_BEAM
0
1
1
17 
0
0
CFWIRE-1-SET-1
0
1
1
2 
0
0
CFWIRE-2-SET-1
0
1
1
3 
0
0
CFWIRE-3-SET-1
0
1
1
4 
0
0
CFWIRE-4-SET-1
0
1
1
9 
0
0
CFWIRE-5-SET-1
0
1
1
10 
0
0
CFWIRE-6-SET-1
0
1
1
11 
0
0
SMAWIRE_LAYER-2_BEAM-1
0
1
1
5 
0
0
SMAWIRE_LAYER-2_BEAM-2
0
1
1
6 
0
0
SMAWIRE_LAYER-2_BEAM-3
0
1
1
7 
0
0
SMAWIRE_LAYER-2_BEAM-4
0
1
1
8 
0
0
SMAWIRE_LAYER-4_BEAM-1
0
1
1
12 
0
0
SMAWIRE_LAYER-4_BEAM-2
0
1
1
13 
0
0
SMAWIRE_LAYER-4_BEAM-3
0
1
1
14 
0
0
SMAWIRE_LAYER-4_BEAM-4
0
1
1
15 
0
0
SMA_FULLASSEMBLY
0
1
0
8
SMA_BEAM-1
15
77 78 79 80 81 82 83 84 85 86 87 88 89 90 91 
SMA_BEAM-2
15
92 93 94 95 96 97 98 99 100 101 102 103 104 105 106 
SMA_BEAM-4
15
122 123 124 125 126 127 128 129 130 131 132 133 134 135 136 
SMA_BEAM-6
15
152 153 154 155 156 157 158 159 160 161 162 163 164 165 166 
SMA_BEAM-8
15
182 183 184 185 186 187 188 189 190 191 192 193 194 195 196 
SMA_BEAM-3
15
107 108 109 110 111 112 113 114 115 116 117 118 119 120 121 
SMA_BEAM-5
15
137 138 139 140 141 142 143 144 145 146 147 148 149 150 151 
SMA_BEAM-7
15
167 168 169 170 171 172 173 174 175 176 177 178 179 180 181 
0
TOP_BEAM
0
1
1
16 
0
0
TRANS_WIRE
0
1
1
1 
0
0
_SHADE_GEOM-1_SPOS
0
2
0
1
SHADE-1
4
34 35 36 37 
0
_SHADE_GEOM-2_SPOS
0
2
0
1
SHADE-2
4
38 39 40 41 
0
_SHADE_GEOM-3_SPOS
0
2
0
1
SHADE-3
4
42 43 44 45 
0
_SHADE_GEOM-4_SPOS
0
2
0
1
SHADE-4
4
46 47 48 49 
0
30
CF_BEAM-1
3
 P       1
0
2
1
18 
0
0
CF_BEAM
0
1
1
18 
0
0
_CF_FULL_
0
2
1
18 
0
0
0

1
 P       0
0
2
17
1 2 3 4 5 6 7 8 9 10 11 12 13 14 15 16 17 
0
0
0
CF_BEAM-2
3
 P       9
0
2
1
19 
0
0
CF_BEAM
0
1
1
19 
0
0
_CF_FULL_
0
2
1
19 
0
0
0
CF_BEAM-4
3
 P      11
0
2
1
21 
0
0
CF_BEAM
0
1
1
21 
0
0
_CF_FULL_
0
2
1
21 
0
0
0
CF_BEAM-6
3
 P      13
0
2
1
23 
0
0
CF_BEAM
0
1
1
23 
0
0
_CF_FULL_
0
2
1
23 
0
0
0
CF_BEAM-8
3
 P      15
0
2
1
25 
0
0
CF_BEAM
0
1
1
25 
0
0
_CF_FULL_
0
2
1
25 
0
0
0
CF_BEAM-10
3
 P       2
0
2
1
27 
0
0
CF_BEAM
0
1
1
27 
0
0
_CF_FULL_
0
2
1
27 
0
0
0
CF_BEAM-12
3
 P       4
0
2
1
29 
0
0
CF_BEAM
0
1
1
29 
0
0
_CF_FULL_
0
2
1
29 
0
0
0
CF_BEAM-14
3
 P       6
0
2
1
31 
0
0
CF_BEAM
0
1
1
31 
0
0
_CF_FULL_
0
2
1
31 
0
0
0
SHADE-2
2
 P      18
0
2
4
38 39 40 41 
0
0
WHOLE-SHADE-P
0
1
4
38 39 40 41 
0
0
0
SHADE-4
2
 P      20
0
2
4
46 47 48 49 
0
0
WHOLE-SHADE-P
0
1
4
46 47 48 49 
0
0
0
CF_BEAM-16
3
 P       8
0
2
1
33 
0
0
CF_BEAM
0
1
1
33 
0
0
_CF_FULL_
0
2
1
33 
0
0
0
SMA_BEAM-2
4
 P      23
0
2
15
92 93 94 95 96 97 98 99 100 101 102 103 104 105 106 
0
0
 P      23SMA_FULLASSEMBLY
0
2
15
92 93 94 95 96 97 98 99 100 101 102 103 104 105 106 
0
0
SMA_BEAM
0
1
15
92 93 94 95 96 97 98 99 100 101 102 103 104 105 106 
0
0
_SMA_FULL_
0
2
15
92 93 94 95 96 97 98 99 100 101 102 103 104 105 106 
0
0
0
SMA_BEAM-4
4
 P      25
0
2
15
122 123 124 125 126 127 128 129 130 131 132 133 134 135 136 
0
0
 P      25SMA_FULLASSEMBLY
0
2
15
122 123 124 125 126 127 128 129 130 131 132 133 134 135 136 
0
0
SMA_BEAM
0
1
15
122 123 124 125 126 127 128 129 130 131 132 133 134 135 136 
0
0
_SMA_FULL_
0
2
15
122 123 124 125 126 127 128 129 130 131 132 133 134 135 136 
0
0
0
SMA_BEAM-6
4
 P      27
0
2
15
152 153 154 155 156 157 158 159 160 161 162 163 164 165 166 
0
0
 P      27SMA_FULLASSEMBLY
0
2
15
152 153 154 155 156 157 158 159 160 161 162 163 164 165 166 
0
0
SMA_BEAM
0
1
15
152 153 154 155 156 157 158 159 160 161 162 163 164 165 166 
0
0
_SMA_FULL_
0
2
15
152 153 154 155 156 157 158 159 160 161 162 163 164 165 166 
0
0
0
SMA_BEAM-8
4
 P      29
0
2
15
182 183 184 185 186 187 188 189 190 191 192 193 194 195 196 
0
0
 P      29SMA_FULLASSEMBLY
0
2
15
182 183 184 185 186 187 188 189 190 191 192 193 194 195 196 
0
0
SMA_BEAM
0
1
15
182 183 184 185 186 187 188 189 190 191 192 193 194 195 196 
0
0
_SMA_FULL_
0
2
15
182 183 184 185 186 187 188 189 190 191 192 193 194 195 196 
0
0
0
CF_BEAM-3
3
 P      10
0
2
1
20 
0
0
CF_BEAM
0
1
1
20 
0
0
_CF_FULL_
0
2
1
20 
0
0
0
CF_BEAM-5
3
 P      12
0
2
1
22 
0
0
CF_BEAM
0
1
1
22 
0
0
_CF_FULL_
0
2
1
22 
0
0
0
CF_BEAM-7
3
 P      14
0
2
1
24 
0
0
CF_BEAM
0
1
1
24 
0
0
_CF_FULL_
0
2
1
24 
0
0
0
CF_BEAM-9
3
 P      16
0
2
1
26 
0
0
CF_BEAM
0
1
1
26 
0
0
_CF_FULL_
0
2
1
26 
0
0
0
CF_BEAM-11
3
 P       3
0
2
1
28 
0
0
CF_BEAM
0
1
1
28 
0
0
_CF_FULL_
0
2
1
28 
0
0
0
CF_BEAM-13
3
 P       5
0
2
1
30 
0
0
CF_BEAM
0
1
1
30 
0
0
_CF_FULL_
0
2
1
30 
0
0
0
SHADE-1
2
 P      17
0
2
4
34 35 36 37 
0
0
WHOLE-SHADE-P
0
1
4
34 35 36 37 
0
0
0
SHADE-3
2
 P      19
0
2
4
42 43 44 45 
0
0
WHOLE-SHADE-P
0
1
4
42 43 44 45 
0
0
0
CF_BEAM-15
3
 P       7
0
2
1
32 
0
0
CF_BEAM
0
1
1
32 
0
0
_CF_FULL_
0
2
1
32 
0
0
0
SMA_BEAM-1
4
 P      22
0
2
15
77 78 79 80 81 82 83 84 85 86 87 88 89 90 91 
0
0
 P      22SMA_FULLASSEMBLY
0
2
15
77 78 79 80 81 82 83 84 85 86 87 88 89 90 91 
0
0
SMA_BEAM
0
1
15
77 78 79 80 81 82 83 84 85 86 87 88 89 90 91 
0
0
_SMA_FULL_
0
2
15
77 78 79 80 81 82 83 84 85 86 87 88 89 90 91 
0
0
0
SMAWIRE_(NITINOL)
3
 P      21
0
2
27
50 51 52 53 54 55 56 57 58 59 60 61 62 63 64 65 66 67 68 69 70 71 72 73 74 75 76 
0
0
SMA-ACTUATOR-P
0
1
27
50 51 52 53 54 55 56 57 58 59 60 61 62 63 64 65 66 67 68 69 70 71 72 73 74 75 76 
0
0
_FLUX-SURFACE_
0
2
27
50 51 52 53 54 55 56 57 58 59 60 61 62 63 64 65 66 67 68 69 70 71 72 73 74 75 76 
0
0
0
SMA_BEAM-3
4
 P      24
0
2
15
107 108 109 110 111 112 113 114 115 116 117 118 119 120 121 
0
0
 P      24SMA_FULLASSEMBLY
0
2
15
107 108 109 110 111 112 113 114 115 116 117 118 119 120 121 
0
0
SMA_BEAM
0
1
15
107 108 109 110 111 112 113 114 115 116 117 118 119 120 121 
0
0
_SMA_FULL_
0
2
15
107 108 109 110 111 112 113 114 115 116 117 118 119 120 121 
0
0
0
SMA_BEAM-5
4
 P      26
0
2
15
137 138 139 140 141 142 143 144 145 146 147 148 149 150 151 
0
0
 P      26SMA_FULLASSEMBLY
0
2
15
137 138 139 140 141 142 143 144 145 146 147 148 149 150 151 
0
0
SMA_BEAM
0
1
15
137 138 139 140 141 142 143 144 145 146 147 148 149 150 151 
0
0
_SMA_FULL_
0
2
15
137 138 139 140 141 142 143 144 145 146 147 148 149 150 151 
0
0
0
SMA_BEAM-7
4
 P      28
0
2
15
167 168 169 170 171 172 173 174 175 176 177 178 179 180 181 
0
0
 P      28SMA_FULLASSEMBLY
0
2
15
167 168 169 170 171 172 173 174 175 176 177 178 179 180 181 
0
0
SMA_BEAM
0
1
15
167 168 169 170 171 172 173 174 175 176 177 178 179 180 181 
0
0
_SMA_FULL_
0
2
15
167 168 169 170 171 172 173 174 175 176 177 178 179 180 181 
0
0
0
98

0
2
0
30

1
1 
CF_BEAM-1
3
8 9 10 
CF_BEAM-10
3
11 12 13 
CF_BEAM-12
3
17 18 19 
CF_BEAM-14
3
23 24 25 
CF_BEAM-16
3
29 30 31 
CF_BEAM-2
3
32 33 34 
CF_BEAM-4
3
38 39 40 
SHADE-2
9
65 66 67 68 69 70 71 72 73 
SHADE-4
9
83 84 85 86 87 88 89 90 91 
CF_BEAM-6
3
44 45 46 
CF_BEAM-8
3
50 51 52 
SMA_BEAM-2
31
151 152 153 154 155 156 157 158 159 160 161 162 163 164 165 166 167 168 169 170 171 172 173 174 175 176 177 178 179 180 181 
SMA_BEAM-4
31
213 214 215 216 217 218 219 220 221 222 223 224 225 226 227 228 229 230 231 232 233 234 235 236 237 238 239 240 241 242 243 
SMA_BEAM-6
31
275 276 277 278 279 280 281 282 283 284 285 286 287 288 289 290 291 292 293 294 295 296 297 298 299 300 301 302 303 304 305 
SMA_BEAM-8
31
337 338 339 340 341 342 343 344 345 346 347 348 349 350 351 352 353 354 355 356 357 358 359 360 361 362 363 364 365 366 367 
CF_BEAM-11
3
14 15 16 
CF_BEAM-13
3
20 21 22 
CF_BEAM-15
3
26 27 28 
CF_BEAM-3
3
35 36 37 
CF_BEAM-5
3
41 42 43 
CF_BEAM-7
3
47 48 49 
SHADE-1
9
56 57 58 59 60 61 62 63 64 
SHADE-3
9
74 75 76 77 78 79 80 81 82 
CF_BEAM-9
3
53 54 55 
SMAWIRE_(NITINOL)
28
92 93 94 95 96 97 98 99 100 101 102 103 104 105 106 107 108 109 110 111 112 113 114 115 116 117 118 119 
SMA_BEAM-1
31
120 121 122 123 124 125 126 127 128 129 130 131 132 133 134 135 136 137 138 139 140 141 142 143 144 145 146 147 148 149 150 
SMA_BEAM-3
31
182 183 184 185 186 187 188 189 190 191 192 193 194 195 196 197 198 199 200 201 202 203 204 205 206 207 208 209 210 211 212 
SMA_BEAM-5
31
244 245 246 247 248 249 250 251 252 253 254 255 256 257 258 259 260 261 262 263 264 265 266 267 268 269 270 271 272 273 274 
SMA_BEAM-7
31
306 307 308 309 310 311 312 313 314 315 316 317 318 319 320 321 322 323 324 325 326 327 328 329 330 331 332 333 334 335 336 
0
 ADJFREE
0
2
0
8
SMA_BEAM-1
1
123 
SMA_BEAM-2
1
154 
SMA_BEAM-4
1
216 
SMA_BEAM-6
1
278 
SMA_BEAM-8
1
340 
SMA_BEAM-3
1
185 
SMA_BEAM-5
1
247 
SMA_BEAM-7
1
309 
0
 Z000001
0
2
0
29
CF_BEAM-1
3
8 9 10 
CF_BEAM-10
3
11 12 13 
CF_BEAM-12
3
17 18 19 
CF_BEAM-14
3
23 24 25 
CF_BEAM-16
3
29 30 31 
CF_BEAM-2
3
32 33 34 
CF_BEAM-4
3
38 39 40 
CF_BEAM-6
3
44 45 46 
SHADE-2
9
65 66 67 68 69 70 71 72 73 
SHADE-4
9
83 84 85 86 87 88 89 90 91 
CF_BEAM-8
3
50 51 52 
SMA_BEAM-2
31
151 152 153 154 155 156 157 158 159 160 161 162 163 164 165 166 167 168 169 170 171 172 173 174 175 176 177 178 179 180 181 
SMA_BEAM-4
31
213 214 215 216 217 218 219 220 221 222 223 224 225 226 227 228 229 230 231 232 233 234 235 236 237 238 239 240 241 242 243 
SMA_BEAM-6
31
275 276 277 278 279 280 281 282 283 284 285 286 287 288 289 290 291 292 293 294 295 296 297 298 299 300 301 302 303 304 305 
SMA_BEAM-8
31
337 338 339 340 341 342 343 344 345 346 347 348 349 350 351 352 353 354 355 356 357 358 359 360 361 362 363 364 365 366 367 
CF_BEAM-11
3
14 15 16 
CF_BEAM-13
3
20 21 22 
CF_BEAM-15
3
26 27 28 
CF_BEAM-3
3
35 36 37 
CF_BEAM-5
3
41 42 43 
CF_BEAM-7
3
47 48 49 
SHADE-1
9
56 57 58 59 60 61 62 63 64 
SHADE-3
9
74 75 76 77 78 79 80 81 82 
CF_BEAM-9
3
53 54 55 
SMAWIRE_(NITINOL)
28
92 93 94 95 96 97 98 99 100 101 102 103 104 105 106 107 108 109 110 111 112 113 114 115 116 117 118 119 
SMA_BEAM-1
31
120 121 122 123 124 125 126 127 128 129 130 131 132 133 134 135 136 137 138 139 140 141 142 143 144 145 146 147 148 149 150 
SMA_BEAM-3
31
182 183 184 185 186 187 188 189 190 191 192 193 194 195 196 197 198 199 200 201 202 203 204 205 206 207 208 209 210 211 212 
SMA_BEAM-5
31
244 245 246 247 248 249 250 251 252 253 254 255 256 257 258 259 260 261 262 263 264 265 266 267 268 269 270 271 272 273 274 
SMA_BEAM-7
31
306 307 308 309 310 311 312 313 314 315 316 317 318 319 320 321 322 323 324 325 326 327 328 329 330 331 332 333 334 335 336 
0
ACTUATOR_B_VERT
0
1
0
1
SMAWIRE_(NITINOL)
1
92 
0
ACTUATOR_T_VERT
0
1
0
1
SMAWIRE_(NITINOL)
1
119 
0
ALL-ACTUATOR-ELEMS
0
1
0
1
SMAWIRE_(NITINOL)
28
92 93 94 95 96 97 98 99 100 101 102 103 104 105 106 107 108 109 110 111 112 113 114 115 116 117 118 119 
0
BOTTOM_BEAM
0
1
0
2
CF_BEAM-6
1
45 
SMAWIRE_(NITINOL)
1
92 
0
CFWIRE-1-SET-1
0
1
0
2
CF_BEAM-5
1
41 
CF_BEAM-6
1
44 
0
CFWIRE-2-SET-1
0
1
0
2
CF_BEAM-6
1
44 
CF_BEAM-7
1
47 
0
CFWIRE-3-SET-1
0
1
0
2
CF_BEAM-7
1
47 
CF_BEAM-8
1
50 
0
CFWIRE-4-SET-1
0
1
0
2
CF_BEAM-13
1
20 
CF_BEAM-14
1
23 
0
CFWIRE-5-SET-1
0
1
0
2
CF_BEAM-14
1
23 
CF_BEAM-15
1
26 
0
CFWIRE-6-SET-1
0
1
0
2
CF_BEAM-15
1
26 
CF_BEAM-16
1
29 
0
CF_B
0
1
0
1
CF_BEAM-6
1
45 
0
CF_BEAM-1-LAYER-1-A
0
1
0
1
CF_BEAM-1
1
9 
0
CF_BEAM-1-LAYER-1-B
0
1
0
1
SMA_BEAM-1
1
120 
0
CF_BEAM-10-LAYER-3-A
0
1
0
1
CF_BEAM-10
1
12 
0
CF_BEAM-10-LAYER-3-B
0
1
0
1
SMA_BEAM-3
1
184 
0
CF_BEAM-11-LAYER-3-A
0
1
0
1
CF_BEAM-11
1
15 
0
CF_BEAM-11-LAYER-3-B
0
1
0
1
SMA_BEAM-5
1
246 
0
CF_BEAM-12-LAYER-3-A
0
1
0
1
CF_BEAM-12
1
18 
0
CF_BEAM-12-LAYER-3-B
0
1
0
1
SMA_BEAM-7
1
308 
0
CF_BEAM-13-LAYER-4-A
0
1
0
1
CF_BEAM-13
1
21 
0
CF_BEAM-13-LAYER-4-B
0
1
0
1
SMA_BEAM-2
1
154 
0
CF_BEAM-14-LAYER-4-A
0
1
0
1
CF_BEAM-14
1
24 
0
CF_BEAM-14-LAYER-4-B
0
1
0
1
SMA_BEAM-4
1
216 
0
CF_BEAM-15-LAYER-4-A
0
1
0
1
CF_BEAM-15
1
27 
0
CF_BEAM-15-LAYER-4-B
0
1
0
1
SMA_BEAM-6
1
278 
0
CF_BEAM-16-LAYER-4-A
0
1
0
1
CF_BEAM-16
1
30 
0
CF_BEAM-16-LAYER-4-B
0
1
0
1
SMA_BEAM-8
1
340 
0
CF_BEAM-2-LAYER-1-A
0
1
0
1
CF_BEAM-2
1
33 
0
CF_BEAM-2-LAYER-1-B
0
1
0
1
SMA_BEAM-3
1
182 
0
CF_BEAM-3-LAYER-1-A
0
1
0
1
CF_BEAM-3
1
36 
0
CF_BEAM-3-LAYER-1-B
0
1
0
1
SMA_BEAM-5
1
244 
0
CF_BEAM-4-LAYER-1-A
0
1
0
1
CF_BEAM-4
1
39 
0
CF_BEAM-4-LAYER-1-B
0
1
0
1
SMA_BEAM-7
1
306 
0
CF_BEAM-5-LAYER-2-A
0
1
0
1
CF_BEAM-5
1
42 
0
CF_BEAM-5-LAYER-2-B
0
1
0
1
SMA_BEAM-2
1
152 
0
CF_BEAM-6-LAYER-2-A
0
1
0
1
CF_BEAM-6
1
45 
0
CF_BEAM-6-LAYER-2-B
0
1
0
1
SMA_BEAM-4
1
214 
0
CF_BEAM-7-LAYER-2-A
0
1
0
1
CF_BEAM-7
1
48 
0
CF_BEAM-7-LAYER-2-B
0
1
0
1
SMA_BEAM-6
1
276 
0
CF_BEAM-8-LAYER-2-A
0
1
0
1
CF_BEAM-8
1
51 
0
CF_BEAM-8-LAYER-2-B
0
1
0
1
SMA_BEAM-8
1
338 
0
CF_BEAM-9-LAYER-3-A
0
1
0
1
CF_BEAM-9
1
54 
0
CF_BEAM-9-LAYER-3-B
0
1
0
1
SMA_BEAM-1
1
122 
0
CF_T
0
1
0
1
CF_BEAM-14
1
24 
0
Encastre Points
0
1
0
12
SMA_BEAM-1
1
120 
CF_BEAM-2
1
33 
CF_BEAM-4
1
39 
SMA_BEAM-2
1
151 
SMA_BEAM-4
1
213 
SMA_BEAM-6
1
275 
SMA_BEAM-8
1
337 
CF_BEAM-1
1
9 
CF_BEAM-3
1
36 
SMA_BEAM-3
1
182 
SMA_BEAM-5
1
244 
SMA_BEAM-7
1
306 
0
LAYER-4
0
1
0
8
SMA_BEAM-1
1
123 
SMA_BEAM-2
1
154 
SMA_BEAM-4
1
216 
SMA_BEAM-6
1
278 
SMA_BEAM-8
1
340 
SMA_BEAM-3
1
185 
SMA_BEAM-5
1
247 
SMA_BEAM-7
1
309 
0
M_SET-90
0
1
0
1
SMA_BEAM-3
1
185 
0
M_SET-92
0
1
0
1
SMA_BEAM-7
1
309 
0
M_SET-96
0
1
0
1
SMA_BEAM-5
1
247 
0
M_SET-98
0
1
0
1
SMA_BEAM-1
1
123 
0
SMAWIRE_LAYER-2_BEAM-1
0
1
0
2
SMA_BEAM-2
1
152 
SMA_BEAM-3
1
183 
0
SMAWIRE_LAYER-2_BEAM-2
0
1
0
2
SMA_BEAM-4
1
214 
SMA_BEAM-5
1
245 
0
SMAWIRE_LAYER-2_BEAM-3
0
1
0
2
SMA_BEAM-6
1
276 
SMA_BEAM-7
1
307 
0
SMAWIRE_LAYER-2_BEAM-4
0
1
0
2
SMA_BEAM-1
1
121 
SMA_BEAM-8
1
338 
0
SMAWIRE_LAYER-4_BEAM-1
0
1
0
2
SMA_BEAM-2
1
154 
SMA_BEAM-3
1
185 
0
SMAWIRE_LAYER-4_BEAM-2
0
1
0
2
SMA_BEAM-4
1
216 
SMA_BEAM-5
1
247 
0
SMAWIRE_LAYER-4_BEAM-3
0
1
0
2
SMA_BEAM-6
1
278 
SMA_BEAM-7
1
309 
0
SMAWIRE_LAYER-4_BEAM-4
0
1
0
2
SMA_BEAM-1
1
123 
SMA_BEAM-8
1
340 
0
SMA_FULLASSEMBLY
0
1
0
8
SMA_BEAM-1
31
120 121 122 123 124 125 126 127 128 129 130 131 132 133 134 135 136 137 138 139 140 141 142 143 144 145 146 147 148 149 150 
SMA_BEAM-2
31
151 152 153 154 155 156 157 158 159 160 161 162 163 164 165 166 167 168 169 170 171 172 173 174 175 176 177 178 179 180 181 
SMA_BEAM-4
31
213 214 215 216 217 218 219 220 221 222 223 224 225 226 227 228 229 230 231 232 233 234 235 236 237 238 239 240 241 242 243 
SMA_BEAM-6
31
275 276 277 278 279 280 281 282 283 284 285 286 287 288 289 290 291 292 293 294 295 296 297 298 299 300 301 302 303 304 305 
SMA_BEAM-8
31
337 338 339 340 341 342 343 344 345 346 347 348 349 350 351 352 353 354 355 356 357 358 359 360 361 362 363 364 365 366 367 
SMA_BEAM-3
31
182 183 184 185 186 187 188 189 190 191 192 193 194 195 196 197 198 199 200 201 202 203 204 205 206 207 208 209 210 211 212 
SMA_BEAM-5
31
244 245 246 247 248 249 250 251 252 253 254 255 256 257 258 259 260 261 262 263 264 265 266 267 268 269 270 271 272 273 274 
SMA_BEAM-7
31
306 307 308 309 310 311 312 313 314 315 316 317 318 319 320 321 322 323 324 325 326 327 328 329 330 331 332 333 334 335 336 
0
S_SET-88
0
1
0
1
SHADE-2
1
65 
0
S_SET-90
0
1
0
1
SHADE-1
1
56 
0
S_SET-92
0
1
0
1
SHADE-4
1
83 
0
S_SET-94
0
1
0
1
SHADE-3
1
74 
0
TOP_BEAM
0
1
0
2
CF_BEAM-14
1
24 
SMAWIRE_(NITINOL)
1
119 
0
TRANSP
0
1
1
1 
0
0
TRANSVERSE_CLIP_1
0
1
0
1
SMA_BEAM-2
1
154 
0
TRANS_WIRE
0
1
1
1 
2

1
1 
SMA_BEAM-2
1
154 
0
_PICKEDSET106
0
2
0
1
SMA_BEAM-2
1
153 
0
_PICKEDSET107
0
2
0
1
SMA_BEAM-1
1
122 
0
_PICKEDSET108
0
2
0
1
SMA_BEAM-4
1
215 
0
_PICKEDSET109
0
2
0
1
SMA_BEAM-3
1
184 
0
_PICKEDSET110
0
2
0
1
SMA_BEAM-6
1
277 
0
_PICKEDSET111
0
2
0
1
SMA_BEAM-5
1
246 
0
_PICKEDSET112
0
2
0
1
SMA_BEAM-8
1
339 
0
_PICKEDSET113
0
2
0
1
SMA_BEAM-7
1
308 
0
_PICKEDSET62
0
2
0
1
CF_BEAM-1
1
8 
0
_PICKEDSET63
0
2
0
1
CF_BEAM-2
1
32 
0
_PICKEDSET64
0
2
0
1
CF_BEAM-2
1
32 
0
_PICKEDSET65
0
2
0
1
CF_BEAM-3
1
35 
0
_PICKEDSET66
0
2
0
1
CF_BEAM-3
1
35 
0
_PICKEDSET67
0
2
0
1
CF_BEAM-4
1
38 
0
_PICKEDSET76
0
2
0
1
SMA_BEAM-2
1
151 
0
_PICKEDSET77
0
2
0
1
SMA_BEAM-1
1
120 
0
_PICKEDSET78
0
2
0
1
SMA_BEAM-4
1
213 
0
_PICKEDSET79
0
2
0
1
SMA_BEAM-3
1
182 
0
_PICKEDSET80
0
2
0
1
SMA_BEAM-6
1
275 
0
_PICKEDSET81
0
2
0
1
SMA_BEAM-5
1
244 
0
_PICKEDSET82
0
2
0
1
SMA_BEAM-8
1
337 
0
_PICKEDSET83
0
2
0
1
SMA_BEAM-7
1
306 
0
_PICKEDSET92
0
2
0
1
CF_BEAM-9
1
53 
0
_PICKEDSET93
0
2
0
1
CF_BEAM-10
1
11 
0
_PICKEDSET94
0
2
0
1
CF_BEAM-10
1
11 
0
_PICKEDSET95
0
2
0
1
CF_BEAM-11
1
14 
0
_PICKEDSET96
0
2
0
1
CF_BEAM-11
1
14 
0
_PICKEDSET97
0
2
0
1
CF_BEAM-12
1
17 
0
30
CF_BEAM-1
4
 P       1
0
2
3
8 9 10 
0
0
 P       1 Z000001
0
2
3
8 9 10 
0
0
 P       1Encastre Points
0
2
1
9 
0
0
CF_BEAM
0
1
3
8 9 10 
0
0
0

2
 P       0
0
2
1
1 
0
0
 P       0TRANS_WIRE
0
2
1
1 
0
0
0
CF_BEAM-2
4
 P       9
0
2
3
32 33 34 
0
0
 P       9 Z000001
0
2
3
32 33 34 
0
0
 P       9Encastre Points
0
2
1
33 
0
0
CF_BEAM
0
1
3
32 33 34 
0
0
0
CF_BEAM-4
4
 P      11
0
2
3
38 39 40 
0
0
 P      11 Z000001
0
2
3
38 39 40 
0
0
 P      11Encastre Points
0
2
1
39 
0
0
CF_BEAM
0
1
3
38 39 40 
0
0
0
CF_BEAM-6
6
 P      13
0
2
3
44 45 46 
0
0
 P      13 Z000001
0
2
3
44 45 46 
0
0
 P      13BOTTOM_BEAM
0
2
1
45 
0
0
 P      13CFWIRE-1-SET-1
0
2
1
44 
0
0
 P      13CFWIRE-2-SET-1
0
2
1
44 
0
0
CF_BEAM
0
1
3
44 45 46 
0
0
0
CF_BEAM-8
4
 P      15
0
2
3
50 51 52 
0
0
 P      15 Z000001
0
2
3
50 51 52 
0
0
 P      15CFWIRE-3-SET-1
0
2
1
50 
0
0
CF_BEAM
0
1
3
50 51 52 
0
0
0
CF_BEAM-10
3
 P       2
0
2
3
11 12 13 
0
0
 P       2 Z000001
0
2
3
11 12 13 
0
0
CF_BEAM
0
1
3
11 12 13 
0
0
0
CF_BEAM-12
3
 P       4
0
2
3
17 18 19 
0
0
 P       4 Z000001
0
2
3
17 18 19 
0
0
CF_BEAM
0
1
3
17 18 19 
0
0
0
CF_BEAM-14
6
 P       6
0
2
3
23 24 25 
0
0
 P       6 Z000001
0
2
3
23 24 25 
0
0
 P       6CFWIRE-4-SET-1
0
2
1
23 
0
0
 P       6CFWIRE-5-SET-1
0
2
1
23 
0
0
 P       6TOP_BEAM
0
2
1
24 
0
0
CF_BEAM
0
1
3
23 24 25 
0
0
0
SHADE-2
3
 P      18
0
2
9
65 66 67 68 69 70 71 72 73 
0
0
 P      18 Z000001
0
2
9
65 66 67 68 69 70 71 72 73 
0
0
WHOLE-SHADE-P
0
1
9
65 66 67 68 69 70 71 72 73 
0
0
0
SHADE-4
3
 P      20
0
2
9
83 84 85 86 87 88 89 90 91 
0
0
 P      20 Z000001
0
2
9
83 84 85 86 87 88 89 90 91 
0
0
WHOLE-SHADE-P
0
1
9
83 84 85 86 87 88 89 90 91 
0
0
0
CF_BEAM-16
4
 P       8
0
2
3
29 30 31 
0
0
 P       8 Z000001
0
2
3
29 30 31 
0
0
 P       8CFWIRE-6-SET-1
0
2
1
29 
0
0
CF_BEAM
0
1
3
29 30 31 
0
0
0
SMA_BEAM-2
10
 P      23
0
2
31
151 152 153 154 155 156 157 158 159 160 161 162 163 164 165 166 167 168 169 170 171 172 173 174 175 176 177 178 179 180 181 
0
0
 P      23 ADJFREE
0
2
1
154 
0
0
 P      23 Z000001
0
2
31
151 152 153 154 155 156 157 158 159 160 161 162 163 164 165 166 167 168 169 170 171 172 173 174 175 176 177 178 179 180 181 
0
0
 P      23Encastre Points
0
2
1
151 
0
0
 P      23LAYER-4
0
2
1
154 
0
0
 P      23SMAWIRE_LAYER-2_BEAM-1
0
2
1
152 
0
0
 P      23SMAWIRE_LAYER-4_BEAM-1
0
2
1
154 
0
0
 P      23SMA_FULLASSEMBLY
0
2
31
151 152 153 154 155 156 157 158 159 160 161 162 163 164 165 166 167 168 169 170 171 172 173 174 175 176 177 178 179 180 181 
0
0
 P      23TRANS_WIRE
0
2
1
154 
0
0
SMA_BEAM
0
1
31
151 152 153 154 155 156 157 158 159 160 161 162 163 164 165 166 167 168 169 170 171 172 173 174 175 176 177 178 179 180 181 
0
0
0
SMA_BEAM-4
9
 P      25
0
2
31
213 214 215 216 217 218 219 220 221 222 223 224 225 226 227 228 229 230 231 232 233 234 235 236 237 238 239 240 241 242 243 
0
0
 P      25 ADJFREE
0
2
1
216 
0
0
 P      25 Z000001
0
2
31
213 214 215 216 217 218 219 220 221 222 223 224 225 226 227 228 229 230 231 232 233 234 235 236 237 238 239 240 241 242 243 
0
0
 P      25Encastre Points
0
2
1
213 
0
0
 P      25LAYER-4
0
2
1
216 
0
0
 P      25SMAWIRE_LAYER-2_BEAM-2
0
2
1
214 
0
0
 P      25SMAWIRE_LAYER-4_BEAM-2
0
2
1
216 
0
0
 P      25SMA_FULLASSEMBLY
0
2
31
213 214 215 216 217 218 219 220 221 222 223 224 225 226 227 228 229 230 231 232 233 234 235 236 237 238 239 240 241 242 243 
0
0
SMA_BEAM
0
1
31
213 214 215 216 217 218 219 220 221 222 223 224 225 226 227 228 229 230 231 232 233 234 235 236 237 238 239 240 241 242 243 
0
0
0
SMA_BEAM-6
9
 P      27
0
2
31
275 276 277 278 279 280 281 282 283 284 285 286 287 288 289 290 291 292 293 294 295 296 297 298 299 300 301 302 303 304 305 
0
0
 P      27 ADJFREE
0
2
1
278 
0
0
 P      27 Z000001
0
2
31
275 276 277 278 279 280 281 282 283 284 285 286 287 288 289 290 291 292 293 294 295 296 297 298 299 300 301 302 303 304 305 
0
0
 P      27Encastre Points
0
2
1
275 
0
0
 P      27LAYER-4
0
2
1
278 
0
0
 P      27SMAWIRE_LAYER-2_BEAM-3
0
2
1
276 
0
0
 P      27SMAWIRE_LAYER-4_BEAM-3
0
2
1
278 
0
0
 P      27SMA_FULLASSEMBLY
0
2
31
275 276 277 278 279 280 281 282 283 284 285 286 287 288 289 290 291 292 293 294 295 296 297 298 299 300 301 302 303 304 305 
0
0
SMA_BEAM
0
1
31
275 276 277 278 279 280 281 282 283 284 285 286 287 288 289 290 291 292 293 294 295 296 297 298 299 300 301 302 303 304 305 
0
0
0
SMA_BEAM-8
9
 P      29
0
2
31
337 338 339 340 341 342 343 344 345 346 347 348 349 350 351 352 353 354 355 356 357 358 359 360 361 362 363 364 365 366 367 
0
0
 P      29 ADJFREE
0
2
1
340 
0
0
 P      29 Z000001
0
2
31
337 338 339 340 341 342 343 344 345 346 347 348 349 350 351 352 353 354 355 356 357 358 359 360 361 362 363 364 365 366 367 
0
0
 P      29Encastre Points
0
2
1
337 
0
0
 P      29LAYER-4
0
2
1
340 
0
0
 P      29SMAWIRE_LAYER-2_BEAM-4
0
2
1
338 
0
0
 P      29SMAWIRE_LAYER-4_BEAM-4
0
2
1
340 
0
0
 P      29SMA_FULLASSEMBLY
0
2
31
337 338 339 340 341 342 343 344 345 346 347 348 349 350 351 352 353 354 355 356 357 358 359 360 361 362 363 364 365 366 367 
0
0
SMA_BEAM
0
1
31
337 338 339 340 341 342 343 344 345 346 347 348 349 350 351 352 353 354 355 356 357 358 359 360 361 362 363 364 365 366 367 
0
0
0
CF_BEAM-3
4
 P      10
0
2
3
35 36 37 
0
0
 P      10 Z000001
0
2
3
35 36 37 
0
0
 P      10Encastre Points
0
2
1
36 
0
0
CF_BEAM
0
1
3
35 36 37 
0
0
0
CF_BEAM-5
4
 P      12
0
2
3
41 42 43 
0
0
 P      12 Z000001
0
2
3
41 42 43 
0
0
 P      12CFWIRE-1-SET-1
0
2
1
41 
0
0
CF_BEAM
0
1
3
41 42 43 
0
0
0
CF_BEAM-7
5
 P      14
0
2
3
47 48 49 
0
0
 P      14 Z000001
0
2
3
47 48 49 
0
0
 P      14CFWIRE-2-SET-1
0
2
1
47 
0
0
 P      14CFWIRE-3-SET-1
0
2
1
47 
0
0
CF_BEAM
0
1
3
47 48 49 
0
0
0
CF_BEAM-9
3
 P      16
0
2
3
53 54 55 
0
0
 P      16 Z000001
0
2
3
53 54 55 
0
0
CF_BEAM
0
1
3
53 54 55 
0
0
0
CF_BEAM-11
3
 P       3
0
2
3
14 15 16 
0
0
 P       3 Z000001
0
2
3
14 15 16 
0
0
CF_BEAM
0
1
3
14 15 16 
0
0
0
CF_BEAM-13
4
 P       5
0
2
3
20 21 22 
0
0
 P       5 Z000001
0
2
3
20 21 22 
0
0
 P       5CFWIRE-4-SET-1
0
2
1
20 
0
0
CF_BEAM
0
1
3
20 21 22 
0
0
0
SHADE-1
3
 P      17
0
2
9
56 57 58 59 60 61 62 63 64 
0
0
 P      17 Z000001
0
2
9
56 57 58 59 60 61 62 63 64 
0
0
WHOLE-SHADE-P
0
1
9
56 57 58 59 60 61 62 63 64 
0
0
0
SHADE-3
3
 P      19
0
2
9
74 75 76 77 78 79 80 81 82 
0
0
 P      19 Z000001
0
2
9
74 75 76 77 78 79 80 81 82 
0
0
WHOLE-SHADE-P
0
1
9
74 75 76 77 78 79 80 81 82 
0
0
0
CF_BEAM-15
5
 P       7
0
2
3
26 27 28 
0
0
 P       7 Z000001
0
2
3
26 27 28 
0
0
 P       7CFWIRE-5-SET-1
0
2
1
26 
0
0
 P       7CFWIRE-6-SET-1
0
2
1
26 
0
0
CF_BEAM
0
1
3
26 27 28 
0
0
0
SMA_BEAM-1
9
 P      22
0
2
31
120 121 122 123 124 125 126 127 128 129 130 131 132 133 134 135 136 137 138 139 140 141 142 143 144 145 146 147 148 149 150 
0
0
 P      22 ADJFREE
0
2
1
123 
0
0
 P      22 Z000001
0
2
31
120 121 122 123 124 125 126 127 128 129 130 131 132 133 134 135 136 137 138 139 140 141 142 143 144 145 146 147 148 149 150 
0
0
 P      22Encastre Points
0
2
1
120 
0
0
 P      22LAYER-4
0
2
1
123 
0
0
 P      22SMAWIRE_LAYER-2_BEAM-4
0
2
1
121 
0
0
 P      22SMAWIRE_LAYER-4_BEAM-4
0
2
1
123 
0
0
 P      22SMA_FULLASSEMBLY
0
2
31
120 121 122 123 124 125 126 127 128 129 130 131 132 133 134 135 136 137 138 139 140 141 142 143 144 145 146 147 148 149 150 
0
0
SMA_BEAM
0
1
31
120 121 122 123 124 125 126 127 128 129 130 131 132 133 134 135 136 137 138 139 140 141 142 143 144 145 146 147 148 149 150 
0
0
0
SMAWIRE_(NITINOL)
5
 P      21
0
2
28
92 93 94 95 96 97 98 99 100 101 102 103 104 105 106 107 108 109 110 111 112 113 114 115 116 117 118 119 
0
0
 P      21 Z000001
0
2
28
92 93 94 95 96 97 98 99 100 101 102 103 104 105 106 107 108 109 110 111 112 113 114 115 116 117 118 119 
0
0
 P      21BOTTOM_BEAM
0
2
1
92 
0
0
 P      21TOP_BEAM
0
2
1
119 
0
0
SMA-ACTUATOR-P
0
1
28
92 93 94 95 96 97 98 99 100 101 102 103 104 105 106 107 108 109 110 111 112 113 114 115 116 117 118 119 
0
0
0
SMA_BEAM-3
9
 P      24
0
2
31
182 183 184 185 186 187 188 189 190 191 192 193 194 195 196 197 198 199 200 201 202 203 204 205 206 207 208 209 210 211 212 
0
0
 P      24 ADJFREE
0
2
1
185 
0
0
 P      24 Z000001
0
2
31
182 183 184 185 186 187 188 189 190 191 192 193 194 195 196 197 198 199 200 201 202 203 204 205 206 207 208 209 210 211 212 
0
0
 P      24Encastre Points
0
2
1
182 
0
0
 P      24LAYER-4
0
2
1
185 
0
0
 P      24SMAWIRE_LAYER-2_BEAM-1
0
2
1
183 
0
0
 P      24SMAWIRE_LAYER-4_BEAM-1
0
2
1
185 
0
0
 P      24SMA_FULLASSEMBLY
0
2
31
182 183 184 185 186 187 188 189 190 191 192 193 194 195 196 197 198 199 200 201 202 203 204 205 206 207 208 209 210 211 212 
0
0
SMA_BEAM
0
1
31
182 183 184 185 186 187 188 189 190 191 192 193 194 195 196 197 198 199 200 201 202 203 204 205 206 207 208 209 210 211 212 
0
0
0
SMA_BEAM-5
9
 P      26
0
2
31
244 245 246 247 248 249 250 251 252 253 254 255 256 257 258 259 260 261 262 263 264 265 266 267 268 269 270 271 272 273 274 
0
0
 P      26 ADJFREE
0
2
1
247 
0
0
 P      26 Z000001
0
2
31
244 245 246 247 248 249 250 251 252 253 254 255 256 257 258 259 260 261 262 263 264 265 266 267 268 269 270 271 272 273 274 
0
0
 P      26Encastre Points
0
2
1
244 
0
0
 P      26LAYER-4
0
2
1
247 
0
0
 P      26SMAWIRE_LAYER-2_BEAM-2
0
2
1
245 
0
0
 P      26SMAWIRE_LAYER-4_BEAM-2
0
2
1
247 
0
0
 P      26SMA_FULLASSEMBLY
0
2
31
244 245 246 247 248 249 250 251 252 253 254 255 256 257 258 259 260 261 262 263 264 265 266 267 268 269 270 271 272 273 274 
0
0
SMA_BEAM
0
1
31
244 245 246 247 248 249 250 251 252 253 254 255 256 257 258 259 260 261 262 263 264 265 266 267 268 269 270 271 272 273 274 
0
0
0
SMA_BEAM-7
9
 P      28
0
2
31
306 307 308 309 310 311 312 313 314 315 316 317 318 319 320 321 322 323 324 325 326 327 328 329 330 331 332 333 334 335 336 
0
0
 P      28 ADJFREE
0
2
1
309 
0
0
 P      28 Z000001
0
2
31
306 307 308 309 310 311 312 313 314 315 316 317 318 319 320 321 322 323 324 325 326 327 328 329 330 331 332 333 334 335 336 
0
0
 P      28Encastre Points
0
2
1
306 
0
0
 P      28LAYER-4
0
2
1
309 
0
0
 P      28SMAWIRE_LAYER-2_BEAM-3
0
2
1
307 
0
0
 P      28SMAWIRE_LAYER-4_BEAM-3
0
2
1
309 
0
0
 P      28SMA_FULLASSEMBLY
0
2
31
306 307 308 309 310 311 312 313 314 315 316 317 318 319 320 321 322 323 324 325 326 327 328 329 330 331 332 333 334 335 336 
0
0
SMA_BEAM
0
1
31
306 307 308 309 310 311 312 313 314 315 316 317 318 319 320 321 322 323 324 325 326 327 328 329 330 331 332 333 334 335 336 
0
0
0
25
CF_BEAM-1
1
CF_FULL
0
0
1

1
18 
CF_BEAM-10
1
CF_FULL
0
0
1

1
27 
CF_BEAM-11
1
CF_FULL
0
0
1

1
28 
CF_BEAM-12
1
CF_FULL
0
0
1

1
29 
CF_BEAM-13
1
CF_FULL
0
0
1

1
30 
CF_BEAM-14
1
CF_FULL
0
0
1

1
31 
CF_BEAM-15
1
CF_FULL
0
0
1

1
32 
CF_BEAM-16
1
CF_FULL
0
0
1

1
33 
CF_BEAM-2
1
CF_FULL
0
0
1

1
19 
CF_BEAM-3
1
CF_FULL
0
0
1

1
20 
CF_BEAM-4
1
CF_FULL
0
0
1

1
21 
CF_BEAM-5
1
CF_FULL
0
0
1

1
22 
CF_BEAM-6
1
CF_FULL
0
0
1

1
23 
CF_BEAM-7
1
CF_FULL
0
0
1

1
24 
CF_BEAM-8
1
CF_FULL
0
0
1

1
25 
CF_BEAM-9
1
CF_FULL
0
0
1

1
26 
SMAWIRE_(NITINOL)
1
FLUX-SURFACE
0
0
1

27
50 51 52 53 54 55 56 57 58 59 60 61 62 63 64 65 66 67 68 69 70 71 72 73 74 75 76 
SMA_BEAM-1
1
SMA_FULL
0
0
1

15
77 78 79 80 81 82 83 84 85 86 87 88 89 90 91 
SMA_BEAM-2
1
SMA_FULL
0
0
1

15
92 93 94 95 96 97 98 99 100 101 102 103 104 105 106 
SMA_BEAM-3
1
SMA_FULL
0
0
1

15
107 108 109 110 111 112 113 114 115 116 117 118 119 120 121 
SMA_BEAM-4
1
SMA_FULL
0
0
1

15
122 123 124 125 126 127 128 129 130 131 132 133 134 135 136 
SMA_BEAM-5
1
SMA_FULL
0
0
1

15
137 138 139 140 141 142 143 144 145 146 147 148 149 150 151 
SMA_BEAM-6
1
SMA_FULL
0
0
1

15
152 153 154 155 156 157 158 159 160 161 162 163 164 165 166 
SMA_BEAM-7
1
SMA_FULL
0
0
1

15
167 168 169 170 171 172 173 174 175 176 177 178 179 180 181 
SMA_BEAM-8
1
SMA_FULL
0
0
1

15
182 183 184 185 186 187 188 189 190 191 192 193 194 195 196 
28
SHADE_GEOM-1
0
0
0
1
SHADE-1
0
0
1
SPOS
4
34 35 36 37 
SHADE_GEOM-2
0
0
0
1
SHADE-2
0
0
1
SPOS
4
38 39 40 41 
SHADE_GEOM-3
0
0
0
1
SHADE-3
0
0
1
SPOS
4
42 43 44 45 
SHADE_GEOM-4
0
0
0
1
SHADE-4
0
0
1
SPOS
4
46 47 48 49 
S_SET-88_CNS_
1
0
0
1
SHADE-2
1
0
1
65
1
S_SET-90_CNS_
1
0
0
1
SHADE-1
1
0
1
56
1
S_SET-92_CNS_
1
0
0
1
SHADE-4
1
0
1
83
1
S_SET-94_CNS_
1
0
0
1
SHADE-3
1
0
1
74
1
_PICKEDSET106_CNS_
1
0
0
1
SMA_BEAM-2
1
0
1
153
1
_PICKEDSET108_CNS_
1
0
0
1
SMA_BEAM-4
1
0
1
215
1
_PICKEDSET110_CNS_
1
0
0
1
SMA_BEAM-6
1
0
1
277
1
_PICKEDSET112_CNS_
1
0
0
1
SMA_BEAM-8
1
0
1
339
1
_PICKEDSET62_CNS_
1
0
0
1
CF_BEAM-1
1
0
1
8
1
_PICKEDSET63_CNS_
1
0
0
1
CF_BEAM-2
1
0
1
32
1
_PICKEDSET64_CNS_
1
0
0
1
CF_BEAM-2
1
0
1
32
1
_PICKEDSET65_CNS_
1
0
0
1
CF_BEAM-3
1
0
1
35
1
_PICKEDSET66_CNS_
1
0
0
1
CF_BEAM-3
1
0
1
35
1
_PICKEDSET67_CNS_
1
0
0
1
CF_BEAM-4
1
0
1
38
1
_PICKEDSET76_CNS_
1
0
0
1
SMA_BEAM-2
1
0
1
151
1
_PICKEDSET78_CNS_
1
0
0
1
SMA_BEAM-4
1
0
1
213
1
_PICKEDSET80_CNS_
1
0
0
1
SMA_BEAM-6
1
0
1
275
1
_PICKEDSET82_CNS_
1
0
0
1
SMA_BEAM-8
1
0
1
337
1
_PICKEDSET92_CNS_
1
0
0
1
CF_BEAM-9
1
0
1
53
1
_PICKEDSET93_CNS_
1
0
0
1
CF_BEAM-10
1
0
1
11
1
_PICKEDSET94_CNS_
1
0
0
1
CF_BEAM-10
1
0
1
11
1
_PICKEDSET95_CNS_
1
0
0
1
CF_BEAM-11
1
0
1
14
1
_PICKEDSET96_CNS_
1
0
0
1
CF_BEAM-11
1
0
1
14
1
_PICKEDSET97_CNS_
1
0
0
1
CF_BEAM-12
1
0
1
17
1
