Analysis initiated from SIMULIA established products
Abaqus JOB SMAHeatTransient_prep
Abaqus 2025
Abaqus License Manager checked out the following licenses:
Abaqus/Standard checked out 5 tokens from Flexnet server hprc-license.tamu.edu.
<154 out of 443 licenses remain available>.
Begin Analysis Input File Processor
7/24/2026 3:55:31 PM
Run pre.exe
7/24/2026 3:55:35 PM
End Analysis Input File Processor
Begin Abaqus/Standard Analysis
7/24/2026 3:55:35 PM
Run standard.exe
7/24/2026 3:55:56 PM
End Abaqus/Standard Analysis
Begin SIM Wrap-up
7/24/2026 3:55:57 PM
Run SMASimUtility.exe
7/24/2026 3:55:57 PM
End SIM Wrap-up
Abaqus JOB SMAHeatTransient_prep COMPLETED
