 Abaqus/Standard 2025                  DATE 29-Sep-2026 TIME 15:23:06
 SUMMARY OF JOB INFORMATION:
 STEP  INC ATT SEVERE EQUIL TOTAL  TOTAL      STEP       INC OF       DOF    IF
               DISCON ITERS ITERS  TIME/    TIME/LPF    TIME/LPF    MONITOR RIKS
               ITERS               FREQ
  16     1   1     3     1     4  363.       0.100      0.1000    
  16     2   1     1     0     1  363.       0.200      0.1000    
  16     3   1     1     0     1  363.       0.300      0.1000    
  16     4   1     1     0     1  363.       0.450      0.1500    
  16     5   1     1     0     1  364.       0.675      0.2250    
  16     6   1     1     0     1  364.       1.01       0.3375    
  16     7   1     1     0     1  365.       1.52       0.5063    
  16     8   1     2     0     2  365.       2.28       0.7594    
  16     9   1     2     0     2  366.       3.42       1.139     
  16    10   1     2     0     2  368.       5.13       1.709     
  16    11   1     2     0     2  371.       7.69       2.563     
  16    12   1     2     0     2  375.       11.5       3.844     
  16    13   1     2     0     2  380.       16.5       5.000     
  16    14   1     2     0     2  385.       21.5       5.000     
  16    15   1     2     0     2  390.       26.5       5.000     
  16    16   1     2     0     2  393.       30.0       3.467     
                          
 THE ANALYSIS HAS COMPLETED SUCCESSFULLY
