1
0
1
ASSEMBLY
1
SMAStrip (Nitinol)
SMAStrip (Nitinol)
1
SMAStrip (Nitinol)
14
-2147483646
0
48 1 16 5 0 1 0 -1 -1 1370 1 -1879048189 1 1370 
14
48 1 16 5 0 1 0 -1 -1 1370 1 -1879048189 1 1370 
0
1
SMAStrip (Nitinol)
14
-2147483646
0
48 1 16 5 0 1 0 -1 -1 1276 1 -1879048189 1 1276 
14
48 1 16 5 0 1 0 -1 -1 1276 1 -1879048189 1 1276 
0
3
FIXED-SET
0
1
0
1
SMAStrip (Nitinol)
10
124 126 311 312 313 986 1026 1118 1175 1235 
0
SET-TEMP
0
1
0
1
SMAStrip (Nitinol)
14
-2147483647
48 1 16 5 0 1 0 -1 -1 1276 1 -1879048189 1 1276 
0
_ALL-SURFACES_SPOS
0
2
0
1
SMAStrip (Nitinol)
14
-2147483647
48 1 16 5 0 1 0 -1 -1 1276 1 -1879048189 1 1276 
0
1
SMAStrip (Nitinol)
1
SET-1
0
1
14
-2147483647
48 1 16 5 0 1 0 -1 -1 1276 1 -1879048189 1 1276 
0
0
0
2
FIXED-SET
0
1
0
1
SMAStrip (Nitinol)
11
68 69 70 71 72 73 74 75 76 1143 1144 
0
SET-TEMP
0
1
0
1
SMAStrip (Nitinol)
14
-2147483647
48 1 16 5 0 1 0 -1 -1 1370 1 -1879048189 1 1370 
0
1
SMAStrip (Nitinol)
1
SET-1
0
1
14
-2147483647
48 1 16 5 0 1 0 -1 -1 1370 1 -1879048189 1 1370 
0
0
0
0
1
ALL-SURFACES
0
0
0
1
SMAStrip (Nitinol)
0
0
1
SPOS
14
-2147483647
48 1 16 5 0 1 0 -1 -1 1276 1 -1879048189 1 1276 
