 Abaqus/Standard 2025                  DATE 29-Sep-2026 TIME 15:17:44
 SUMMARY OF JOB INFORMATION:
 STEP  INC ATT SEVERE EQUIL TOTAL  TOTAL      STEP       INC OF       DOF    IF
               DISCON ITERS ITERS  TIME/    TIME/LPF    TIME/LPF    MONITOR RIKS
               ITERS               FREQ
   6     1   1     1     0     1  63.1       0.100      0.1000    
   6     2   1     1     0     1  63.2       0.200      0.1000    
   6     3   1     0     1     1  63.3       0.300      0.1000    
   6     4   1     0     1     1  63.5       0.500      0.2000    
   6     5   1     1     0     1  63.9       0.900      0.4000    
   6     6   1     1     0     1  64.5       1.50       0.6000    
   6     7   1     1     0     1  65.4       2.40       0.9000    
   6     8   1     1     0     1  66.8       3.75       1.350     
   6     9   1     1     0     1  68.8       5.78       2.025     
   6    10   1     2     0     2  71.8       8.81       3.038     
   6    11   1U    2     1     3  71.8       8.81       4.556     
   6    11   2     6     0     6  73.0       9.95       1.139     
   6    12   1     9     0     9  74.7       11.7       1.709     
   6    13   1     8     0     8  77.2       14.2       2.563     
   6    14   1     9     1    10  81.1       18.1       3.844     
   6    15   1    11     0    11  86.1       23.1       5.000     
   6    16   1U    8     0     8  86.1       23.1       5.000     
   6    16   2     6     1     7  87.3       24.3       1.250     
   6    17   1     8     0     8  89.2       26.2       1.875     
   6    18   1     7     1     8  92.0       29.0       2.812     
   6    19   1     6     1     7  93.0       30.0       0.9951    
                          
 THE ANALYSIS HAS COMPLETED SUCCESSFULLY
