1
0
1
ASSEMBLY
1
SMAStrip (Nitinol)
SMAStrip (Nitinol)
1
SMAStrip (Nitinol)
14
-2147483646
0
48 1 16 5 0 1 0 -1 -1 1435 1 -1879048189 1 1435 
14
48 1 16 5 0 1 0 -1 -1 1435 1 -1879048189 1 1435 
0
1
SMAStrip (Nitinol)
14
-2147483646
0
48 1 16 5 0 1 0 -1 -1 1343 1 -1879048189 1 1343 
14
48 1 16 5 0 1 0 -1 -1 1343 1 -1879048189 1 1343 
0
3
FIXED-SET
0
1
0
1
SMAStrip (Nitinol)
9
30 38 612 613 621 625 628 630 1229 
0
SET-TEMP
0
1
0
1
SMAStrip (Nitinol)
14
-2147483647
48 1 16 5 0 1 0 -1 -1 1343 1 -1879048189 1 1343 
0
_ALL-SURFACES_SPOS
0
2
0
1
SMAStrip (Nitinol)
14
-2147483647
48 1 16 5 0 1 0 -1 -1 1343 1 -1879048189 1 1343 
0
1
SMAStrip (Nitinol)
1
SET-1
0
1
14
-2147483647
48 1 16 5 0 1 0 -1 -1 1343 1 -1879048189 1 1343 
0
0
0
2
FIXED-SET
0
1
0
1
SMAStrip (Nitinol)
10
67 143 144 145 146 147 148 149 150 151 
0
SET-TEMP
0
1
0
1
SMAStrip (Nitinol)
14
-2147483647
48 1 16 5 0 1 0 -1 -1 1435 1 -1879048189 1 1435 
0
1
SMAStrip (Nitinol)
1
SET-1
0
1
14
-2147483647
48 1 16 5 0 1 0 -1 -1 1435 1 -1879048189 1 1435 
0
0
0
0
1
ALL-SURFACES
0
0
0
1
SMAStrip (Nitinol)
0
0
1
SPOS
14
-2147483647
48 1 16 5 0 1 0 -1 -1 1343 1 -1879048189 1 1343 
