 Abaqus/Standard 2025                  DATE 29-Sep-2026 TIME 15:20:30
 SUMMARY OF JOB INFORMATION:
 STEP  INC ATT SEVERE EQUIL TOTAL  TOTAL      STEP       INC OF       DOF    IF
               DISCON ITERS ITERS  TIME/    TIME/LPF    TIME/LPF    MONITOR RIKS
               ITERS               FREQ
  11     1   1     2     1     3  213.       0.100      0.1000    
  11     2   1     1     0     1  213.       0.200      0.1000    
  11     3   1     1     0     1  213.       0.300      0.1000    
  11     4   1     1     0     1  213.       0.450      0.1500    
  11     5   1     1     0     1  214.       0.675      0.2250    
  11     6   1     1     0     1  214.       1.01       0.3375    
  11     7   1     1     0     1  215.       1.52       0.5063    
  11     8   1     1     0     1  215.       2.28       0.7594    
  11     9   1     1     0     1  216.       3.42       1.139     
  11    10   1     2     0     2  218.       5.13       1.709     
  11    11   1     2     0     2  221.       7.69       2.563     
  11    12   1     2     0     2  225.       11.5       3.844     
  11    13   1     2     0     2  230.       16.5       5.000     
  11    14   1     2     0     2  235.       21.5       5.000     
  11    15   1     2     0     2  240.       26.5       5.000     
  11    16   1     2     0     2  243.       30.0       3.467     
                          
 THE ANALYSIS HAS COMPLETED SUCCESSFULLY
