Analysis initiated from SIMULIA established products
Abaqus JOB SMAHeatTransient_16
Abaqus 2025
Abaqus License Manager checked out the following licenses:
Abaqus/Standard checked out 5 tokens from Flexnet server hprc-license.tamu.edu.
<307 out of 320 licenses remain available>.
Begin Analysis Input File Processor
5/5/2026 3:38:46 AM
Run pre.exe
5/5/2026 3:38:48 AM
End Analysis Input File Processor
Begin Abaqus/Standard Analysis
5/5/2026 3:38:48 AM
Run standard.exe
5/5/2026 3:38:57 AM
End Abaqus/Standard Analysis
Begin SIM Wrap-up
5/5/2026 3:38:58 AM
Run SMASimUtility.exe
5/5/2026 3:38:58 AM
End SIM Wrap-up
Abaqus JOB SMAHeatTransient_16 COMPLETED
