 Abaqus/Standard 2025                  DATE 29-Sep-2026 TIME 15:19:26
 SUMMARY OF JOB INFORMATION:
 STEP  INC ATT SEVERE EQUIL TOTAL  TOTAL      STEP       INC OF       DOF    IF
               DISCON ITERS ITERS  TIME/    TIME/LPF    TIME/LPF    MONITOR RIKS
               ITERS               FREQ
   9     1   1     3     0     3  153.       0.100      0.1000    
   9     2   1     2     0     2  153.       0.200      0.1000    
   9     3   1     2     0     2  153.       0.300      0.1000    
   9     4   1     2     0     2  153.       0.450      0.1500    
   9     5   1     1     0     1  154.       0.675      0.2250    
   9     6   1     2     0     2  154.       1.01       0.3375    
   9     7   1     2     0     2  155.       1.52       0.5063    
   9     8   1     1     0     1  155.       2.28       0.7594    
   9     9   1     2     0     2  156.       3.42       1.139     
   9    10   1     2     0     2  158.       5.13       1.709     
   9    11   1     2     0     2  161.       7.69       2.563     
   9    12   1     2     0     2  165.       11.5       3.844     
   9    13   1     2     0     2  170.       16.5       5.000     
   9    14   1     7     0     7  175.       21.5       5.000     
   9    15   1     3     1     4  178.       25.3       3.750     
   9    16   1     4     0     4  182.       29.0       3.750     
   9    17   1     2     0     2  183.       30.0       0.9670    
                          
 THE ANALYSIS HAS COMPLETED SUCCESSFULLY
