1
0
1
ASSEMBLY
1
SMAStrip (Nitinol)
SMAStrip (Nitinol)
1
SMAStrip (Nitinol)
14
-2147483646
0
48 1 16 5 0 1 0 -1 -1 1463 1 -1879048189 1 1463 
14
48 1 16 5 0 1 0 -1 -1 1463 1 -1879048189 1 1463 
0
1
SMAStrip (Nitinol)
14
-2147483646
0
48 1 16 5 0 1 0 -1 -1 1369 1 -1879048189 1 1369 
14
48 1 16 5 0 1 0 -1 -1 1369 1 -1879048189 1 1369 
0
3
FIXED-SET
0
1
0
1
SMAStrip (Nitinol)
10
35 36 37 38 39 40 769 770 947 1317 
0
SET-TEMP
0
1
0
1
SMAStrip (Nitinol)
14
-2147483647
48 1 16 5 0 1 0 -1 -1 1369 1 -1879048189 1 1369 
0
_ALL-SURFACES_SPOS
0
2
0
1
SMAStrip (Nitinol)
14
-2147483647
48 1 16 5 0 1 0 -1 -1 1369 1 -1879048189 1 1369 
0
1
SMAStrip (Nitinol)
1
SET-1
0
1
14
-2147483647
48 1 16 5 0 1 0 -1 -1 1369 1 -1879048189 1 1369 
0
0
0
2
FIXED-SET
0
1
0
1
SMAStrip (Nitinol)
11
1 2 3 4 5 147 148 149 150 1122 1191 
0
SET-TEMP
0
1
0
1
SMAStrip (Nitinol)
14
-2147483647
48 1 16 5 0 1 0 -1 -1 1463 1 -1879048189 1 1463 
0
1
SMAStrip (Nitinol)
1
SET-1
0
1
14
-2147483647
48 1 16 5 0 1 0 -1 -1 1463 1 -1879048189 1 1463 
0
0
0
0
1
ALL-SURFACES
0
0
0
1
SMAStrip (Nitinol)
0
0
1
SPOS
14
-2147483647
48 1 16 5 0 1 0 -1 -1 1369 1 -1879048189 1 1369 
