 Abaqus/Standard 2025                  DATE 29-Sep-2026 TIME 15:21:32
 SUMMARY OF JOB INFORMATION:
 STEP  INC ATT SEVERE EQUIL TOTAL  TOTAL      STEP       INC OF       DOF    IF
               DISCON ITERS ITERS  TIME/    TIME/LPF    TIME/LPF    MONITOR RIKS
               ITERS               FREQ
  13     1   1     2     1     3  273.       0.100      0.1000    
  13     2   1     2     0     2  273.       0.200      0.1000    
  13     3   1     2     0     2  273.       0.300      0.1000    
  13     4   1     2     0     2  273.       0.450      0.1500    
  13     5   1     1     1     2  274.       0.675      0.2250    
  13     6   1     2     0     2  274.       1.01       0.3375    
  13     7   1     2     0     2  275.       1.52       0.5063    
  13     8   1     2     0     2  275.       2.28       0.7594    
  13     9   1     2     0     2  276.       3.42       1.139     
  13    10   1     1     1     2  278.       5.13       1.709     
  13    11   1     3     0     3  282.       8.54       3.417     
  13    12   1     4     0     4  287.       13.5       5.000     
  13    13   1     5     0     5  292.       18.5       5.000     
  13    14   1     2     0     2  297.       23.5       5.000     
  13    15   1     2     0     2  302.       28.5       5.000     
  13    16   1     2     0     2  303.       30.0       1.457     
                          
 THE ANALYSIS HAS COMPLETED SUCCESSFULLY
