 Abaqus/Standard 2025                  DATE 29-Sep-2026 TIME 15:18:53
 SUMMARY OF JOB INFORMATION:
 STEP  INC ATT SEVERE EQUIL TOTAL  TOTAL      STEP       INC OF       DOF    IF
               DISCON ITERS ITERS  TIME/    TIME/LPF    TIME/LPF    MONITOR RIKS
               ITERS               FREQ
   8     1   1     2     0     2  123.       0.100      0.1000    
   8     2   1     2     0     2  123.       0.200      0.1000    
   8     3   1     2     0     2  123.       0.300      0.1000    
   8     4   1     2     0     2  123.       0.450      0.1500    
   8     5   1     2     0     2  124.       0.675      0.2250    
   8     6   1     2     0     2  124.       1.01       0.3375    
   8     7   1     2     0     2  125.       1.52       0.5063    
   8     8   1     5     0     5  125.       2.28       0.7594    
   8     9   1     5     2     7  126.       3.42       1.139     
   8    10   1     5     2     7  129.       5.70       2.278     
   8    11   1     6     2     8  132.       9.11       3.417     
   8    12   1     8     1     9  137.       14.1       5.000     
   8    13   1    12     0    12  142.       19.1       5.000     
   8    14   1     9     2    11  147.       24.1       5.000     
   8    15   1     6     0     6  152.       29.1       5.000     
   8    16   1     2     0     2  153.       30.0       0.8875    
                          
 THE ANALYSIS HAS COMPLETED SUCCESSFULLY
