1
0
1
ASSEMBLY
1
SMAStrip (Nitinol)
SMAStrip (Nitinol)
1
SMAStrip (Nitinol)
14
-2147483646
0
48 1 16 5 0 1 0 -1 -1 1438 1 -1879048189 1 1438 
14
48 1 16 5 0 1 0 -1 -1 1438 1 -1879048189 1 1438 
0
1
SMAStrip (Nitinol)
14
-2147483646
0
48 1 16 5 0 1 0 -1 -1 1346 1 -1879048189 1 1346 
14
48 1 16 5 0 1 0 -1 -1 1346 1 -1879048189 1 1346 
0
3
FIXED-SET
0
1
0
1
SMAStrip (Nitinol)
10
42 43 47 553 554 555 556 1288 1293 1296 
0
SET-TEMP
0
1
0
1
SMAStrip (Nitinol)
14
-2147483647
48 1 16 5 0 1 0 -1 -1 1346 1 -1879048189 1 1346 
0
_ALL-SURFACES_SPOS
0
2
0
1
SMAStrip (Nitinol)
14
-2147483647
48 1 16 5 0 1 0 -1 -1 1346 1 -1879048189 1 1346 
0
1
SMAStrip (Nitinol)
1
SET-1
0
1
14
-2147483647
48 1 16 5 0 1 0 -1 -1 1346 1 -1879048189 1 1346 
0
0
0
2
FIXED-SET
0
1
0
1
SMAStrip (Nitinol)
11
1 2 3 4 5 6 7 149 150 151 1141 
0
SET-TEMP
0
1
0
1
SMAStrip (Nitinol)
14
-2147483647
48 1 16 5 0 1 0 -1 -1 1438 1 -1879048189 1 1438 
0
1
SMAStrip (Nitinol)
1
SET-1
0
1
14
-2147483647
48 1 16 5 0 1 0 -1 -1 1438 1 -1879048189 1 1438 
0
0
0
0
1
ALL-SURFACES
0
0
0
1
SMAStrip (Nitinol)
0
0
1
SPOS
14
-2147483647
48 1 16 5 0 1 0 -1 -1 1346 1 -1879048189 1 1346 
