 Abaqus/Standard 2025                  DATE 29-Sep-2026 TIME 15:25:13
 SUMMARY OF JOB INFORMATION:
 STEP  INC ATT SEVERE EQUIL TOTAL  TOTAL      STEP       INC OF       DOF    IF
               DISCON ITERS ITERS  TIME/    TIME/LPF    TIME/LPF    MONITOR RIKS
               ITERS               FREQ
  20     1   1     3     1     4  483.       0.100      0.1000    
  20     2   1     2     0     2  483.       0.200      0.1000    
  20     3   1     1     0     1  483.       0.300      0.1000    
  20     4   1     0     1     1  483.       0.450      0.1500    
  20     5   1     2     0     2  484.       0.750      0.3000    
  20     6   1     1     0     1  484.       1.20       0.4500    
  20     7   1     2     0     2  485.       1.88       0.6750    
  20     8   1     2     0     2  486.       2.89       1.013     
  20     9   1     2     0     2  487.       4.41       1.519     
  20    10   1     2     0     2  490.       6.68       2.278     
  20    11   1     2     0     2  493.       10.1       3.417     
  20    12   1     3     0     3  498.       15.1       5.000     
  20    13   1     4     0     4  503.       20.1       5.000     
  20    14   1     2     0     2  508.       25.1       5.000     
  20    15   1     2     0     2  513.       30.0       4.898     
                          
 THE ANALYSIS HAS COMPLETED SUCCESSFULLY
